To honour the JVM settings for this build a single-use Daemon process will be forked. For more on this, please refer to https://docs.gradle.org/8.13/userguide/gradle_daemon.html#sec:disabling_the_daemon in the Gradle documentation.
Daemon will be stopped at the end of the build 
Configuration on demand is an incubating feature.
> Task :buildSrc:checkKotlinGradlePluginConfigurationErrors SKIPPED
> Task :buildSrc:compileKotlin UP-TO-DATE
> Task :buildSrc:compileJava NO-SOURCE
> Task :buildSrc:compileGroovy NO-SOURCE
> Task :buildSrc:pluginDescriptors UP-TO-DATE
> Task :buildSrc:processResources NO-SOURCE
> Task :buildSrc:classes UP-TO-DATE
> Task :buildSrc:jar UP-TO-DATE
> Task :CleverFerret:clean UP-TO-DATE
> Task :CleverFerret:preBuild UP-TO-DATE
> Task :CleverFerret:preDebugBuild UP-TO-DATE
> Task :CleverFerret:mergeDebugNativeDebugMetadata NO-SOURCE
> Task :CleverFerret:checkKotlinGradlePluginConfigurationErrors SKIPPED

> Task :CleverFerret:checkDebugAarMetadata
WARNING: [Processor] Library '/home/ubuntu/.gradle/caches/modules-2/files-2.1/androidx.media3/media3-session/1.8.0/e28b8a1b7941dd4c4da264d5e622274e7c8e6488/media3-session-1.8.0.aar' contains references to both AndroidX and old support library. This seems like the library is partially migrated. Jetifier will try to rewrite the library anyway.
 Example of androidX reference: 'androidx/media3/session/legacy/LegacyParcelableUtil'
 Example of support library reference: 'android/support/v4/media/MediaDescriptionCompat'
WARNING: [Processor] Library '/home/ubuntu/.gradle/caches/modules-2/files-2.1/com.google.android.gms/play-services-cast-framework/22.1.0/f4b736d76e8129033d3e7f67ecd662e9ae1b0746/play-services-cast-framework-22.1.0.aar' contains references to both AndroidX and old support library. This seems like the library is partially migrated. Jetifier will try to rewrite the library anyway.
 Example of androidX reference: 'androidx/annotation/Nullable'
 Example of support library reference: 'android/support/v4/media/session/MediaSessionCompat$Token'

> Task :CleverFerret:processDebugNavigationResources
> Task :CleverFerret:generateDebugResValues
> Task :CleverFerret:compileDebugNavigationResources
> Task :CleverFerret:mapDebugSourceSetPaths
> Task :CleverFerret:generateDebugResources
> Task :CleverFerret:packageDebugResources
> Task :CleverFerret:createDebugCompatibleScreenManifests
> Task :CleverFerret:extractDeepLinksDebug
> Task :CleverFerret:parseDebugLocalResources
> Task :CleverFerret:mergeDebugResources
> Task :CleverFerret:processDebugMainManifest
> Task :CleverFerret:processDebugManifest
> Task :CleverFerret:processDebugManifestForPackage
> Task :CleverFerret:javaPreCompileDebug
> Task :CleverFerret:mergeDebugShaders
> Task :CleverFerret:compileDebugShaders NO-SOURCE
> Task :CleverFerret:generateDebugAssets UP-TO-DATE
> Task :CleverFerret:mergeDebugAssets
> Task :CleverFerret:compressDebugAssets
> Task :CleverFerret:processDebugResources
> Task :CleverFerret:l8DexDesugarLibDebug
> Task :CleverFerret:checkDebugDuplicateClasses
> Task :CleverFerret:desugarDebugFileDependencies
> Task :CleverFerret:kspDebugKotlin
> Task :CleverFerret:mergeExtDexDebug

> Task :CleverFerret:kspDebugKotlin
w: [ksp] /workspace/CleverFerret/src/main/java/com/universalmedialibrary/data/local/dao/UnifiedTagDao.kt:182: The query returns some columns [itemCount] which are not used by com.universalmedialibrary.`data`.local.entity.UnifiedTag. You can use @ColumnInfo annotation on the properties to specify the mapping. You can annotate the function with @RewriteQueriesToDropUnusedColumns to direct Room to rewrite your query to avoid fetching unused columns.  You can suppress this warning by annotating the function with @SuppressWarnings(RoomWarnings.QUERY_MISMATCH). Columns returned by the query: tagId, name, type, color, description, createdAt, lastUsed, usageCount, externalId, itemCount.

> Task :CleverFerret:mergeLibDexDebug
> Task :CleverFerret:mergeDebugJniLibFolders
> Task :CleverFerret:mergeDebugNativeLibs
> Task :CleverFerret:validateSigningDebug
> Task :CleverFerret:writeDebugAppMetadata
> Task :CleverFerret:writeDebugSigningConfigVersions

> Task :CleverFerret:stripDebugDebugSymbols
Unable to strip the following libraries, packaging them as they are: libandroidx.graphics.path.so, libdatastore_shared_counter.so. Run with --info option to learn more.

> Task :CleverFerret:compileDebugKotlin
e: file:///workspace/CleverFerret/src/main/java/com/universalmedialibrary/data/repository/MediaServerRepository.kt:55:63 Unresolved reference 'username'.
e: file:///workspace/CleverFerret/src/main/java/com/universalmedialibrary/data/repository/MediaServerRepository.kt:55:80 Unresolved reference 'password'.
e: file:///workspace/CleverFerret/src/main/java/com/universalmedialibrary/data/repository/MediaServerRepository.kt:61:30 Unresolved reference 'getAll'.
e: file:///workspace/CleverFerret/src/main/java/com/universalmedialibrary/data/repository/MediaServerRepository.kt:65:30 Unresolved reference 'getById'.
e: file:///workspace/CleverFerret/src/main/java/com/universalmedialibrary/data/repository/MediaServerRepository.kt:69:30 Unresolved reference 'insert'.
e: file:///workspace/CleverFerret/src/main/java/com/universalmedialibrary/data/repository/MediaServerRepository.kt:73:23 Unresolved reference 'update'.
e: file:///workspace/CleverFerret/src/main/java/com/universalmedialibrary/data/repository/MediaServerRepository.kt:77:23 Unresolved reference 'delete'.
e: file:///workspace/CleverFerret/src/main/java/com/universalmedialibrary/data/repository/MediaServerRepository.kt:81:23 Unresolved reference 'deleteById'.
e: file:///workspace/CleverFerret/src/main/java/com/universalmedialibrary/services/epub/EpubReaderService.kt:412:12 Redeclaration:
data class TocItem : Any
e: file:///workspace/CleverFerret/src/main/java/com/universalmedialibrary/services/epub/EpubReaderService.kt:449:12 Redeclaration:
data class EpubMetadata : Any
e: file:///workspace/CleverFerret/src/main/java/com/universalmedialibrary/services/epub/ReadiumAudiobookService.kt:14:32 Unresolved reference 'Streamer'.
e: file:///workspace/CleverFerret/src/main/java/com/universalmedialibrary/services/epub/ReadiumAudiobookService.kt:46:29 Cannot infer type for this parameter. Please specify it explicitly.
e: file:///workspace/CleverFerret/src/main/java/com/universalmedialibrary/services/epub/ReadiumAudiobookService.kt:46:29 Not enough information to infer type argument for 'T'.
e: file:///workspace/CleverFerret/src/main/java/com/universalmedialibrary/services/epub/ReadiumAudiobookService.kt:46:29 Cannot infer type for this parameter. Please specify it explicitly.
e: file:///workspace/CleverFerret/src/main/java/com/universalmedialibrary/services/epub/ReadiumAudiobookService.kt:46:29 Property delegate must have a 'getValue(ReadiumAudiobookService, KProperty1<ReadiumAudiobookService, ERROR CLASS: Cannot infer argument for type parameter T>)' method. None of the following functions is applicable:
fun <T> Lazy<T>.getValue(thisRef: Any?, property: KProperty<*>): T
e: file:///workspace/CleverFerret/src/main/java/com/universalmedialibrary/services/epub/ReadiumAudiobookService.kt:46:29 Not enough information to infer type argument for 'T'.
e: file:///workspace/CleverFerret/src/main/java/com/universalmedialibrary/services/epub/ReadiumAudiobookService.kt:46:34 Cannot infer type for this parameter. Please specify it explicitly.
e: file:///workspace/CleverFerret/src/main/java/com/universalmedialibrary/services/epub/ReadiumAudiobookService.kt:47:9 Unresolved reference 'Streamer'.
e: file:///workspace/CleverFerret/src/main/java/com/universalmedialibrary/services/epub/ReadiumAudiobookService.kt:49:30 Cannot access 'constructor(assetSniffer: AssetSniffer, resourceFactory: ResourceFactory, archiveOpener: ArchiveOpener): AssetRetriever': it is private in 'org/readium/r2/shared/util/asset/AssetRetriever'.
e: file:///workspace/CleverFerret/src/main/java/com/universalmedialibrary/services/epub/ReadiumAudiobookService.kt:82:34 Unresolved reference 'assetRetriever'.
e: file:///workspace/CleverFerret/src/main/java/com/universalmedialibrary/services/epub/ReadiumAudiobookService.kt:83:27 2 type arguments expected. Use class 'Success' if you don't intend to pass type arguments.
e: file:///workspace/CleverFerret/src/main/java/com/universalmedialibrary/services/epub/ReadiumAudiobookService.kt:88:40 Unresolved reference 'open'.
e: file:///workspace/CleverFerret/src/main/java/com/universalmedialibrary/services/epub/ReadiumAudiobookService.kt:89:33 2 type arguments expected. Use class 'Success' if you don't intend to pass type arguments.
e: file:///workspace/CleverFerret/src/main/java/com/universalmedialibrary/services/epub/ReadiumAudiobookService.kt:117:38 Unresolved reference 'publisher'.
e: file:///workspace/CleverFerret/src/main/java/com/universalmedialibrary/services/epub/ReadiumAudiobookService.kt:144:41 Unresolved reference 'coverLink'.
e: file:///workspace/CleverFerret/src/main/java/com/universalmedialibrary/services/epub/ReadiumAudiobookService.kt:146:58 Unresolved reference 'url'.
e: file:///workspace/CleverFerret/src/main/java/com/universalmedialibrary/services/epub/ReadiumAudiobookService.kt:147:17 Argument type mismatch: actual type is 'K', but 'K' was expected.
e: file:///workspace/CleverFerret/src/main/java/com/universalmedialibrary/services/epub/ReadiumAudiobookService.kt:147:33 2 type arguments expected. Use class 'Success' if you don't intend to pass type arguments.
e: file:///workspace/CleverFerret/src/main/java/com/universalmedialibrary/services/epub/ReadiumAudiobookService.kt:148:42 Unresolved reference 'value'.
e: file:///workspace/CleverFerret/src/main/java/com/universalmedialibrary/services/epub/ReadiumAudiobookService.kt:149:21 Argument type mismatch: actual type is 'R?', but 'K' was expected.
e: file:///workspace/CleverFerret/src/main/java/com/universalmedialibrary/services/epub/ReadiumAudiobookService.kt:149:28 Cannot infer type for this parameter. Please specify it explicitly.
e: file:///workspace/CleverFerret/src/main/java/com/universalmedialibrary/services/epub/ReadiumAudiobookService.kt:149:28 Unresolved reference. None of the following candidates is applicable because of a receiver type mismatch:
fun <T, R> T.let(block: (T) -> R): R
    [R|Contract description]
     <
        CallsInPlace(block, EXACTLY_ONCE)
    >
e: file:///workspace/CleverFerret/src/main/java/com/universalmedialibrary/services/epub/ReadiumAudiobookService.kt:149:32 Cannot infer type for this parameter. Please specify it explicitly.
e: file:///workspace/CleverFerret/src/main/java/com/universalmedialibrary/services/epub/ReadiumAudiobookService.kt:149:74 Unresolved reference 'size'.
e: file:///workspace/CleverFerret/src/main/java/com/universalmedialibrary/services/epub/ReadiumAudiobookService.kt:150:24 Null cannot be a value of a non-null type 'K'.
e: file:///workspace/CleverFerret/src/main/java/com/universalmedialibrary/services/epub/ReadiumAudiobookService.kt:153:42 Unresolved reference 'images'.
e: file:///workspace/CleverFerret/src/main/java/com/universalmedialibrary/services/epub/ReadiumAudiobookService.kt:154:17 Argument type mismatch: actual type is 'K', but 'K' was expected.
e: file:///workspace/CleverFerret/src/main/java/com/universalmedialibrary/services/epub/ReadiumAudiobookService.kt:155:67 Unresolved reference 'url'.
e: file:///workspace/CleverFerret/src/main/java/com/universalmedialibrary/services/epub/ReadiumAudiobookService.kt:156:21 Argument type mismatch: actual type is 'K', but 'K' was expected.
e: file:///workspace/CleverFerret/src/main/java/com/universalmedialibrary/services/epub/ReadiumAudiobookService.kt:156:37 2 type arguments expected. Use class 'Success' if you don't intend to pass type arguments.
e: file:///workspace/CleverFerret/src/main/java/com/universalmedialibrary/services/epub/ReadiumAudiobookService.kt:157:46 Unresolved reference 'value'.
e: file:///workspace/CleverFerret/src/main/java/com/universalmedialibrary/services/epub/ReadiumAudiobookService.kt:158:25 Argument type mismatch: actual type is 'R?', but 'K' was expected.
e: file:///workspace/CleverFerret/src/main/java/com/universalmedialibrary/services/epub/ReadiumAudiobookService.kt:158:32 Cannot infer type for this parameter. Please specify it explicitly.
e: file:///workspace/CleverFerret/src/main/java/com/universalmedialibrary/services/epub/ReadiumAudiobookService.kt:158:32 Unresolved reference. None of the following candidates is applicable because of a receiver type mismatch:
fun <T, R> T.let(block: (T) -> R): R
    [R|Contract description]
     <
        CallsInPlace(block, EXACTLY_ONCE)
    >
e: file:///workspace/CleverFerret/src/main/java/com/universalmedialibrary/services/epub/ReadiumAudiobookService.kt:158:36 Cannot infer type for this parameter. Please specify it explicitly.
e: file:///workspace/CleverFerret/src/main/java/com/universalmedialibrary/services/epub/ReadiumAudiobookService.kt:158:78 Unresolved reference 'size'.
e: file:///workspace/CleverFerret/src/main/java/com/universalmedialibrary/services/epub/ReadiumAudiobookService.kt:159:28 Null cannot be a value of a non-null type 'K'.
e: file:///workspace/CleverFerret/src/main/java/com/universalmedialibrary/services/epub/ReadiumAudiobookService.kt:160:24 Null cannot be a value of a non-null type 'K'.
e: file:///workspace/CleverFerret/src/main/java/com/universalmedialibrary/services/epub/ReadiumEpubService.kt:14:32 Unresolved reference 'Streamer'.
e: file:///workspace/CleverFerret/src/main/java/com/universalmedialibrary/services/epub/ReadiumEpubService.kt:39:29 Cannot infer type for this parameter. Please specify it explicitly.
e: file:///workspace/CleverFerret/src/main/java/com/universalmedialibrary/services/epub/ReadiumEpubService.kt:39:29 Not enough information to infer type argument for 'T'.
e: file:///workspace/CleverFerret/src/main/java/com/universalmedialibrary/services/epub/ReadiumEpubService.kt:39:29 Cannot infer type for this parameter. Please specify it explicitly.
e: file:///workspace/CleverFerret/src/main/java/com/universalmedialibrary/services/epub/ReadiumEpubService.kt:39:29 Property delegate must have a 'getValue(ReadiumEpubService, KProperty1<ReadiumEpubService, ERROR CLASS: Cannot infer argument for type parameter T>)' method. None of the following functions is applicable:
fun <T> Lazy<T>.getValue(thisRef: Any?, property: KProperty<*>): T
e: file:///workspace/CleverFerret/src/main/java/com/universalmedialibrary/services/epub/ReadiumEpubService.kt:39:29 Not enough information to infer type argument for 'T'.
e: file:///workspace/CleverFerret/src/main/java/com/universalmedialibrary/services/epub/ReadiumEpubService.kt:39:34 Cannot infer type for this parameter. Please specify it explicitly.
e: file:///workspace/CleverFerret/src/main/java/com/universalmedialibrary/services/epub/ReadiumEpubService.kt:40:9 Unresolved reference 'Streamer'.
e: file:///workspace/CleverFerret/src/main/java/com/universalmedialibrary/services/epub/ReadiumEpubService.kt:42:30 Cannot access 'constructor(assetSniffer: AssetSniffer, resourceFactory: ResourceFactory, archiveOpener: ArchiveOpener): AssetRetriever': it is private in 'org/readium/r2/shared/util/asset/AssetRetriever'.
e: file:///workspace/CleverFerret/src/main/java/com/universalmedialibrary/services/epub/ReadiumEpubService.kt:64:34 Unresolved reference 'assetRetriever'.
e: file:///workspace/CleverFerret/src/main/java/com/universalmedialibrary/services/epub/ReadiumEpubService.kt:65:27 2 type arguments expected. Use class 'Success' if you don't intend to pass type arguments.
e: file:///workspace/CleverFerret/src/main/java/com/universalmedialibrary/services/epub/ReadiumEpubService.kt:70:40 Unresolved reference 'open'.
e: file:///workspace/CleverFerret/src/main/java/com/universalmedialibrary/services/epub/ReadiumEpubService.kt:71:33 2 type arguments expected. Use class 'Success' if you don't intend to pass type arguments.
e: file:///workspace/CleverFerret/src/main/java/com/universalmedialibrary/services/epub/ReadiumEpubService.kt:104:34 Unresolved reference 'assetRetriever'.
e: file:///workspace/CleverFerret/src/main/java/com/universalmedialibrary/services/epub/ReadiumEpubService.kt:105:27 2 type arguments expected. Use class 'Success' if you don't intend to pass type arguments.
e: file:///workspace/CleverFerret/src/main/java/com/universalmedialibrary/services/epub/ReadiumEpubService.kt:110:40 Unresolved reference 'open'.
e: file:///workspace/CleverFerret/src/main/java/com/universalmedialibrary/services/epub/ReadiumEpubService.kt:111:33 2 type arguments expected. Use class 'Success' if you don't intend to pass type arguments.
e: file:///workspace/CleverFerret/src/main/java/com/universalmedialibrary/services/epub/ReadiumEpubService.kt:142:34 Unresolved reference 'assetRetriever'.
e: file:///workspace/CleverFerret/src/main/java/com/universalmedialibrary/services/epub/ReadiumEpubService.kt:143:27 2 type arguments expected. Use class 'Success' if you don't intend to pass type arguments.
e: file:///workspace/CleverFerret/src/main/java/com/universalmedialibrary/services/epub/ReadiumEpubService.kt:147:40 Unresolved reference 'open'.
e: file:///workspace/CleverFerret/src/main/java/com/universalmedialibrary/services/epub/ReadiumEpubService.kt:148:33 2 type arguments expected. Use class 'Success' if you don't intend to pass type arguments.
e: file:///workspace/CleverFerret/src/main/java/com/universalmedialibrary/services/epub/ReadiumEpubService.kt:170:41 Unresolved reference 'coverLink'.
e: file:///workspace/CleverFerret/src/main/java/com/universalmedialibrary/services/epub/ReadiumEpubService.kt:174:58 Unresolved reference 'url'.
e: file:///workspace/CleverFerret/src/main/java/com/universalmedialibrary/services/epub/ReadiumEpubService.kt:175:33 2 type arguments expected. Use class 'Success' if you don't intend to pass type arguments.
e: file:///workspace/CleverFerret/src/main/java/com/universalmedialibrary/services/epub/ReadiumEpubService.kt:176:42 Unresolved reference 'value'.
e: file:///workspace/CleverFerret/src/main/java/com/universalmedialibrary/services/epub/ReadiumEpubService.kt:178:62 Argument type mismatch: actual type is 'kotlin.Any', but 'kotlin.ByteArray!' was expected.
e: file:///workspace/CleverFerret/src/main/java/com/universalmedialibrary/services/epub/ReadiumEpubService.kt:178:78 Unresolved reference 'size'.
e: file:///workspace/CleverFerret/src/main/java/com/universalmedialibrary/services/epub/ReadiumEpubService.kt:184:38 Unresolved reference 'images'.
e: file:///workspace/CleverFerret/src/main/java/com/universalmedialibrary/services/epub/ReadiumEpubService.kt:188:59 Unresolved reference 'url'.
e: file:///workspace/CleverFerret/src/main/java/com/universalmedialibrary/services/epub/ReadiumEpubService.kt:189:33 2 type arguments expected. Use class 'Success' if you don't intend to pass type arguments.
e: file:///workspace/CleverFerret/src/main/java/com/universalmedialibrary/services/epub/ReadiumEpubService.kt:190:42 Unresolved reference 'value'.
e: file:///workspace/CleverFerret/src/main/java/com/universalmedialibrary/services/epub/ReadiumEpubService.kt:192:62 Argument type mismatch: actual type is 'kotlin.Any', but 'kotlin.ByteArray!' was expected.
e: file:///workspace/CleverFerret/src/main/java/com/universalmedialibrary/services/epub/ReadiumEpubService.kt:192:78 Unresolved reference 'size'.
e: file:///workspace/CleverFerret/src/main/java/com/universalmedialibrary/services/epub/ReadiumEpubService.kt:213:34 Unresolved reference 'publisher'.
e: file:///workspace/CleverFerret/src/main/java/com/universalmedialibrary/services/epub/ReadiumEpubService.kt:214:13 No parameter with name 'publishedDate' found.
e: file:///workspace/CleverFerret/src/main/java/com/universalmedialibrary/services/epub/ReadiumEpubService.kt:215:27 Argument type mismatch: actual type is 'kotlin.String?', but 'kotlin.String' was expected.
e: file:///workspace/CleverFerret/src/main/java/com/universalmedialibrary/services/epub/ReadiumEpubService.kt:216:13 No parameter with name 'subjects' found.
e: file:///workspace/CleverFerret/src/main/java/com/universalmedialibrary/services/epub/ReadiumEpubService.kt:217:24 Argument type mismatch: actual type is 'kotlin.String?', but 'kotlin.String' was expected.
e: file:///workspace/CleverFerret/src/main/java/com/universalmedialibrary/services/epub/ReadiumEpubService.kt:218:13 No parameter with name 'identifier' found.
e: file:///workspace/CleverFerret/src/main/java/com/universalmedialibrary/services/epub/ReadiumEpubService.kt:219:13 No parameter with name 'rights' found.
e: file:///workspace/CleverFerret/src/main/java/com/universalmedialibrary/services/epub/ReadiumEpubService.kt:219:31 Unresolved reference 'rights'.
e: file:///workspace/CleverFerret/src/main/java/com/universalmedialibrary/services/epub/ReadiumEpubService.kt:220:13 No parameter with name 'numberOfPages' found.
e: file:///workspace/CleverFerret/src/main/java/com/universalmedialibrary/services/epub/ReadiumEpubService.kt:220:13 No value passed for parameter 'publishDate'.
e: file:///workspace/CleverFerret/src/main/java/com/universalmedialibrary/services/epub/ReadiumEpubService.kt:220:13 No value passed for parameter 'isbn'.
e: file:///workspace/CleverFerret/src/main/java/com/universalmedialibrary/services/epub/ReadiumEpubService.kt:220:13 No value passed for parameter 'coverImageData'.
e: file:///workspace/CleverFerret/src/main/java/com/universalmedialibrary/services/epub/ReadiumEpubService.kt:220:41 Unresolved reference 'positions'.
e: file:///workspace/CleverFerret/src/main/java/com/universalmedialibrary/services/epub/ReadiumEpubService.kt:231:17 No parameter with name 'href' found.
e: file:///workspace/CleverFerret/src/main/java/com/universalmedialibrary/services/epub/ReadiumEpubService.kt:232:17 No parameter with name 'children' found.
e: file:///workspace/CleverFerret/src/main/java/com/universalmedialibrary/services/epub/ReadiumEpubService.kt:232:17 No value passed for parameter 'src'.
e: file:///workspace/CleverFerret/src/main/java/com/universalmedialibrary/services/epub/ReadiumEpubService.kt:235:25 No parameter with name 'href' found.
e: file:///workspace/CleverFerret/src/main/java/com/universalmedialibrary/services/epub/ReadiumEpubService.kt:235:25 No value passed for parameter 'src'.
e: file:///workspace/CleverFerret/src/main/java/com/universalmedialibrary/services/epub/ReadiumEpubService.kt:246:12 Redeclaration:
data class EpubMetadata : Any
e: file:///workspace/CleverFerret/src/main/java/com/universalmedialibrary/services/epub/ReadiumEpubService.kt:262:12 Redeclaration:
data class TocItem : Any
e: file:///workspace/CleverFerret/src/main/java/com/universalmedialibrary/services/epub/ReadiumPdfService.kt:14:32 Unresolved reference 'Streamer'.
e: file:///workspace/CleverFerret/src/main/java/com/universalmedialibrary/services/epub/ReadiumPdfService.kt:40:29 Cannot infer type for this parameter. Please specify it explicitly.
e: file:///workspace/CleverFerret/src/main/java/com/universalmedialibrary/services/epub/ReadiumPdfService.kt:40:29 Not enough information to infer type argument for 'T'.
e: file:///workspace/CleverFerret/src/main/java/com/universalmedialibrary/services/epub/ReadiumPdfService.kt:40:29 Cannot infer type for this parameter. Please specify it explicitly.
e: file:///workspace/CleverFerret/src/main/java/com/universalmedialibrary/services/epub/ReadiumPdfService.kt:40:29 Property delegate must have a 'getValue(ReadiumPdfService, KProperty1<ReadiumPdfService, ERROR CLASS: Cannot infer argument for type parameter T>)' method. None of the following functions is applicable:
fun <T> Lazy<T>.getValue(thisRef: Any?, property: KProperty<*>): T
e: file:///workspace/CleverFerret/src/main/java/com/universalmedialibrary/services/epub/ReadiumPdfService.kt:40:29 Not enough information to infer type argument for 'T'.
e: file:///workspace/CleverFerret/src/main/java/com/universalmedialibrary/services/epub/ReadiumPdfService.kt:40:34 Cannot infer type for this parameter. Please specify it explicitly.
e: file:///workspace/CleverFerret/src/main/java/com/universalmedialibrary/services/epub/ReadiumPdfService.kt:41:9 Unresolved reference 'Streamer'.
e: file:///workspace/CleverFerret/src/main/java/com/universalmedialibrary/services/epub/ReadiumPdfService.kt:43:30 Cannot access 'constructor(assetSniffer: AssetSniffer, resourceFactory: ResourceFactory, archiveOpener: ArchiveOpener): AssetRetriever': it is private in 'org/readium/r2/shared/util/asset/AssetRetriever'.
e: file:///workspace/CleverFerret/src/main/java/com/universalmedialibrary/services/epub/ReadiumPdfService.kt:64:34 Unresolved reference 'assetRetriever'.
e: file:///workspace/CleverFerret/src/main/java/com/universalmedialibrary/services/epub/ReadiumPdfService.kt:65:27 2 type arguments expected. Use class 'Success' if you don't intend to pass type arguments.
e: file:///workspace/CleverFerret/src/main/java/com/universalmedialibrary/services/epub/ReadiumPdfService.kt:70:40 Unresolved reference 'open'.
e: file:///workspace/CleverFerret/src/main/java/com/universalmedialibrary/services/epub/ReadiumPdfService.kt:71:33 2 type arguments expected. Use class 'Success' if you don't intend to pass type arguments.
e: file:///workspace/CleverFerret/src/main/java/com/universalmedialibrary/services/epub/ReadiumPdfService.kt:100:45 Unresolved reference 'positions'.
e: file:///workspace/CleverFerret/src/main/java/com/universalmedialibrary/services/epub/ReadiumPdfService.kt:126:33 2 type arguments expected. Use class 'Success' if you don't intend to pass type arguments.
e: file:///workspace/CleverFerret/src/main/java/com/universalmedialibrary/services/epub/ReadiumPdfService.kt:127:42 Unresolved reference 'value'.
e: file:///workspace/CleverFerret/src/main/java/com/universalmedialibrary/services/epub/ReadiumPdfService.kt:129:68 Argument type mismatch: actual type is 'kotlin.Any', but 'kotlin.ByteArray!' was expected.
e: file:///workspace/CleverFerret/src/main/java/com/universalmedialibrary/services/epub/ReadiumPdfService.kt:129:84 Unresolved reference 'size'.
e: file:///workspace/CleverFerret/src/main/java/com/universalmedialibrary/services/epub/ReadiumPdfService.kt:154:21 No parameter with name 'href' found.
e: file:///workspace/CleverFerret/src/main/java/com/universalmedialibrary/services/epub/ReadiumPdfService.kt:155:21 No parameter with name 'children' found.
e: file:///workspace/CleverFerret/src/main/java/com/universalmedialibrary/services/epub/ReadiumPdfService.kt:155:21 No value passed for parameter 'src'.
e: file:///workspace/CleverFerret/src/main/java/com/universalmedialibrary/services/epub/ReadiumPdfService.kt:158:29 No parameter with name 'href' found.
e: file:///workspace/CleverFerret/src/main/java/com/universalmedialibrary/services/epub/ReadiumPdfService.kt:158:29 No value passed for parameter 'src'.
e: file:///workspace/CleverFerret/src/main/java/com/universalmedialibrary/services/integration/jellyfin/JellyfinClient.kt:35:20 None of the following candidates is applicable:
constructor(optionsBuilder: JellyfinOptions.Builder): Jellyfin
constructor(options: JellyfinOptions): Jellyfin
e: file:///workspace/CleverFerret/src/main/java/com/universalmedialibrary/services/integration/jellyfin/JellyfinClient.kt:35:29 Unresolved reference 'httpClientOptions'.
e: file:///workspace/CleverFerret/src/main/java/com/universalmedialibrary/services/integration/jellyfin/JellyfinClient.kt:36:13 Unresolved reference 'context'.
e: file:///workspace/CleverFerret/src/main/java/com/universalmedialibrary/services/integration/jellyfin/JellyfinClient.kt:39:13 Unresolved reference 'clientInfo'.
e: file:///workspace/CleverFerret/src/main/java/com/universalmedialibrary/services/integration/jellyfin/JellyfinClient.kt:40:17 Unresolved reference 'name'.
e: file:///workspace/CleverFerret/src/main/java/com/universalmedialibrary/services/integration/jellyfin/JellyfinClient.kt:41:17 Unresolved reference 'version'.
e: file:///workspace/CleverFerret/src/main/java/com/universalmedialibrary/services/integration/jellyfin/JellyfinClient.kt:45:13 Unresolved reference 'httpClientOptions'.
e: file:///workspace/CleverFerret/src/main/java/com/universalmedialibrary/services/integration/jellyfin/JellyfinClient.kt:46:17 Unresolved reference 'client'.
e: file:///workspace/CleverFerret/src/main/java/com/universalmedialibrary/services/integration/jellyfin/JellyfinClient.kt:72:21 No parameter with name 'username' found.
e: file:///workspace/CleverFerret/src/main/java/com/universalmedialibrary/services/integration/jellyfin/JellyfinClient.kt:73:21 No parameter with name 'password' found.
e: file:///workspace/CleverFerret/src/main/java/com/universalmedialibrary/services/integration/jellyfin/JellyfinClient.kt:73:21 No value passed for parameter 'data'.
e: file:///workspace/CleverFerret/src/main/java/com/universalmedialibrary/services/integration/jellyfin/JellyfinClient.kt:110:9 Argument type mismatch: actual type is 'it(kotlin.Result<kotlin.String> & kotlin.Result<T>)', but 'it(kotlin.Result<kotlin.collections.List<org.jellyfin.sdk.model.api.BaseItemDto>> & kotlin.Result<T> & kotlin.Result<T>)' was expected.
e: file:///workspace/CleverFerret/src/main/java/com/universalmedialibrary/services/integration/jellyfin/JellyfinClient.kt:115:33 Unresolved reference 'userId'.
e: file:///workspace/CleverFerret/src/main/java/com/universalmedialibrary/services/integration/jellyfin/JellyfinClient.kt:119:51 Unresolved reference 'getUserViews'.
e: file:///workspace/CleverFerret/src/main/java/com/universalmedialibrary/services/integration/jellyfin/JellyfinClient.kt:120:37 Unresolved reference 'items'.
e: file:///workspace/CleverFerret/src/main/java/com/universalmedialibrary/services/integration/jellyfin/JellyfinClient.kt:145:33 Unresolved reference 'userId'.
e: file:///workspace/CleverFerret/src/main/java/com/universalmedialibrary/services/integration/jellyfin/JellyfinClient.kt:151:28 Argument type mismatch: actual type is 'kotlin.String?', but 'java.util.UUID?' was expected.
e: file:///workspace/CleverFerret/src/main/java/com/universalmedialibrary/services/integration/jellyfin/JellyfinClient.kt:182:37 Unresolved reference 'userId'.
e: file:///workspace/CleverFerret/src/main/java/com/universalmedialibrary/services/integration/jellyfin/JellyfinClient.kt:220:33 Unresolved reference 'userId'.
e: file:///workspace/CleverFerret/src/main/java/com/universalmedialibrary/services/integration/jellyfin/JellyfinClient.kt:253:37 Unresolved reference 'userId'.
e: file:///workspace/CleverFerret/src/main/java/com/universalmedialibrary/services/integration/jellyfin/JellyfinClient.kt:259:30 Argument type mismatch: actual type is 'kotlin.String', but 'java.util.UUID' was expected.
e: file:///workspace/CleverFerret/src/main/java/com/universalmedialibrary/services/integration/jellyfin/JellyfinClient.kt:277:33 Unresolved reference 'userId'.
e: file:///workspace/CleverFerret/src/main/java/com/universalmedialibrary/services/integration/jellyfin/JellyfinClient.kt:281:35 Unresolved reference 'markPlayedItem'.
e: file:///workspace/CleverFerret/src/main/java/com/universalmedialibrary/services/integration/jellyfin/JellyfinClient.kt:301:33 Unresolved reference 'userId'.
e: file:///workspace/CleverFerret/src/main/java/com/universalmedialibrary/services/integration/jellyfin/JellyfinClient.kt:305:35 Unresolved reference 'markUnplayedItem'.
e: file:///workspace/CleverFerret/src/main/java/com/universalmedialibrary/services/integration/jellyfin/JellyfinClient.kt:329:29 Unresolved reference 'userId'.
e: file:///workspace/CleverFerret/src/main/java/com/universalmedialibrary/services/metadata/MetadataServiceModels.kt:177:12 Redeclaration:
data class OMDbResponse : Any
e: file:///workspace/CleverFerret/src/main/java/com/universalmedialibrary/services/metadata/MetadataServiceModels.kt:192:12 Redeclaration:
data class NYTReviewsResponse : Any
e: file:///workspace/CleverFerret/src/main/java/com/universalmedialibrary/services/metadata/MetadataServiceModels.kt:200:12 Redeclaration:
data class NYTReview : Any
e: file:///workspace/CleverFerret/src/main/java/com/universalmedialibrary/services/metadata/MetadataServiceModels.kt:228:12 Redeclaration:
data class YouTubeSearchResponse : Any
e: file:///workspace/CleverFerret/src/main/java/com/universalmedialibrary/services/metadata/MetadataServiceModels.kt:249:12 Redeclaration:
data class YouTubeVideoId : Any
e: file:///workspace/CleverFerret/src/main/java/com/universalmedialibrary/services/metadata/MetadataServiceModels.kt:254:12 Redeclaration:
data class YouTubeSnippet : Any
e: file:///workspace/CleverFerret/src/main/java/com/universalmedialibrary/services/metadata/MetadataServiceModels.kt:263:12 Redeclaration:
data class YouTubeThumbnails : Any
e: file:///workspace/CleverFerret/src/main/java/com/universalmedialibrary/services/metadata/MetadataServiceModels.kt:269:12 Redeclaration:
data class YouTubeThumbnail : Any
e: file:///workspace/CleverFerret/src/main/java/com/universalmedialibrary/services/metadata/MovieReviewService.kt:145:41 Unresolved reference 'Ratings'.
e: file:///workspace/CleverFerret/src/main/java/com/universalmedialibrary/services/metadata/MovieReviewService.kt:145:57 Unresolved reference 'it'.
e: file:///workspace/CleverFerret/src/main/java/com/universalmedialibrary/services/metadata/MovieReviewService.kt:149:54 Unresolved reference 'Value'.
e: file:///workspace/CleverFerret/src/main/java/com/universalmedialibrary/services/metadata/MovieReviewService.kt:150:53 Unresolved reference 'Value'.
e: file:///workspace/CleverFerret/src/main/java/com/universalmedialibrary/services/metadata/MovieReviewService.kt:151:48 Unresolved reference 'Metascore'.
e: file:///workspace/CleverFerret/src/main/java/com/universalmedialibrary/services/metadata/MovieReviewService.kt:246:12 Redeclaration:
data class OMDbResponse : Any
e: file:///workspace/CleverFerret/src/main/java/com/universalmedialibrary/services/metadata/MovieReviewService.kt:261:12 Redeclaration:
data class NYTReviewsResponse : Any
e: file:///workspace/CleverFerret/src/main/java/com/universalmedialibrary/services/metadata/MovieReviewService.kt:265:12 Redeclaration:
data class NYTReview : Any
e: file:///workspace/CleverFerret/src/main/java/com/universalmedialibrary/services/metadata/MovieTrailerService.kt:200:12 Redeclaration:
data class YouTubeSearchResponse : Any
e: file:///workspace/CleverFerret/src/main/java/com/universalmedialibrary/services/metadata/MovieTrailerService.kt:209:12 Redeclaration:
data class YouTubeVideoId : Any
e: file:///workspace/CleverFerret/src/main/java/com/universalmedialibrary/services/metadata/MovieTrailerService.kt:213:12 Redeclaration:
data class YouTubeSnippet : Any
e: file:///workspace/CleverFerret/src/main/java/com/universalmedialibrary/services/metadata/MovieTrailerService.kt:218:12 Redeclaration:
data class YouTubeThumbnails : Any
e: file:///workspace/CleverFerret/src/main/java/com/universalmedialibrary/services/metadata/MovieTrailerService.kt:225:12 Redeclaration:
data class YouTubeThumbnail : Any
e: file:///workspace/CleverFerret/src/main/java/com/universalmedialibrary/services/opds/OPDSDownloadService.kt:239:34 Unresolved reference 'MediaType'.
e: file:///workspace/CleverFerret/src/main/java/com/universalmedialibrary/services/opds/OPDSDownloadService.kt:240:27 Unresolved reference 'MediaType'.
e: file:///workspace/CleverFerret/src/main/java/com/universalmedialibrary/services/opds/OPDSDownloadService.kt:241:25 Unresolved reference 'MediaType'.
e: file:///workspace/CleverFerret/src/main/java/com/universalmedialibrary/services/opds/OPDSDownloadService.kt:248:17 No parameter with name 'title' found.
e: file:///workspace/CleverFerret/src/main/java/com/universalmedialibrary/services/opds/OPDSDownloadService.kt:251:17 No parameter with name 'duration' found.
e: file:///workspace/CleverFerret/src/main/java/com/universalmedialibrary/services/opds/OPDSDownloadService.kt:255:17 No value passed for parameter 'fileExtension'.
e: file:///workspace/CleverFerret/src/main/java/com/universalmedialibrary/services/opds/OPDSDownloadService.kt:266:17 No parameter with name 'description' found.
e: file:///workspace/CleverFerret/src/main/java/com/universalmedialibrary/services/opds/OPDSDownloadService.kt:269:17 No parameter with name 'publisher' found.
e: file:///workspace/CleverFerret/src/main/java/com/universalmedialibrary/services/opds/OPDSDownloadService.kt:270:17 No parameter with name 'identifier' found.
e: file:///workspace/CleverFerret/src/main/java/com/universalmedialibrary/services/opds/OPDSDownloadService.kt:273:26 Unresolved reference 'insertMetadataCommon'.
e: file:///workspace/CleverFerret/src/main/java/com/universalmedialibrary/services/opds/OPDSService.kt:170:39 Unresolved reference 'get'.
e: file:///workspace/CleverFerret/src/main/java/com/universalmedialibrary/services/opds/OPDSService.kt:171:30 2 type arguments expected. Use class 'Success' if you don't intend to pass type arguments.
e: file:///workspace/CleverFerret/src/main/java/com/universalmedialibrary/services/opds/OPDSService.kt:176:35 Unresolved reference 'parse'.
e: file:///workspace/CleverFerret/src/main/java/com/universalmedialibrary/services/opds/OPDSService.kt:178:26 2 type arguments expected. Use class 'Success' if you don't intend to pass type arguments.
e: file:///workspace/CleverFerret/src/main/java/com/universalmedialibrary/services/opds/OPDSService.kt:183:62 Cannot infer type for this parameter. Please specify it explicitly.
e: file:///workspace/CleverFerret/src/main/java/com/universalmedialibrary/services/opds/OPDSService.kt:185:33 Unresolved reference 'metadata'.
e: file:///workspace/CleverFerret/src/main/java/com/universalmedialibrary/services/opds/OPDSService.kt:186:35 Unresolved reference 'metadata'.
e: file:///workspace/CleverFerret/src/main/java/com/universalmedialibrary/services/opds/OPDSService.kt:186:56 Unresolved reference 'name'.
e: file:///workspace/CleverFerret/src/main/java/com/universalmedialibrary/services/opds/OPDSService.kt:186:58 Unresolved reference 'it'.
e: file:///workspace/CleverFerret/src/main/java/com/universalmedialibrary/services/opds/OPDSService.kt:187:38 Unresolved reference 'metadata'.
e: file:///workspace/CleverFerret/src/main/java/com/universalmedialibrary/services/opds/OPDSService.kt:188:37 Unresolved reference 'metadata'.
e: file:///workspace/CleverFerret/src/main/java/com/universalmedialibrary/services/opds/OPDSService.kt:189:39 Unresolved reference 'metadata'.
e: file:///workspace/CleverFerret/src/main/java/com/universalmedialibrary/services/opds/OPDSService.kt:190:36 Unresolved reference 'metadata'.
e: file:///workspace/CleverFerret/src/main/java/com/universalmedialibrary/services/opds/OPDSService.kt:191:41 Unresolved reference 'metadata'.
e: file:///workspace/CleverFerret/src/main/java/com/universalmedialibrary/services/opds/OPDSService.kt:192:36 Unresolved reference 'images'.
e: file:///workspace/CleverFerret/src/main/java/com/universalmedialibrary/services/opds/OPDSService.kt:192:58 Unresolved reference 'href'.
e: file:///workspace/CleverFerret/src/main/java/com/universalmedialibrary/services/opds/OPDSService.kt:193:41 Unresolved reference 'links'.
e: file:///workspace/CleverFerret/src/main/java/com/universalmedialibrary/services/opds/OPDSService.kt:193:56 Unresolved reference 'it'.
e: file:///workspace/CleverFerret/src/main/java/com/universalmedialibrary/services/opds/OPDSService.kt:194:26 Overload resolution ambiguity between candidates:
fun <R, T> Result<T>.map(transform: (@ParameterName(...) T) -> R): Result<R>
    [R|Contract description]
     <
        CallsInPlace(transform, AT_MOST_ONCE)
    >
fun <T, R> Array<out T>.map(transform: (T) -> R): List<R>
fun <R> ByteArray.map(transform: (Byte) -> R): List<R>
fun <R> ShortArray.map(transform: (Short) -> R): List<R>
fun <R> IntArray.map(transform: (Int) -> R): List<R>
fun <R> LongArray.map(transform: (Long) -> R): List<R>
fun <R> FloatArray.map(transform: (Float) -> R): List<R>
fun <R> DoubleArray.map(transform: (Double) -> R): List<R>
fun <R> BooleanArray.map(transform: (Boolean) -> R): List<R>
fun <R> CharArray.map(transform: (Char) -> R): List<R>
fun <T, R> Iterable<T>.map(transform: (T) -> R): List<R>
fun <K, V, R> Map<out K, V>.map(transform: (Map.Entry<K, V>) -> R): List<R>
fun <R> UIntArray.map(transform: (UInt) -> R): List<R>
fun <R> ULongArray.map(transform: (ULong) -> R): List<R>
fun <R> UByteArray.map(transform: (UByte) -> R): List<R>
fun <R> UShortArray.map(transform: (UShort) -> R): List<R>
fun <T, R> Sequence<T>.map(transform: (T) -> R): Sequence<R>
fun <R> CharSequence.map(transform: (Char) -> R): List<R>
e: file:///workspace/CleverFerret/src/main/java/com/universalmedialibrary/services/opds/OPDSService.kt:194:32 Cannot infer type for this parameter. Please specify it explicitly.
e: file:///workspace/CleverFerret/src/main/java/com/universalmedialibrary/services/opds/OPDSService.kt:196:44 Unresolved reference 'href'.
e: file:///workspace/CleverFerret/src/main/java/com/universalmedialibrary/services/opds/OPDSService.kt:197:45 Unresolved reference 'type'.
e: file:///workspace/CleverFerret/src/main/java/com/universalmedialibrary/services/opds/OPDSService.kt:198:46 Unresolved reference 'title'.
e: file:///workspace/CleverFerret/src/main/java/com/universalmedialibrary/services/opds/OPDSService.kt:201:43 Unresolved reference 'links'.
e: file:///workspace/CleverFerret/src/main/java/com/universalmedialibrary/services/opds/OPDSService.kt:201:59 Unresolved reference 'it'.
e: file:///workspace/CleverFerret/src/main/java/com/universalmedialibrary/services/opds/OPDSService.kt:202:26 Overload resolution ambiguity between candidates:
fun <R, T> Result<T>.map(transform: (@ParameterName(...) T) -> R): Result<R>
    [R|Contract description]
     <
        CallsInPlace(transform, AT_MOST_ONCE)
    >
fun <T, R> Array<out T>.map(transform: (T) -> R): List<R>
fun <R> ByteArray.map(transform: (Byte) -> R): List<R>
fun <R> ShortArray.map(transform: (Short) -> R): List<R>
fun <R> IntArray.map(transform: (Int) -> R): List<R>
fun <R> LongArray.map(transform: (Long) -> R): List<R>
fun <R> FloatArray.map(transform: (Float) -> R): List<R>
fun <R> DoubleArray.map(transform: (Double) -> R): List<R>
fun <R> BooleanArray.map(transform: (Boolean) -> R): List<R>
fun <R> CharArray.map(transform: (Char) -> R): List<R>
fun <T, R> Iterable<T>.map(transform: (T) -> R): List<R>
fun <K, V, R> Map<out K, V>.map(transform: (Map.Entry<K, V>) -> R): List<R>
fun <R> UIntArray.map(transform: (UInt) -> R): List<R>
fun <R> ULongArray.map(transform: (ULong) -> R): List<R>
fun <R> UByteArray.map(transform: (UByte) -> R): List<R>
fun <R> UShortArray.map(transform: (UShort) -> R): List<R>
fun <T, R> Sequence<T>.map(transform: (T) -> R): Sequence<R>
fun <R> CharSequence.map(transform: (Char) -> R): List<R>
e: file:///workspace/CleverFerret/src/main/java/com/universalmedialibrary/services/opds/OPDSService.kt:202:32 Cannot infer type for this parameter. Please specify it explicitly.
e: file:///workspace/CleverFerret/src/main/java/com/universalmedialibrary/services/opds/OPDSService.kt:204:44 Unresolved reference 'href'.
e: file:///workspace/CleverFerret/src/main/java/com/universalmedialibrary/services/opds/OPDSService.kt:205:46 Unresolved reference 'title'.
e: file:///workspace/CleverFerret/src/main/java/com/universalmedialibrary/services/opds/OPDSService.kt:206:44 Unresolved reference 'rels'.
e: file:///workspace/CleverFerret/src/main/java/com/universalmedialibrary/services/opds/OPDSService.kt:213:58 Cannot infer type for this parameter. Please specify it explicitly.
e: file:///workspace/CleverFerret/src/main/java/com/universalmedialibrary/services/opds/OPDSService.kt:215:32 Unresolved reference 'href'.
e: file:///workspace/CleverFerret/src/main/java/com/universalmedialibrary/services/opds/OPDSService.kt:216:34 Unresolved reference 'title'.
e: file:///workspace/CleverFerret/src/main/java/com/universalmedialibrary/services/opds/OPDSService.kt:217:32 Unresolved reference 'rels'.
e: file:///workspace/CleverFerret/src/main/java/com/universalmedialibrary/services/opds/OPDSService.kt:238:39 Unresolved reference 'get'.
e: file:///workspace/CleverFerret/src/main/java/com/universalmedialibrary/services/opds/OPDSService.kt:239:30 2 type arguments expected. Use class 'Success' if you don't intend to pass type arguments.
e: file:///workspace/CleverFerret/src/main/java/com/universalmedialibrary/services/opds/OPDSService.kt:244:36 Unresolved reference 'parse'.
e: file:///workspace/CleverFerret/src/main/java/com/universalmedialibrary/services/opds/OPDSService.kt:246:26 2 type arguments expected. Use class 'Success' if you don't intend to pass type arguments.
e: file:///workspace/CleverFerret/src/main/java/com/universalmedialibrary/services/opds/OPDSService.kt:251:62 Cannot infer type for this parameter. Please specify it explicitly.
e: file:///workspace/CleverFerret/src/main/java/com/universalmedialibrary/services/opds/OPDSService.kt:253:33 Unresolved reference 'metadata'.
e: file:///workspace/CleverFerret/src/main/java/com/universalmedialibrary/services/opds/OPDSService.kt:254:35 Unresolved reference 'metadata'.
e: file:///workspace/CleverFerret/src/main/java/com/universalmedialibrary/services/opds/OPDSService.kt:254:56 Unresolved reference 'name'.
e: file:///workspace/CleverFerret/src/main/java/com/universalmedialibrary/services/opds/OPDSService.kt:254:58 Unresolved reference 'it'.
e: file:///workspace/CleverFerret/src/main/java/com/universalmedialibrary/services/opds/OPDSService.kt:255:38 Unresolved reference 'metadata'.
e: file:///workspace/CleverFerret/src/main/java/com/universalmedialibrary/services/opds/OPDSService.kt:256:37 Unresolved reference 'metadata'.
e: file:///workspace/CleverFerret/src/main/java/com/universalmedialibrary/services/opds/OPDSService.kt:257:39 Unresolved reference 'metadata'.
e: file:///workspace/CleverFerret/src/main/java/com/universalmedialibrary/services/opds/OPDSService.kt:258:36 Unresolved reference 'metadata'.
e: file:///workspace/CleverFerret/src/main/java/com/universalmedialibrary/services/opds/OPDSService.kt:259:41 Unresolved reference 'metadata'.
e: file:///workspace/CleverFerret/src/main/java/com/universalmedialibrary/services/opds/OPDSService.kt:260:36 Unresolved reference 'images'.
e: file:///workspace/CleverFerret/src/main/java/com/universalmedialibrary/services/opds/OPDSService.kt:260:58 Unresolved reference 'href'.
e: file:///workspace/CleverFerret/src/main/java/com/universalmedialibrary/services/opds/OPDSService.kt:261:41 Unresolved reference 'links'.
e: file:///workspace/CleverFerret/src/main/java/com/universalmedialibrary/services/opds/OPDSService.kt:261:56 Unresolved reference 'it'.
e: file:///workspace/CleverFerret/src/main/java/com/universalmedialibrary/services/opds/OPDSService.kt:262:26 Overload resolution ambiguity between candidates:
fun <R, T> Result<T>.map(transform: (@ParameterName(...) T) -> R): Result<R>
    [R|Contract description]
     <
        CallsInPlace(transform, AT_MOST_ONCE)
    >
fun <T, R> Array<out T>.map(transform: (T) -> R): List<R>
fun <R> ByteArray.map(transform: (Byte) -> R): List<R>
fun <R> ShortArray.map(transform: (Short) -> R): List<R>
fun <R> IntArray.map(transform: (Int) -> R): List<R>
fun <R> LongArray.map(transform: (Long) -> R): List<R>
fun <R> FloatArray.map(transform: (Float) -> R): List<R>
fun <R> DoubleArray.map(transform: (Double) -> R): List<R>
fun <R> BooleanArray.map(transform: (Boolean) -> R): List<R>
fun <R> CharArray.map(transform: (Char) -> R): List<R>
fun <T, R> Iterable<T>.map(transform: (T) -> R): List<R>
fun <K, V, R> Map<out K, V>.map(transform: (Map.Entry<K, V>) -> R): List<R>
fun <R> UIntArray.map(transform: (UInt) -> R): List<R>
fun <R> ULongArray.map(transform: (ULong) -> R): List<R>
fun <R> UByteArray.map(transform: (UByte) -> R): List<R>
fun <R> UShortArray.map(transform: (UShort) -> R): List<R>
fun <T, R> Sequence<T>.map(transform: (T) -> R): Sequence<R>
fun <R> CharSequence.map(transform: (Char) -> R): List<R>
e: file:///workspace/CleverFerret/src/main/java/com/universalmedialibrary/services/opds/OPDSService.kt:262:32 Cannot infer type for this parameter. Please specify it explicitly.
e: file:///workspace/CleverFerret/src/main/java/com/universalmedialibrary/services/opds/OPDSService.kt:264:44 Unresolved reference 'href'.
e: file:///workspace/CleverFerret/src/main/java/com/universalmedialibrary/services/opds/OPDSService.kt:265:45 Unresolved reference 'type'.
e: file:///workspace/CleverFerret/src/main/java/com/universalmedialibrary/services/opds/OPDSService.kt:266:46 Unresolved reference 'title'.
e: file:///workspace/CleverFerret/src/main/java/com/universalmedialibrary/services/reader/UnifiedReaderService.kt:111:21 'return' is prohibited here.
e: file:///workspace/CleverFerret/src/main/java/com/universalmedialibrary/services/reader/UnifiedReaderService.kt:111:28 Null cannot be a value of a non-null type 'com.universalmedialibrary.services.reader.ReaderType'.
e: file:///workspace/CleverFerret/src/main/java/com/universalmedialibrary/ui/player/ModernAudioPlayerScreen.kt:350:42 Unresolved reference 'title'.
e: file:///workspace/CleverFerret/src/main/java/com/universalmedialibrary/ui/player/ModernAudioPlayerScreen.kt:409:48 Unresolved reference 'title'.
e: file:///workspace/CleverFerret/src/main/java/com/universalmedialibrary/ui/player/ModernVideoPlayerViewModel.kt:205:26 Cannot infer type for this parameter. Please specify it explicitly.
e: file:///workspace/CleverFerret/src/main/java/com/universalmedialibrary/ui/player/ModernVideoPlayerViewModel.kt:205:30 Cannot infer type for this parameter. Please specify it explicitly.
e: file:///workspace/CleverFerret/src/main/java/com/universalmedialibrary/ui/player/ModernVideoPlayerViewModel.kt:207:31 Unresolved reference 'castVideo'.
e: file:///workspace/CleverFerret/src/main/java/com/universalmedialibrary/ui/reader/ComicReaderScreen.kt:39:27 Unresolved reference 'ComicReaderViewModel'.
e: file:///workspace/CleverFerret/src/main/java/com/universalmedialibrary/ui/reader/ComicReaderScreen.kt:39:50 Cannot infer type for this parameter. Please specify it explicitly.
e: file:///workspace/CleverFerret/src/main/java/com/universalmedialibrary/ui/reader/ComicReaderScreen.kt:137:73 Unresolved reference 'translatePage'.
e: file:///workspace/CleverFerret/src/main/java/com/universalmedialibrary/ui/reader/EnhancedEReaderScreen.kt:296:37 Unresolved reference 'chapters'.
e: file:///workspace/CleverFerret/src/main/java/com/universalmedialibrary/ui/reader/EnhancedEReaderScreen.kt:303:37 Unresolved reference 'chapters'.
e: file:///workspace/CleverFerret/src/main/java/com/universalmedialibrary/ui/reader/EnhancedEReaderScreen.kt:303:63 Cannot infer type for this parameter. Please specify it explicitly.
e: file:///workspace/CleverFerret/src/main/java/com/universalmedialibrary/ui/reader/EnhancedEReaderScreen.kt:303:70 Cannot infer type for this parameter. Please specify it explicitly.
e: file:///workspace/CleverFerret/src/main/java/com/universalmedialibrary/ui/reader/EnhancedEReaderScreen.kt:304:33 @Composable invocations can only happen from the context of a @Composable function
e: file:///workspace/CleverFerret/src/main/java/com/universalmedialibrary/ui/reader/EnhancedEReaderScreen.kt:308:55 Unresolved reference 'goToChapter'.
e: file:///workspace/CleverFerret/src/main/java/com/universalmedialibrary/ui/reader/EnhancedEReaderScreen.kt:313:55 @Composable invocations can only happen from the context of a @Composable function

> Task :CleverFerret:compileDebugKotlin FAILED

FAILURE: Build failed with an exception.

* What went wrong:
Execution failed for task ':CleverFerret:compileDebugKotlin'.
> A failure occurred while executing org.jetbrains.kotlin.compilerRunner.GradleCompilerRunnerWithWorkers$GradleKotlinCompilerWorkAction
   > Compilation error. See log for more details

* Try:
> Run with --info or --debug option to get more log output.
> Run with --scan to get full insights.
> Get more help at https://help.gradle.org.

* Exception is:
org.gradle.api.tasks.TaskExecutionException: Execution failed for task ':CleverFerret:compileDebugKotlin'.
	at org.gradle.api.internal.tasks.execution.ExecuteActionsTaskExecuter.lambda$executeIfValid$1(ExecuteActionsTaskExecuter.java:130)
	at org.gradle.internal.Try$Failure.ifSuccessfulOrElse(Try.java:293)
	at org.gradle.api.internal.tasks.execution.ExecuteActionsTaskExecuter.executeIfValid(ExecuteActionsTaskExecuter.java:128)
	at org.gradle.api.internal.tasks.execution.ExecuteActionsTaskExecuter.execute(ExecuteActionsTaskExecuter.java:116)
	at org.gradle.api.internal.tasks.execution.ProblemsTaskPathTrackingTaskExecuter.execute(ProblemsTaskPathTrackingTaskExecuter.java:40)
	at org.gradle.api.internal.tasks.execution.FinalizePropertiesTaskExecuter.execute(FinalizePropertiesTaskExecuter.java:46)
	at org.gradle.api.internal.tasks.execution.ResolveTaskExecutionModeExecuter.execute(ResolveTaskExecutionModeExecuter.java:51)
	at org.gradle.api.internal.tasks.execution.SkipTaskWithNoActionsExecuter.execute(SkipTaskWithNoActionsExecuter.java:57)
	at org.gradle.api.internal.tasks.execution.SkipOnlyIfTaskExecuter.execute(SkipOnlyIfTaskExecuter.java:74)
	at org.gradle.api.internal.tasks.execution.CatchExceptionTaskExecuter.execute(CatchExceptionTaskExecuter.java:36)
	at org.gradle.api.internal.tasks.execution.EventFiringTaskExecuter$1.executeTask(EventFiringTaskExecuter.java:77)
	at org.gradle.api.internal.tasks.execution.EventFiringTaskExecuter$1.call(EventFiringTaskExecuter.java:55)
	at org.gradle.api.internal.tasks.execution.EventFiringTaskExecuter$1.call(EventFiringTaskExecuter.java:52)
	at org.gradle.internal.operations.DefaultBuildOperationRunner$CallableBuildOperationWorker.execute(DefaultBuildOperationRunner.java:210)
	at org.gradle.internal.operations.DefaultBuildOperationRunner$CallableBuildOperationWorker.execute(DefaultBuildOperationRunner.java:205)
	at org.gradle.internal.operations.DefaultBuildOperationRunner$2.execute(DefaultBuildOperationRunner.java:67)
	at org.gradle.internal.operations.DefaultBuildOperationRunner$2.execute(DefaultBuildOperationRunner.java:60)
	at org.gradle.internal.operations.DefaultBuildOperationRunner.execute(DefaultBuildOperationRunner.java:167)
	at org.gradle.internal.operations.DefaultBuildOperationRunner.execute(DefaultBuildOperationRunner.java:60)
	at org.gradle.internal.operations.DefaultBuildOperationRunner.call(DefaultBuildOperationRunner.java:54)
	at org.gradle.api.internal.tasks.execution.EventFiringTaskExecuter.execute(EventFiringTaskExecuter.java:52)
	at org.gradle.execution.plan.LocalTaskNodeExecutor.execute(LocalTaskNodeExecutor.java:42)
	at org.gradle.execution.taskgraph.DefaultTaskExecutionGraph$InvokeNodeExecutorsAction.execute(DefaultTaskExecutionGraph.java:331)
	at org.gradle.execution.taskgraph.DefaultTaskExecutionGraph$InvokeNodeExecutorsAction.execute(DefaultTaskExecutionGraph.java:318)
	at org.gradle.execution.taskgraph.DefaultTaskExecutionGraph$BuildOperationAwareExecutionAction.lambda$execute$0(DefaultTaskExecutionGraph.java:314)
	at org.gradle.internal.operations.CurrentBuildOperationRef.with(CurrentBuildOperationRef.java:85)
	at org.gradle.execution.taskgraph.DefaultTaskExecutionGraph$BuildOperationAwareExecutionAction.execute(DefaultTaskExecutionGraph.java:314)
	at org.gradle.execution.taskgraph.DefaultTaskExecutionGraph$BuildOperationAwareExecutionAction.execute(DefaultTaskExecutionGraph.java:303)
	at org.gradle.execution.plan.DefaultPlanExecutor$ExecutorWorker.execute(DefaultPlanExecutor.java:459)
	at org.gradle.execution.plan.DefaultPlanExecutor$ExecutorWorker.run(DefaultPlanExecutor.java:376)
	at org.gradle.internal.concurrent.ExecutorPolicy$CatchAndRecordFailures.onExecute(ExecutorPolicy.java:64)
	at org.gradle.internal.concurrent.AbstractManagedExecutor$1.run(AbstractManagedExecutor.java:48)
Caused by: org.gradle.workers.internal.DefaultWorkerExecutor$WorkExecutionException: A failure occurred while executing org.jetbrains.kotlin.compilerRunner.GradleCompilerRunnerWithWorkers$GradleKotlinCompilerWorkAction
	at org.gradle.workers.internal.DefaultWorkerExecutor$WorkItemExecution.waitForCompletion(DefaultWorkerExecutor.java:287)
	at org.gradle.internal.work.DefaultAsyncWorkTracker.lambda$waitForItemsAndGatherFailures$2(DefaultAsyncWorkTracker.java:130)
	at org.gradle.internal.Factories$1.create(Factories.java:31)
	at org.gradle.internal.work.DefaultWorkerLeaseService.withoutLocks(DefaultWorkerLeaseService.java:335)
	at org.gradle.internal.work.DefaultWorkerLeaseService.withoutLocks(DefaultWorkerLeaseService.java:318)
	at org.gradle.internal.work.DefaultWorkerLeaseService.withoutLock(DefaultWorkerLeaseService.java:323)
	at org.gradle.internal.work.DefaultAsyncWorkTracker.waitForItemsAndGatherFailures(DefaultAsyncWorkTracker.java:126)
	at org.gradle.internal.work.DefaultAsyncWorkTracker.waitForItemsAndGatherFailures(DefaultAsyncWorkTracker.java:92)
	at org.gradle.internal.work.DefaultAsyncWorkTracker.waitForAll(DefaultAsyncWorkTracker.java:78)
	at org.gradle.internal.work.DefaultAsyncWorkTracker.waitForCompletion(DefaultAsyncWorkTracker.java:66)
	at org.gradle.api.internal.tasks.execution.TaskExecution$3.run(TaskExecution.java:252)
	at org.gradle.internal.operations.DefaultBuildOperationRunner$1.execute(DefaultBuildOperationRunner.java:30)
	at org.gradle.internal.operations.DefaultBuildOperationRunner$1.execute(DefaultBuildOperationRunner.java:27)
	at org.gradle.internal.operations.DefaultBuildOperationRunner$2.execute(DefaultBuildOperationRunner.java:67)
	at org.gradle.internal.operations.DefaultBuildOperationRunner$2.execute(DefaultBuildOperationRunner.java:60)
	at org.gradle.internal.operations.DefaultBuildOperationRunner.execute(DefaultBuildOperationRunner.java:167)
	at org.gradle.internal.operations.DefaultBuildOperationRunner.execute(DefaultBuildOperationRunner.java:60)
	at org.gradle.internal.operations.DefaultBuildOperationRunner.run(DefaultBuildOperationRunner.java:48)
	at org.gradle.api.internal.tasks.execution.TaskExecution.executeAction(TaskExecution.java:229)
	at org.gradle.api.internal.tasks.execution.TaskExecution.executeActions(TaskExecution.java:212)
	at org.gradle.api.internal.tasks.execution.TaskExecution.executeWithPreviousOutputFiles(TaskExecution.java:195)
	at org.gradle.api.internal.tasks.execution.TaskExecution.execute(TaskExecution.java:162)
	at org.gradle.internal.execution.steps.ExecuteStep.executeInternal(ExecuteStep.java:105)
	at org.gradle.internal.execution.steps.ExecuteStep.access$000(ExecuteStep.java:44)
	at org.gradle.internal.execution.steps.ExecuteStep$1.call(ExecuteStep.java:59)
	at org.gradle.internal.execution.steps.ExecuteStep$1.call(ExecuteStep.java:56)
	at org.gradle.internal.operations.DefaultBuildOperationRunner$CallableBuildOperationWorker.execute(DefaultBuildOperationRunner.java:210)
	at org.gradle.internal.operations.DefaultBuildOperationRunner$CallableBuildOperationWorker.execute(DefaultBuildOperationRunner.java:205)
	at org.gradle.internal.operations.DefaultBuildOperationRunner$2.execute(DefaultBuildOperationRunner.java:67)
	at org.gradle.internal.operations.DefaultBuildOperationRunner$2.execute(DefaultBuildOperationRunner.java:60)
	at org.gradle.internal.operations.DefaultBuildOperationRunner.execute(DefaultBuildOperationRunner.java:167)
	at org.gradle.internal.operations.DefaultBuildOperationRunner.execute(DefaultBuildOperationRunner.java:60)
	at org.gradle.internal.operations.DefaultBuildOperationRunner.call(DefaultBuildOperationRunner.java:54)
	at org.gradle.internal.execution.steps.ExecuteStep.execute(ExecuteStep.java:56)
	at org.gradle.internal.execution.steps.ExecuteStep.execute(ExecuteStep.java:44)
	at org.gradle.internal.execution.steps.CancelExecutionStep.execute(CancelExecutionStep.java:42)
	at org.gradle.internal.execution.steps.TimeoutStep.executeWithoutTimeout(TimeoutStep.java:75)
	at org.gradle.internal.execution.steps.TimeoutStep.execute(TimeoutStep.java:55)
	at org.gradle.internal.execution.steps.PreCreateOutputParentsStep.execute(PreCreateOutputParentsStep.java:50)
	at org.gradle.internal.execution.steps.PreCreateOutputParentsStep.execute(PreCreateOutputParentsStep.java:28)
	at org.gradle.internal.execution.steps.RemovePreviousOutputsStep.execute(RemovePreviousOutputsStep.java:67)
	at org.gradle.internal.execution.steps.RemovePreviousOutputsStep.execute(RemovePreviousOutputsStep.java:37)
	at org.gradle.internal.execution.steps.BroadcastChangingOutputsStep.execute(BroadcastChangingOutputsStep.java:61)
	at org.gradle.internal.execution.steps.BroadcastChangingOutputsStep.execute(BroadcastChangingOutputsStep.java:26)
	at org.gradle.internal.execution.steps.CaptureOutputsAfterExecutionStep.execute(CaptureOutputsAfterExecutionStep.java:69)
	at org.gradle.internal.execution.steps.CaptureOutputsAfterExecutionStep.execute(CaptureOutputsAfterExecutionStep.java:46)
	at org.gradle.internal.execution.steps.ResolveInputChangesStep.execute(ResolveInputChangesStep.java:40)
	at org.gradle.internal.execution.steps.ResolveInputChangesStep.execute(ResolveInputChangesStep.java:29)
	at org.gradle.internal.execution.steps.BuildCacheStep.executeWithoutCache(BuildCacheStep.java:189)
	at org.gradle.internal.execution.steps.BuildCacheStep.executeAndStoreInCache(BuildCacheStep.java:145)
	at org.gradle.internal.execution.steps.BuildCacheStep.lambda$executeWithCache$4(BuildCacheStep.java:101)
	at org.gradle.internal.execution.steps.BuildCacheStep.lambda$executeWithCache$5(BuildCacheStep.java:101)
	at org.gradle.internal.Try$Success.map(Try.java:175)
	at org.gradle.internal.execution.steps.BuildCacheStep.executeWithCache(BuildCacheStep.java:85)
	at org.gradle.internal.execution.steps.BuildCacheStep.lambda$execute$0(BuildCacheStep.java:74)
	at org.gradle.internal.Either$Left.fold(Either.java:115)
	at org.gradle.internal.execution.caching.CachingState.fold(CachingState.java:62)
	at org.gradle.internal.execution.steps.BuildCacheStep.execute(BuildCacheStep.java:73)
	at org.gradle.internal.execution.steps.BuildCacheStep.execute(BuildCacheStep.java:48)
	at org.gradle.internal.execution.steps.StoreExecutionStateStep.execute(StoreExecutionStateStep.java:46)
	at org.gradle.internal.execution.steps.StoreExecutionStateStep.execute(StoreExecutionStateStep.java:35)
	at org.gradle.internal.execution.steps.SkipUpToDateStep.executeBecause(SkipUpToDateStep.java:75)
	at org.gradle.internal.execution.steps.SkipUpToDateStep.lambda$execute$2(SkipUpToDateStep.java:53)
	at org.gradle.internal.execution.steps.SkipUpToDateStep.execute(SkipUpToDateStep.java:53)
	at org.gradle.internal.execution.steps.SkipUpToDateStep.execute(SkipUpToDateStep.java:35)
	at org.gradle.internal.execution.steps.legacy.MarkSnapshottingInputsFinishedStep.execute(MarkSnapshottingInputsFinishedStep.java:37)
	at org.gradle.internal.execution.steps.legacy.MarkSnapshottingInputsFinishedStep.execute(MarkSnapshottingInputsFinishedStep.java:27)
	at org.gradle.internal.execution.steps.ResolveIncrementalCachingStateStep.executeDelegate(ResolveIncrementalCachingStateStep.java:49)
	at org.gradle.internal.execution.steps.ResolveIncrementalCachingStateStep.executeDelegate(ResolveIncrementalCachingStateStep.java:27)
	at org.gradle.internal.execution.steps.AbstractResolveCachingStateStep.execute(AbstractResolveCachingStateStep.java:71)
	at org.gradle.internal.execution.steps.AbstractResolveCachingStateStep.execute(AbstractResolveCachingStateStep.java:39)
	at org.gradle.internal.execution.steps.ResolveChangesStep.execute(ResolveChangesStep.java:65)
	at org.gradle.internal.execution.steps.ResolveChangesStep.execute(ResolveChangesStep.java:36)
	at org.gradle.internal.execution.steps.ValidateStep.execute(ValidateStep.java:107)
	at org.gradle.internal.execution.steps.ValidateStep.execute(ValidateStep.java:56)
	at org.gradle.internal.execution.steps.AbstractCaptureStateBeforeExecutionStep.execute(AbstractCaptureStateBeforeExecutionStep.java:64)
	at org.gradle.internal.execution.steps.AbstractCaptureStateBeforeExecutionStep.execute(AbstractCaptureStateBeforeExecutionStep.java:43)
	at org.gradle.internal.execution.steps.AbstractSkipEmptyWorkStep.executeWithNonEmptySources(AbstractSkipEmptyWorkStep.java:125)
	at org.gradle.internal.execution.steps.AbstractSkipEmptyWorkStep.execute(AbstractSkipEmptyWorkStep.java:61)
	at org.gradle.internal.execution.steps.AbstractSkipEmptyWorkStep.execute(AbstractSkipEmptyWorkStep.java:36)
	at org.gradle.internal.execution.steps.legacy.MarkSnapshottingInputsStartedStep.execute(MarkSnapshottingInputsStartedStep.java:38)
	at org.gradle.internal.execution.steps.LoadPreviousExecutionStateStep.execute(LoadPreviousExecutionStateStep.java:36)
	at org.gradle.internal.execution.steps.LoadPreviousExecutionStateStep.execute(LoadPreviousExecutionStateStep.java:23)
	at org.gradle.internal.execution.steps.HandleStaleOutputsStep.execute(HandleStaleOutputsStep.java:75)
	at org.gradle.internal.execution.steps.HandleStaleOutputsStep.execute(HandleStaleOutputsStep.java:41)
	at org.gradle.internal.execution.steps.AssignMutableWorkspaceStep.lambda$execute$0(AssignMutableWorkspaceStep.java:35)
	at org.gradle.api.internal.tasks.execution.TaskExecution$4.withWorkspace(TaskExecution.java:289)
	at org.gradle.internal.execution.steps.AssignMutableWorkspaceStep.execute(AssignMutableWorkspaceStep.java:31)
	at org.gradle.internal.execution.steps.AssignMutableWorkspaceStep.execute(AssignMutableWorkspaceStep.java:22)
	at org.gradle.internal.execution.steps.ChoosePipelineStep.execute(ChoosePipelineStep.java:40)
	at org.gradle.internal.execution.steps.ChoosePipelineStep.execute(ChoosePipelineStep.java:23)
	at org.gradle.internal.execution.steps.ExecuteWorkBuildOperationFiringStep.lambda$execute$2(ExecuteWorkBuildOperationFiringStep.java:67)
	at org.gradle.internal.execution.steps.ExecuteWorkBuildOperationFiringStep.execute(ExecuteWorkBuildOperationFiringStep.java:67)
	at org.gradle.internal.execution.steps.ExecuteWorkBuildOperationFiringStep.execute(ExecuteWorkBuildOperationFiringStep.java:39)
	at org.gradle.internal.execution.steps.IdentityCacheStep.execute(IdentityCacheStep.java:46)
	at org.gradle.internal.execution.steps.IdentityCacheStep.execute(IdentityCacheStep.java:34)
	at org.gradle.internal.execution.steps.IdentifyStep.execute(IdentifyStep.java:48)
	at org.gradle.internal.execution.steps.IdentifyStep.execute(IdentifyStep.java:35)
	at org.gradle.internal.execution.impl.DefaultExecutionEngine$1.execute(DefaultExecutionEngine.java:61)
	at org.gradle.api.internal.tasks.execution.ExecuteActionsTaskExecuter.executeIfValid(ExecuteActionsTaskExecuter.java:127)
	at org.gradle.api.internal.tasks.execution.ExecuteActionsTaskExecuter.execute(ExecuteActionsTaskExecuter.java:116)
	at org.gradle.api.internal.tasks.execution.ProblemsTaskPathTrackingTaskExecuter.execute(ProblemsTaskPathTrackingTaskExecuter.java:40)
	at org.gradle.api.internal.tasks.execution.FinalizePropertiesTaskExecuter.execute(FinalizePropertiesTaskExecuter.java:46)
	at org.gradle.api.internal.tasks.execution.ResolveTaskExecutionModeExecuter.execute(ResolveTaskExecutionModeExecuter.java:51)
	at org.gradle.api.internal.tasks.execution.SkipTaskWithNoActionsExecuter.execute(SkipTaskWithNoActionsExecuter.java:57)
	at org.gradle.api.internal.tasks.execution.SkipOnlyIfTaskExecuter.execute(SkipOnlyIfTaskExecuter.java:74)
	at org.gradle.api.internal.tasks.execution.CatchExceptionTaskExecuter.execute(CatchExceptionTaskExecuter.java:36)
	at org.gradle.api.internal.tasks.execution.EventFiringTaskExecuter$1.executeTask(EventFiringTaskExecuter.java:77)
	at org.gradle.api.internal.tasks.execution.EventFiringTaskExecuter$1.call(EventFiringTaskExecuter.java:55)
	at org.gradle.api.internal.tasks.execution.EventFiringTaskExecuter$1.call(EventFiringTaskExecuter.java:52)
	at org.gradle.internal.operations.DefaultBuildOperationRunner$CallableBuildOperationWorker.execute(DefaultBuildOperationRunner.java:210)
	at org.gradle.internal.operations.DefaultBuildOperationRunner$CallableBuildOperationWorker.execute(DefaultBuildOperationRunner.java:205)
	at org.gradle.internal.operations.DefaultBuildOperationRunner$2.execute(DefaultBuildOperationRunner.java:67)
	at org.gradle.internal.operations.DefaultBuildOperationRunner$2.execute(DefaultBuildOperationRunner.java:60)
	at org.gradle.internal.operations.DefaultBuildOperationRunner.execute(DefaultBuildOperationRunner.java:167)
	at org.gradle.internal.operations.DefaultBuildOperationRunner.execute(DefaultBuildOperationRunner.java:60)
	at org.gradle.internal.operations.DefaultBuildOperationRunner.call(DefaultBuildOperationRunner.java:54)
	at org.gradle.api.internal.tasks.execution.EventFiringTaskExecuter.execute(EventFiringTaskExecuter.java:52)
	at org.gradle.execution.plan.LocalTaskNodeExecutor.execute(LocalTaskNodeExecutor.java:42)
	at org.gradle.execution.taskgraph.DefaultTaskExecutionGraph$InvokeNodeExecutorsAction.execute(DefaultTaskExecutionGraph.java:331)
	at org.gradle.execution.taskgraph.DefaultTaskExecutionGraph$InvokeNodeExecutorsAction.execute(DefaultTaskExecutionGraph.java:318)
	at org.gradle.execution.taskgraph.DefaultTaskExecutionGraph$BuildOperationAwareExecutionAction.lambda$execute$0(DefaultTaskExecutionGraph.java:314)
	at org.gradle.internal.operations.CurrentBuildOperationRef.with(CurrentBuildOperationRef.java:85)
	at org.gradle.execution.taskgraph.DefaultTaskExecutionGraph$BuildOperationAwareExecutionAction.execute(DefaultTaskExecutionGraph.java:314)
	at org.gradle.execution.taskgraph.DefaultTaskExecutionGraph$BuildOperationAwareExecutionAction.execute(DefaultTaskExecutionGraph.java:303)
	at org.gradle.execution.plan.DefaultPlanExecutor$ExecutorWorker.execute(DefaultPlanExecutor.java:459)
	at org.gradle.execution.plan.DefaultPlanExecutor$ExecutorWorker.run(DefaultPlanExecutor.java:376)
	at org.gradle.internal.concurrent.ExecutorPolicy$CatchAndRecordFailures.onExecute(ExecutorPolicy.java:64)
	at org.gradle.internal.concurrent.AbstractManagedExecutor$1.run(AbstractManagedExecutor.java:48)
Caused by: org.jetbrains.kotlin.gradle.tasks.CompilationErrorException: Compilation error. See log for more details
	at org.jetbrains.kotlin.gradle.tasks.TasksUtilsKt.throwExceptionIfCompilationFailed(tasksUtils.kt:21)
	at org.jetbrains.kotlin.compilerRunner.GradleKotlinCompilerWork.run(GradleKotlinCompilerWork.kt:119)
	at org.jetbrains.kotlin.compilerRunner.GradleCompilerRunnerWithWorkers$GradleKotlinCompilerWorkAction.execute(GradleCompilerRunnerWithWorkers.kt:76)
	at org.gradle.workers.internal.DefaultWorkerServer.execute(DefaultWorkerServer.java:63)
	at org.gradle.workers.internal.NoIsolationWorkerFactory$1$1.create(NoIsolationWorkerFactory.java:66)
	at org.gradle.workers.internal.NoIsolationWorkerFactory$1$1.create(NoIsolationWorkerFactory.java:62)
	at org.gradle.internal.classloader.ClassLoaderUtils.executeInClassloader(ClassLoaderUtils.java:100)
	at org.gradle.workers.internal.NoIsolationWorkerFactory$1.lambda$execute$0(NoIsolationWorkerFactory.java:62)
	at org.gradle.workers.internal.AbstractWorker$1.call(AbstractWorker.java:44)
	at org.gradle.workers.internal.AbstractWorker$1.call(AbstractWorker.java:41)
	at org.gradle.internal.operations.DefaultBuildOperationRunner$CallableBuildOperationWorker.execute(DefaultBuildOperationRunner.java:210)
	at org.gradle.internal.operations.DefaultBuildOperationRunner$CallableBuildOperationWorker.execute(DefaultBuildOperationRunner.java:205)
	at org.gradle.internal.operations.DefaultBuildOperationRunner$2.execute(DefaultBuildOperationRunner.java:67)
	at org.gradle.internal.operations.DefaultBuildOperationRunner$2.execute(DefaultBuildOperationRunner.java:60)
	at org.gradle.internal.operations.DefaultBuildOperationRunner.execute(DefaultBuildOperationRunner.java:167)
	at org.gradle.internal.operations.DefaultBuildOperationRunner.execute(DefaultBuildOperationRunner.java:60)
	at org.gradle.internal.operations.DefaultBuildOperationRunner.call(DefaultBuildOperationRunner.java:54)
	at org.gradle.workers.internal.AbstractWorker.executeWrappedInBuildOperation(AbstractWorker.java:41)
	at org.gradle.workers.internal.NoIsolationWorkerFactory$1.execute(NoIsolationWorkerFactory.java:59)
	at org.gradle.workers.internal.DefaultWorkerExecutor.lambda$submitWork$0(DefaultWorkerExecutor.java:174)
	at org.gradle.internal.work.DefaultConditionalExecutionQueue$ExecutionRunner.runExecution(DefaultConditionalExecutionQueue.java:194)
	at org.gradle.internal.work.DefaultConditionalExecutionQueue$ExecutionRunner.access$700(DefaultConditionalExecutionQueue.java:127)
	at org.gradle.internal.work.DefaultConditionalExecutionQueue$ExecutionRunner$1.run(DefaultConditionalExecutionQueue.java:169)
	at org.gradle.internal.Factories$1.create(Factories.java:31)
	at org.gradle.internal.work.DefaultWorkerLeaseService.withLocks(DefaultWorkerLeaseService.java:263)
	at org.gradle.internal.work.DefaultWorkerLeaseService.runAsWorkerThread(DefaultWorkerLeaseService.java:127)
	at org.gradle.internal.work.DefaultWorkerLeaseService.runAsWorkerThread(DefaultWorkerLeaseService.java:132)
	at org.gradle.internal.work.DefaultConditionalExecutionQueue$ExecutionRunner.runBatch(DefaultConditionalExecutionQueue.java:164)
	at org.gradle.internal.work.DefaultConditionalExecutionQueue$ExecutionRunner.run(DefaultConditionalExecutionQueue.java:133)
	... 2 more


BUILD FAILED in 5m 19s
36 actionable tasks: 32 executed, 4 up-to-date
