To honour the JVM settings for this build a single-use Daemon process will be forked. For more on this, please refer to https://docs.gradle.org/8.13/userguide/gradle_daemon.html#sec:disabling_the_daemon in the Gradle documentation.
Daemon will be stopped at the end of the build 
Configuration on demand is an incubating feature.
> Task :buildSrc:checkKotlinGradlePluginConfigurationErrors SKIPPED
> Task :buildSrc:compileKotlin UP-TO-DATE
> Task :buildSrc:compileJava NO-SOURCE
> Task :buildSrc:compileGroovy NO-SOURCE
> Task :buildSrc:pluginDescriptors UP-TO-DATE
> Task :buildSrc:processResources NO-SOURCE
> Task :buildSrc:classes UP-TO-DATE
> Task :buildSrc:jar UP-TO-DATE
> Task :CleverFerret:preBuild UP-TO-DATE
> Task :CleverFerret:preDebugBuild UP-TO-DATE
> Task :CleverFerret:mergeDebugNativeDebugMetadata NO-SOURCE
> Task :CleverFerret:checkKotlinGradlePluginConfigurationErrors SKIPPED
> Task :CleverFerret:checkDebugAarMetadata UP-TO-DATE
> Task :CleverFerret:processDebugNavigationResources UP-TO-DATE
> Task :CleverFerret:compileDebugNavigationResources UP-TO-DATE
> Task :CleverFerret:generateDebugResValues UP-TO-DATE
> Task :CleverFerret:mapDebugSourceSetPaths UP-TO-DATE
> Task :CleverFerret:generateDebugResources UP-TO-DATE
> Task :CleverFerret:mergeDebugResources UP-TO-DATE
> Task :CleverFerret:packageDebugResources UP-TO-DATE
> Task :CleverFerret:parseDebugLocalResources UP-TO-DATE
> Task :CleverFerret:createDebugCompatibleScreenManifests UP-TO-DATE
> Task :CleverFerret:extractDeepLinksDebug UP-TO-DATE
> Task :CleverFerret:processDebugMainManifest UP-TO-DATE
> Task :CleverFerret:processDebugManifest UP-TO-DATE
> Task :CleverFerret:processDebugManifestForPackage UP-TO-DATE
> Task :CleverFerret:processDebugResources UP-TO-DATE
> Task :CleverFerret:javaPreCompileDebug UP-TO-DATE
> Task :CleverFerret:mergeDebugShaders UP-TO-DATE
> Task :CleverFerret:compileDebugShaders NO-SOURCE
> Task :CleverFerret:generateDebugAssets UP-TO-DATE
> Task :CleverFerret:mergeDebugAssets UP-TO-DATE
> Task :CleverFerret:compressDebugAssets UP-TO-DATE
> Task :CleverFerret:l8DexDesugarLibDebug UP-TO-DATE
> Task :CleverFerret:checkDebugDuplicateClasses UP-TO-DATE
> Task :CleverFerret:desugarDebugFileDependencies UP-TO-DATE
> Task :CleverFerret:mergeExtDexDebug UP-TO-DATE
> Task :CleverFerret:mergeLibDexDebug UP-TO-DATE
> Task :CleverFerret:mergeDebugJniLibFolders UP-TO-DATE
> Task :CleverFerret:mergeDebugNativeLibs UP-TO-DATE
> Task :CleverFerret:stripDebugDebugSymbols UP-TO-DATE
> Task :CleverFerret:validateSigningDebug UP-TO-DATE
> Task :CleverFerret:writeDebugAppMetadata UP-TO-DATE
> Task :CleverFerret:writeDebugSigningConfigVersions UP-TO-DATE
> Task :CleverFerret:kspDebugKotlin
> Task :CleverFerret:compileDebugKotlin
e: file:///workspace/CleverFerret/src/main/java/com/universalmedialibrary/data/repository/MediaServerRepository.kt:58:57 No value passed for parameter 'password'.
e: file:///workspace/CleverFerret/src/main/java/com/universalmedialibrary/services/epub/EpubReaderEngine.kt:274:32 Argument type mismatch: actual type is 'com.universalmedialibrary.services.epub.EpubMetadata', but 'com.universalmedialibrary.services.epub.SimpleEpubMetadata' was expected.
e: file:///workspace/CleverFerret/src/main/java/com/universalmedialibrary/services/epub/ReadiumAudiobookService.kt:53:27 Argument type mismatch: actual type is 'android.content.Context', but 'org.readium.r2.streamer.parser.PublicationParser' was expected.
e: file:///workspace/CleverFerret/src/main/java/com/universalmedialibrary/services/epub/ReadiumAudiobookService.kt:53:36 Argument type mismatch: actual type is 'org.readium.r2.shared.util.asset.AssetRetriever', but 'kotlin.collections.List<org.readium.r2.shared.publication.protection.ContentProtection>' was expected.
e: file:///workspace/CleverFerret/src/main/java/com/universalmedialibrary/services/epub/ReadiumAudiobookService.kt:90:61 Unresolved reference 'publication'.
e: file:///workspace/CleverFerret/src/main/java/com/universalmedialibrary/services/epub/ReadiumAudiobookService.kt:129:62 Unresolved reference 'code'.
e: file:///workspace/CleverFerret/src/main/java/com/universalmedialibrary/services/epub/ReadiumAudiobookService.kt:153:44 None of the following candidates is applicable:
fun get(link: Link): Resource?
fun get(href: Url): Resource?
e: file:///workspace/CleverFerret/src/main/java/com/universalmedialibrary/services/epub/ReadiumAudiobookService.kt:154:17 'when' expression must be exhaustive. Add an 'else' branch.
e: file:///workspace/CleverFerret/src/main/java/com/universalmedialibrary/services/epub/ReadiumAudiobookService.kt:155:24 2 type arguments expected. Use class 'Success' if you don't intend to pass type arguments.
e: file:///workspace/CleverFerret/src/main/java/com/universalmedialibrary/services/epub/ReadiumAudiobookService.kt:156:46 Unresolved reference 'value'.
e: file:///workspace/CleverFerret/src/main/java/com/universalmedialibrary/services/epub/ReadiumAudiobookService.kt:157:25 'when' expression must be exhaustive. Add an 'else' branch.
e: file:///workspace/CleverFerret/src/main/java/com/universalmedialibrary/services/epub/ReadiumAudiobookService.kt:158:32 2 type arguments expected. Use class 'Success' if you don't intend to pass type arguments.
e: file:///workspace/CleverFerret/src/main/java/com/universalmedialibrary/services/epub/ReadiumAudiobookService.kt:161:32 2 type arguments expected. Use class 'Failure' if you don't intend to pass type arguments.
e: file:///workspace/CleverFerret/src/main/java/com/universalmedialibrary/services/epub/ReadiumAudiobookService.kt:164:24 2 type arguments expected. Use class 'Failure' if you don't intend to pass type arguments.
e: file:///workspace/CleverFerret/src/main/java/com/universalmedialibrary/services/epub/ReadiumAudiobookService.kt:168:51 Unresolved reference 'filter'.
e: file:///workspace/CleverFerret/src/main/java/com/universalmedialibrary/services/epub/ReadiumAudiobookService.kt:168:60 Unresolved reference 'it'.
e: file:///workspace/CleverFerret/src/main/java/com/universalmedialibrary/services/epub/ReadiumAudiobookService.kt:170:67 Unresolved reference 'url'.
e: file:///workspace/CleverFerret/src/main/java/com/universalmedialibrary/services/epub/ReadiumAudiobookService.kt:171:21 'when' expression must be exhaustive. Add an 'else' branch.
e: file:///workspace/CleverFerret/src/main/java/com/universalmedialibrary/services/epub/ReadiumAudiobookService.kt:172:28 2 type arguments expected. Use class 'Success' if you don't intend to pass type arguments.
e: file:///workspace/CleverFerret/src/main/java/com/universalmedialibrary/services/epub/ReadiumAudiobookService.kt:173:50 Unresolved reference 'value'.
e: file:///workspace/CleverFerret/src/main/java/com/universalmedialibrary/services/epub/ReadiumAudiobookService.kt:174:29 'when' expression must be exhaustive. Add an 'else' branch.
e: file:///workspace/CleverFerret/src/main/java/com/universalmedialibrary/services/epub/ReadiumAudiobookService.kt:175:36 2 type arguments expected. Use class 'Success' if you don't intend to pass type arguments.
e: file:///workspace/CleverFerret/src/main/java/com/universalmedialibrary/services/epub/ReadiumAudiobookService.kt:178:36 2 type arguments expected. Use class 'Failure' if you don't intend to pass type arguments.
e: file:///workspace/CleverFerret/src/main/java/com/universalmedialibrary/services/epub/ReadiumAudiobookService.kt:181:28 2 type arguments expected. Use class 'Failure' if you don't intend to pass type arguments.
e: file:///workspace/CleverFerret/src/main/java/com/universalmedialibrary/services/epub/ReadiumEpubService.kt:47:27 Argument type mismatch: actual type is 'android.content.Context', but 'org.readium.r2.streamer.parser.PublicationParser' was expected.
e: file:///workspace/CleverFerret/src/main/java/com/universalmedialibrary/services/epub/ReadiumEpubService.kt:47:36 Argument type mismatch: actual type is 'org.readium.r2.shared.util.asset.AssetRetriever', but 'kotlin.collections.List<org.readium.r2.shared.publication.protection.ContentProtection>' was expected.
e: file:///workspace/CleverFerret/src/main/java/com/universalmedialibrary/services/epub/ReadiumEpubService.kt:75:57 Unresolved reference 'publication'.
e: file:///workspace/CleverFerret/src/main/java/com/universalmedialibrary/services/epub/ReadiumEpubService.kt:121:57 Unresolved reference 'publication'.
e: file:///workspace/CleverFerret/src/main/java/com/universalmedialibrary/services/epub/ReadiumEpubService.kt:126:66 Unresolved reference 'it'.
e: file:///workspace/CleverFerret/src/main/java/com/universalmedialibrary/services/epub/ReadiumEpubService.kt:127:80 Unresolved reference 'name'.
e: file:///workspace/CleverFerret/src/main/java/com/universalmedialibrary/services/epub/ReadiumEpubService.kt:130:68 Unresolved reference 'it'.
e: file:///workspace/CleverFerret/src/main/java/com/universalmedialibrary/services/epub/ReadiumEpubService.kt:131:44 Argument type mismatch: actual type is 'kotlin.Int?', but 'kotlin.String?' was expected.
e: file:///workspace/CleverFerret/src/main/java/com/universalmedialibrary/services/epub/ReadiumEpubService.kt:178:57 Unresolved reference 'publication'.
e: file:///workspace/CleverFerret/src/main/java/com/universalmedialibrary/services/epub/ReadiumEpubService.kt:205:44 None of the following candidates is applicable:
fun get(link: Link): Resource?
fun get(href: Url): Resource?
e: file:///workspace/CleverFerret/src/main/java/com/universalmedialibrary/services/epub/ReadiumEpubService.kt:206:17 'when' expression must be exhaustive. Add an 'else' branch.
e: file:///workspace/CleverFerret/src/main/java/com/universalmedialibrary/services/epub/ReadiumEpubService.kt:207:24 2 type arguments expected. Use class 'Success' if you don't intend to pass type arguments.
e: file:///workspace/CleverFerret/src/main/java/com/universalmedialibrary/services/epub/ReadiumEpubService.kt:208:46 Unresolved reference 'value'.
e: file:///workspace/CleverFerret/src/main/java/com/universalmedialibrary/services/epub/ReadiumEpubService.kt:209:25 'when' expression must be exhaustive. Add an 'else' branch.
e: file:///workspace/CleverFerret/src/main/java/com/universalmedialibrary/services/epub/ReadiumEpubService.kt:210:32 2 type arguments expected. Use class 'Success' if you don't intend to pass type arguments.
e: file:///workspace/CleverFerret/src/main/java/com/universalmedialibrary/services/epub/ReadiumEpubService.kt:213:32 2 type arguments expected. Use class 'Failure' if you don't intend to pass type arguments.
e: file:///workspace/CleverFerret/src/main/java/com/universalmedialibrary/services/epub/ReadiumEpubService.kt:216:24 2 type arguments expected. Use class 'Failure' if you don't intend to pass type arguments.
e: file:///workspace/CleverFerret/src/main/java/com/universalmedialibrary/services/epub/ReadiumEpubService.kt:220:51 Unresolved reference 'filter'.
e: file:///workspace/CleverFerret/src/main/java/com/universalmedialibrary/services/epub/ReadiumEpubService.kt:220:60 Unresolved reference 'it'.
e: file:///workspace/CleverFerret/src/main/java/com/universalmedialibrary/services/epub/ReadiumEpubService.kt:222:67 Unresolved reference 'url'.
e: file:///workspace/CleverFerret/src/main/java/com/universalmedialibrary/services/epub/ReadiumEpubService.kt:223:21 'when' expression must be exhaustive. Add an 'else' branch.
e: file:///workspace/CleverFerret/src/main/java/com/universalmedialibrary/services/epub/ReadiumEpubService.kt:224:28 2 type arguments expected. Use class 'Success' if you don't intend to pass type arguments.
e: file:///workspace/CleverFerret/src/main/java/com/universalmedialibrary/services/epub/ReadiumEpubService.kt:225:50 Unresolved reference 'value'.
e: file:///workspace/CleverFerret/src/main/java/com/universalmedialibrary/services/epub/ReadiumEpubService.kt:226:29 'when' expression must be exhaustive. Add an 'else' branch.
e: file:///workspace/CleverFerret/src/main/java/com/universalmedialibrary/services/epub/ReadiumEpubService.kt:227:36 2 type arguments expected. Use class 'Success' if you don't intend to pass type arguments.
e: file:///workspace/CleverFerret/src/main/java/com/universalmedialibrary/services/epub/ReadiumEpubService.kt:230:36 2 type arguments expected. Use class 'Failure' if you don't intend to pass type arguments.
e: file:///workspace/CleverFerret/src/main/java/com/universalmedialibrary/services/epub/ReadiumEpubService.kt:233:28 2 type arguments expected. Use class 'Failure' if you don't intend to pass type arguments.
e: file:///workspace/CleverFerret/src/main/java/com/universalmedialibrary/services/epub/ReadiumPdfService.kt:14:32 Unresolved reference 'Streamer'.
e: file:///workspace/CleverFerret/src/main/java/com/universalmedialibrary/services/epub/ReadiumPdfService.kt:40:29 Cannot infer type for this parameter. Please specify it explicitly.
e: file:///workspace/CleverFerret/src/main/java/com/universalmedialibrary/services/epub/ReadiumPdfService.kt:40:29 Not enough information to infer type argument for 'T'.
e: file:///workspace/CleverFerret/src/main/java/com/universalmedialibrary/services/epub/ReadiumPdfService.kt:40:29 Cannot infer type for this parameter. Please specify it explicitly.
e: file:///workspace/CleverFerret/src/main/java/com/universalmedialibrary/services/epub/ReadiumPdfService.kt:40:29 Property delegate must have a 'getValue(ReadiumPdfService, KProperty1<ReadiumPdfService, ERROR CLASS: Cannot infer argument for type parameter T>)' method. None of the following functions is applicable:
fun <T> Lazy<T>.getValue(thisRef: Any?, property: KProperty<*>): T
e: file:///workspace/CleverFerret/src/main/java/com/universalmedialibrary/services/epub/ReadiumPdfService.kt:40:29 Not enough information to infer type argument for 'T'.
e: file:///workspace/CleverFerret/src/main/java/com/universalmedialibrary/services/epub/ReadiumPdfService.kt:40:34 Cannot infer type for this parameter. Please specify it explicitly.
e: file:///workspace/CleverFerret/src/main/java/com/universalmedialibrary/services/epub/ReadiumPdfService.kt:41:9 Unresolved reference 'Streamer'.
e: file:///workspace/CleverFerret/src/main/java/com/universalmedialibrary/services/epub/ReadiumPdfService.kt:43:30 Cannot access 'constructor(assetSniffer: AssetSniffer, resourceFactory: ResourceFactory, archiveOpener: ArchiveOpener): AssetRetriever': it is private in 'org/readium/r2/shared/util/asset/AssetRetriever'.
e: file:///workspace/CleverFerret/src/main/java/com/universalmedialibrary/services/epub/ReadiumPdfService.kt:64:34 Unresolved reference 'assetRetriever'.
e: file:///workspace/CleverFerret/src/main/java/com/universalmedialibrary/services/epub/ReadiumPdfService.kt:65:27 2 type arguments expected. Use class 'Success' if you don't intend to pass type arguments.
e: file:///workspace/CleverFerret/src/main/java/com/universalmedialibrary/services/epub/ReadiumPdfService.kt:70:40 Unresolved reference 'open'.
e: file:///workspace/CleverFerret/src/main/java/com/universalmedialibrary/services/epub/ReadiumPdfService.kt:71:33 2 type arguments expected. Use class 'Success' if you don't intend to pass type arguments.
e: file:///workspace/CleverFerret/src/main/java/com/universalmedialibrary/services/epub/ReadiumPdfService.kt:100:45 Unresolved reference 'positions'.
e: file:///workspace/CleverFerret/src/main/java/com/universalmedialibrary/services/epub/ReadiumPdfService.kt:126:33 2 type arguments expected. Use class 'Success' if you don't intend to pass type arguments.
e: file:///workspace/CleverFerret/src/main/java/com/universalmedialibrary/services/epub/ReadiumPdfService.kt:127:42 Unresolved reference 'value'.
e: file:///workspace/CleverFerret/src/main/java/com/universalmedialibrary/services/epub/ReadiumPdfService.kt:129:68 Argument type mismatch: actual type is 'kotlin.Any', but 'kotlin.ByteArray!' was expected.
e: file:///workspace/CleverFerret/src/main/java/com/universalmedialibrary/services/epub/ReadiumPdfService.kt:129:84 Unresolved reference 'size'.
e: file:///workspace/CleverFerret/src/main/java/com/universalmedialibrary/services/integration/jellyfin/JellyfinClient.kt:35:20 None of the following candidates is applicable:
constructor(optionsBuilder: JellyfinOptions.Builder): Jellyfin
constructor(options: JellyfinOptions): Jellyfin
e: file:///workspace/CleverFerret/src/main/java/com/universalmedialibrary/services/integration/jellyfin/JellyfinClient.kt:35:29 Unresolved reference 'httpClientOptions'.
e: file:///workspace/CleverFerret/src/main/java/com/universalmedialibrary/services/integration/jellyfin/JellyfinClient.kt:36:13 Unresolved reference 'context'.
e: file:///workspace/CleverFerret/src/main/java/com/universalmedialibrary/services/integration/jellyfin/JellyfinClient.kt:39:13 Unresolved reference 'clientInfo'.
e: file:///workspace/CleverFerret/src/main/java/com/universalmedialibrary/services/integration/jellyfin/JellyfinClient.kt:40:17 Unresolved reference 'name'.
e: file:///workspace/CleverFerret/src/main/java/com/universalmedialibrary/services/integration/jellyfin/JellyfinClient.kt:41:17 Unresolved reference 'version'.
e: file:///workspace/CleverFerret/src/main/java/com/universalmedialibrary/services/integration/jellyfin/JellyfinClient.kt:45:13 Unresolved reference 'httpClientOptions'.
e: file:///workspace/CleverFerret/src/main/java/com/universalmedialibrary/services/integration/jellyfin/JellyfinClient.kt:46:17 Unresolved reference 'client'.
e: file:///workspace/CleverFerret/src/main/java/com/universalmedialibrary/services/integration/jellyfin/JellyfinClient.kt:72:21 No parameter with name 'username' found.
e: file:///workspace/CleverFerret/src/main/java/com/universalmedialibrary/services/integration/jellyfin/JellyfinClient.kt:73:21 No parameter with name 'password' found.
e: file:///workspace/CleverFerret/src/main/java/com/universalmedialibrary/services/integration/jellyfin/JellyfinClient.kt:73:21 No value passed for parameter 'data'.
e: file:///workspace/CleverFerret/src/main/java/com/universalmedialibrary/services/integration/jellyfin/JellyfinClient.kt:110:9 Argument type mismatch: actual type is 'it(kotlin.Result<kotlin.String> & kotlin.Result<T>)', but 'it(kotlin.Result<kotlin.collections.List<org.jellyfin.sdk.model.api.BaseItemDto>> & kotlin.Result<T> & kotlin.Result<T>)' was expected.
e: file:///workspace/CleverFerret/src/main/java/com/universalmedialibrary/services/integration/jellyfin/JellyfinClient.kt:115:33 Unresolved reference 'userId'.
e: file:///workspace/CleverFerret/src/main/java/com/universalmedialibrary/services/integration/jellyfin/JellyfinClient.kt:119:51 Unresolved reference 'getUserViews'.
e: file:///workspace/CleverFerret/src/main/java/com/universalmedialibrary/services/integration/jellyfin/JellyfinClient.kt:120:37 Unresolved reference 'items'.
e: file:///workspace/CleverFerret/src/main/java/com/universalmedialibrary/services/integration/jellyfin/JellyfinClient.kt:145:33 Unresolved reference 'userId'.
e: file:///workspace/CleverFerret/src/main/java/com/universalmedialibrary/services/integration/jellyfin/JellyfinClient.kt:151:28 Argument type mismatch: actual type is 'kotlin.String?', but 'java.util.UUID?' was expected.
e: file:///workspace/CleverFerret/src/main/java/com/universalmedialibrary/services/integration/jellyfin/JellyfinClient.kt:182:37 Unresolved reference 'userId'.
e: file:///workspace/CleverFerret/src/main/java/com/universalmedialibrary/services/integration/jellyfin/JellyfinClient.kt:220:33 Unresolved reference 'userId'.
e: file:///workspace/CleverFerret/src/main/java/com/universalmedialibrary/services/integration/jellyfin/JellyfinClient.kt:253:37 Unresolved reference 'userId'.
e: file:///workspace/CleverFerret/src/main/java/com/universalmedialibrary/services/integration/jellyfin/JellyfinClient.kt:259:30 Argument type mismatch: actual type is 'kotlin.String', but 'java.util.UUID' was expected.
e: file:///workspace/CleverFerret/src/main/java/com/universalmedialibrary/services/integration/jellyfin/JellyfinClient.kt:277:33 Unresolved reference 'userId'.
e: file:///workspace/CleverFerret/src/main/java/com/universalmedialibrary/services/integration/jellyfin/JellyfinClient.kt:281:35 Unresolved reference 'markPlayedItem'.
e: file:///workspace/CleverFerret/src/main/java/com/universalmedialibrary/services/integration/jellyfin/JellyfinClient.kt:301:33 Unresolved reference 'userId'.
e: file:///workspace/CleverFerret/src/main/java/com/universalmedialibrary/services/integration/jellyfin/JellyfinClient.kt:305:35 Unresolved reference 'markUnplayedItem'.
e: file:///workspace/CleverFerret/src/main/java/com/universalmedialibrary/services/integration/jellyfin/JellyfinClient.kt:329:29 Unresolved reference 'userId'.
e: file:///workspace/CleverFerret/src/main/java/com/universalmedialibrary/services/metadata/MetadataServiceModels.kt:177:12 Redeclaration:
data class OMDbResponse : Any
e: file:///workspace/CleverFerret/src/main/java/com/universalmedialibrary/services/metadata/MetadataServiceModels.kt:192:12 Redeclaration:
data class NYTReviewsResponse : Any
e: file:///workspace/CleverFerret/src/main/java/com/universalmedialibrary/services/metadata/MetadataServiceModels.kt:200:12 Redeclaration:
data class NYTReview : Any
e: file:///workspace/CleverFerret/src/main/java/com/universalmedialibrary/services/metadata/MetadataServiceModels.kt:228:12 Redeclaration:
data class YouTubeSearchResponse : Any
e: file:///workspace/CleverFerret/src/main/java/com/universalmedialibrary/services/metadata/MetadataServiceModels.kt:249:12 Redeclaration:
data class YouTubeVideoId : Any
e: file:///workspace/CleverFerret/src/main/java/com/universalmedialibrary/services/metadata/MetadataServiceModels.kt:254:12 Redeclaration:
data class YouTubeSnippet : Any
e: file:///workspace/CleverFerret/src/main/java/com/universalmedialibrary/services/metadata/MetadataServiceModels.kt:263:12 Redeclaration:
data class YouTubeThumbnails : Any
e: file:///workspace/CleverFerret/src/main/java/com/universalmedialibrary/services/metadata/MetadataServiceModels.kt:269:12 Redeclaration:
data class YouTubeThumbnail : Any
e: file:///workspace/CleverFerret/src/main/java/com/universalmedialibrary/services/metadata/MovieReviewService.kt:145:41 Unresolved reference 'Ratings'.
e: file:///workspace/CleverFerret/src/main/java/com/universalmedialibrary/services/metadata/MovieReviewService.kt:145:57 Unresolved reference 'it'.
e: file:///workspace/CleverFerret/src/main/java/com/universalmedialibrary/services/metadata/MovieReviewService.kt:149:54 Unresolved reference 'Value'.
e: file:///workspace/CleverFerret/src/main/java/com/universalmedialibrary/services/metadata/MovieReviewService.kt:150:53 Unresolved reference 'Value'.
e: file:///workspace/CleverFerret/src/main/java/com/universalmedialibrary/services/metadata/MovieReviewService.kt:151:48 Unresolved reference 'Metascore'.
e: file:///workspace/CleverFerret/src/main/java/com/universalmedialibrary/services/metadata/MovieReviewService.kt:246:12 Redeclaration:
data class OMDbResponse : Any
e: file:///workspace/CleverFerret/src/main/java/com/universalmedialibrary/services/metadata/MovieReviewService.kt:261:12 Redeclaration:
data class NYTReviewsResponse : Any
e: file:///workspace/CleverFerret/src/main/java/com/universalmedialibrary/services/metadata/MovieReviewService.kt:265:12 Redeclaration:
data class NYTReview : Any
e: file:///workspace/CleverFerret/src/main/java/com/universalmedialibrary/services/metadata/MovieTrailerService.kt:200:12 Redeclaration:
data class YouTubeSearchResponse : Any
e: file:///workspace/CleverFerret/src/main/java/com/universalmedialibrary/services/metadata/MovieTrailerService.kt:209:12 Redeclaration:
data class YouTubeVideoId : Any
e: file:///workspace/CleverFerret/src/main/java/com/universalmedialibrary/services/metadata/MovieTrailerService.kt:213:12 Redeclaration:
data class YouTubeSnippet : Any
e: file:///workspace/CleverFerret/src/main/java/com/universalmedialibrary/services/metadata/MovieTrailerService.kt:218:12 Redeclaration:
data class YouTubeThumbnails : Any
e: file:///workspace/CleverFerret/src/main/java/com/universalmedialibrary/services/metadata/MovieTrailerService.kt:225:12 Redeclaration:
data class YouTubeThumbnail : Any
e: file:///workspace/CleverFerret/src/main/java/com/universalmedialibrary/services/opds/OPDSService.kt:59:9 Argument type mismatch: actual type is 'it(kotlin.Unit & kotlin.Result<T>)', but 'it(kotlin.Result<com.universalmedialibrary.services.opds.OPDSFeed> & kotlin.Result<T>)' was expected.
e: file:///workspace/CleverFerret/src/main/java/com/universalmedialibrary/services/opds/OPDSService.kt:67:39 Argument type mismatch: actual type is 'org.readium.r2.shared.util.Url', but 'org.readium.r2.shared.util.AbsoluteUrl' was expected.
e: file:///workspace/CleverFerret/src/main/java/com/universalmedialibrary/services/opds/OPDSService.kt:68:39 Unresolved reference 'fetch'.
e: file:///workspace/CleverFerret/src/main/java/com/universalmedialibrary/services/opds/OPDSService.kt:71:20 2 type arguments expected. Use class 'Success' if you don't intend to pass type arguments.
e: file:///workspace/CleverFerret/src/main/java/com/universalmedialibrary/services/opds/OPDSService.kt:76:28 2 type arguments expected. Use class 'Success' if you don't intend to pass type arguments.
e: file:///workspace/CleverFerret/src/main/java/com/universalmedialibrary/services/opds/OPDSService.kt:88:28 2 type arguments expected. Use class 'Failure' if you don't intend to pass type arguments.
e: file:///workspace/CleverFerret/src/main/java/com/universalmedialibrary/services/opds/OPDSService.kt:94:20 2 type arguments expected. Use class 'Failure' if you don't intend to pass type arguments.
e: file:///workspace/CleverFerret/src/main/java/com/universalmedialibrary/services/opds/OPDSService.kt:96:28 Cannot infer type for this parameter. Please specify it explicitly.
e: file:///workspace/CleverFerret/src/main/java/com/universalmedialibrary/services/opds/OPDSService.kt:96:28 Not enough information to infer type argument for 'T'.
e: file:///workspace/CleverFerret/src/main/java/com/universalmedialibrary/services/opds/OPDSService.kt:101:20 Cannot infer type for this parameter. Please specify it explicitly.
e: file:///workspace/CleverFerret/src/main/java/com/universalmedialibrary/services/opds/OPDSService.kt:130:43 Unresolved reference 'parse'.
e: file:///workspace/CleverFerret/src/main/java/com/universalmedialibrary/services/opds/OPDSService.kt:131:13 'when' expression must be exhaustive. Add an 'else' branch.
e: file:///workspace/CleverFerret/src/main/java/com/universalmedialibrary/services/opds/OPDSService.kt:132:20 2 type arguments expected. Use class 'Success' if you don't intend to pass type arguments.
e: file:///workspace/CleverFerret/src/main/java/com/universalmedialibrary/services/opds/OPDSService.kt:136:59 Cannot infer type for this parameter. Please specify it explicitly.
e: file:///workspace/CleverFerret/src/main/java/com/universalmedialibrary/services/opds/OPDSService.kt:138:45 Unresolved reference 'metadata'.
e: file:///workspace/CleverFerret/src/main/java/com/universalmedialibrary/services/opds/OPDSService.kt:139:47 Unresolved reference 'metadata'.
e: file:///workspace/CleverFerret/src/main/java/com/universalmedialibrary/services/opds/OPDSService.kt:139:70 Unresolved reference 'it'.
e: file:///workspace/CleverFerret/src/main/java/com/universalmedialibrary/services/opds/OPDSService.kt:140:47 Unresolved reference 'metadata'.
e: file:///workspace/CleverFerret/src/main/java/com/universalmedialibrary/services/opds/OPDSService.kt:141:49 Unresolved reference 'metadata'.
e: file:///workspace/CleverFerret/src/main/java/com/universalmedialibrary/services/opds/OPDSService.kt:142:47 Unresolved reference 'metadata'.
e: file:///workspace/CleverFerret/src/main/java/com/universalmedialibrary/services/opds/OPDSService.kt:143:44 Argument type mismatch: actual type is 'kotlin.Int?', but 'kotlin.String?' was expected.
e: file:///workspace/CleverFerret/src/main/java/com/universalmedialibrary/services/opds/OPDSService.kt:143:48 Unresolved reference 'metadata'.
e: file:///workspace/CleverFerret/src/main/java/com/universalmedialibrary/services/opds/OPDSService.kt:144:48 Unresolved reference 'images'.
e: file:///workspace/CleverFerret/src/main/java/com/universalmedialibrary/services/opds/OPDSService.kt:144:70 Unresolved reference 'url'.
e: file:///workspace/CleverFerret/src/main/java/com/universalmedialibrary/services/opds/OPDSService.kt:145:56 Unresolved reference 'links'.
e: file:///workspace/CleverFerret/src/main/java/com/universalmedialibrary/services/opds/OPDSService.kt:146:47 Unresolved reference 'it'.
e: file:///workspace/CleverFerret/src/main/java/com/universalmedialibrary/services/opds/OPDSService.kt:147:38 Overload resolution ambiguity between candidates:
fun <R, T> Result<T>.map(transform: (@ParameterName(...) T) -> R): Result<R>
    [R|Contract description]
     <
        CallsInPlace(transform, AT_MOST_ONCE)
    >
fun <T, R> Array<out T>.map(transform: (T) -> R): List<R>
fun <R> ByteArray.map(transform: (Byte) -> R): List<R>
fun <R> ShortArray.map(transform: (Short) -> R): List<R>
fun <R> IntArray.map(transform: (Int) -> R): List<R>
fun <R> LongArray.map(transform: (Long) -> R): List<R>
fun <R> FloatArray.map(transform: (Float) -> R): List<R>
fun <R> DoubleArray.map(transform: (Double) -> R): List<R>
fun <R> BooleanArray.map(transform: (Boolean) -> R): List<R>
fun <R> CharArray.map(transform: (Char) -> R): List<R>
fun <T, R> Iterable<T>.map(transform: (T) -> R): List<R>
fun <K, V, R> Map<out K, V>.map(transform: (Map.Entry<K, V>) -> R): List<R>
fun <R> UIntArray.map(transform: (UInt) -> R): List<R>
fun <R> ULongArray.map(transform: (ULong) -> R): List<R>
fun <R> UByteArray.map(transform: (UByte) -> R): List<R>
fun <R> UShortArray.map(transform: (UShort) -> R): List<R>
fun <T, R> Sequence<T>.map(transform: (T) -> R): Sequence<R>
fun <R> CharSequence.map(transform: (Char) -> R): List<R>
e: file:///workspace/CleverFerret/src/main/java/com/universalmedialibrary/services/opds/OPDSService.kt:147:44 Cannot infer type for this parameter. Please specify it explicitly.
e: file:///workspace/CleverFerret/src/main/java/com/universalmedialibrary/services/opds/OPDSService.kt:149:57 Unresolved reference 'url'.
e: file:///workspace/CleverFerret/src/main/java/com/universalmedialibrary/services/opds/OPDSService.kt:150:58 Unresolved reference 'title'.
e: file:///workspace/CleverFerret/src/main/java/com/universalmedialibrary/services/opds/OPDSService.kt:151:56 Unresolved reference 'rels'.
e: file:///workspace/CleverFerret/src/main/java/com/universalmedialibrary/services/opds/OPDSService.kt:156:60 Cannot infer type for this parameter. Please specify it explicitly.
e: file:///workspace/CleverFerret/src/main/java/com/universalmedialibrary/services/opds/OPDSService.kt:158:45 Unresolved reference 'url'.
e: file:///workspace/CleverFerret/src/main/java/com/universalmedialibrary/services/opds/OPDSService.kt:159:46 Unresolved reference 'title'.
e: file:///workspace/CleverFerret/src/main/java/com/universalmedialibrary/services/opds/OPDSService.kt:160:44 Unresolved reference 'rels'.
e: file:///workspace/CleverFerret/src/main/java/com/universalmedialibrary/services/opds/OPDSService.kt:165:20 2 type arguments expected. Use class 'Failure' if you don't intend to pass type arguments.
e: file:///workspace/CleverFerret/src/main/java/com/universalmedialibrary/services/opds/OPDSService.kt:175:43 Unresolved reference 'parse'.
e: file:///workspace/CleverFerret/src/main/java/com/universalmedialibrary/services/opds/OPDSService.kt:176:13 'when' expression must be exhaustive. Add an 'else' branch.
e: file:///workspace/CleverFerret/src/main/java/com/universalmedialibrary/services/opds/OPDSService.kt:177:20 2 type arguments expected. Use class 'Success' if you don't intend to pass type arguments.
e: file:///workspace/CleverFerret/src/main/java/com/universalmedialibrary/services/opds/OPDSService.kt:181:59 Cannot infer type for this parameter. Please specify it explicitly.
e: file:///workspace/CleverFerret/src/main/java/com/universalmedialibrary/services/opds/OPDSService.kt:183:45 Unresolved reference 'metadata'.
e: file:///workspace/CleverFerret/src/main/java/com/universalmedialibrary/services/opds/OPDSService.kt:184:47 Unresolved reference 'metadata'.
e: file:///workspace/CleverFerret/src/main/java/com/universalmedialibrary/services/opds/OPDSService.kt:184:70 Unresolved reference 'it'.
e: file:///workspace/CleverFerret/src/main/java/com/universalmedialibrary/services/opds/OPDSService.kt:185:47 Unresolved reference 'metadata'.
e: file:///workspace/CleverFerret/src/main/java/com/universalmedialibrary/services/opds/OPDSService.kt:186:49 Unresolved reference 'metadata'.
e: file:///workspace/CleverFerret/src/main/java/com/universalmedialibrary/services/opds/OPDSService.kt:187:47 Unresolved reference 'metadata'.
e: file:///workspace/CleverFerret/src/main/java/com/universalmedialibrary/services/opds/OPDSService.kt:188:44 Argument type mismatch: actual type is 'kotlin.Int?', but 'kotlin.String?' was expected.
e: file:///workspace/CleverFerret/src/main/java/com/universalmedialibrary/services/opds/OPDSService.kt:188:48 Unresolved reference 'metadata'.
e: file:///workspace/CleverFerret/src/main/java/com/universalmedialibrary/services/opds/OPDSService.kt:189:48 Unresolved reference 'images'.
e: file:///workspace/CleverFerret/src/main/java/com/universalmedialibrary/services/opds/OPDSService.kt:189:70 Unresolved reference 'url'.
e: file:///workspace/CleverFerret/src/main/java/com/universalmedialibrary/services/opds/OPDSService.kt:190:56 Unresolved reference 'links'.
e: file:///workspace/CleverFerret/src/main/java/com/universalmedialibrary/services/opds/OPDSService.kt:191:45 Overload resolution ambiguity between candidates:
fun <T> Array<out T>.any(predicate: (T) -> Boolean): Boolean
fun ByteArray.any(predicate: (Byte) -> Boolean): Boolean
fun ShortArray.any(predicate: (Short) -> Boolean): Boolean
fun IntArray.any(predicate: (Int) -> Boolean): Boolean
fun LongArray.any(predicate: (Long) -> Boolean): Boolean
fun FloatArray.any(predicate: (Float) -> Boolean): Boolean
fun DoubleArray.any(predicate: (Double) -> Boolean): Boolean
fun BooleanArray.any(predicate: (Boolean) -> Boolean): Boolean
fun CharArray.any(predicate: (Char) -> Boolean): Boolean
fun <T> Iterable<T>.any(predicate: (T) -> Boolean): Boolean
fun <K, V> Map<out K, V>.any(predicate: (Map.Entry<K, V>) -> Boolean): Boolean
fun UIntArray.any(predicate: (UInt) -> Boolean): Boolean
fun ULongArray.any(predicate: (ULong) -> Boolean): Boolean
fun UByteArray.any(predicate: (UByte) -> Boolean): Boolean
fun UShortArray.any(predicate: (UShort) -> Boolean): Boolean
fun <T> Sequence<T>.any(predicate: (T) -> Boolean): Boolean
fun CharSequence.any(predicate: (Char) -> Boolean): Boolean
e: file:///workspace/CleverFerret/src/main/java/com/universalmedialibrary/services/opds/OPDSService.kt:191:47 Unresolved reference 'it'.
e: file:///workspace/CleverFerret/src/main/java/com/universalmedialibrary/services/opds/OPDSService.kt:191:61 Cannot infer type for this parameter. Please specify it explicitly.
e: file:///workspace/CleverFerret/src/main/java/com/universalmedialibrary/services/opds/OPDSService.kt:192:38 Overload resolution ambiguity between candidates:
fun <R, T> Result<T>.map(transform: (@ParameterName(...) T) -> R): Result<R>
    [R|Contract description]
     <
        CallsInPlace(transform, AT_MOST_ONCE)
    >
fun <T, R> Array<out T>.map(transform: (T) -> R): List<R>
fun <R> ByteArray.map(transform: (Byte) -> R): List<R>
fun <R> ShortArray.map(transform: (Short) -> R): List<R>
fun <R> IntArray.map(transform: (Int) -> R): List<R>
fun <R> LongArray.map(transform: (Long) -> R): List<R>
fun <R> FloatArray.map(transform: (Float) -> R): List<R>
fun <R> DoubleArray.map(transform: (Double) -> R): List<R>
fun <R> BooleanArray.map(transform: (Boolean) -> R): List<R>
fun <R> CharArray.map(transform: (Char) -> R): List<R>
fun <T, R> Iterable<T>.map(transform: (T) -> R): List<R>
fun <K, V, R> Map<out K, V>.map(transform: (Map.Entry<K, V>) -> R): List<R>
fun <R> UIntArray.map(transform: (UInt) -> R): List<R>
fun <R> ULongArray.map(transform: (ULong) -> R): List<R>
fun <R> UByteArray.map(transform: (UByte) -> R): List<R>
fun <R> UShortArray.map(transform: (UShort) -> R): List<R>
fun <T, R> Sequence<T>.map(transform: (T) -> R): Sequence<R>
fun <R> CharSequence.map(transform: (Char) -> R): List<R>
e: file:///workspace/CleverFerret/src/main/java/com/universalmedialibrary/services/opds/OPDSService.kt:192:44 Cannot infer type for this parameter. Please specify it explicitly.
e: file:///workspace/CleverFerret/src/main/java/com/universalmedialibrary/services/opds/OPDSService.kt:194:57 Unresolved reference 'url'.
e: file:///workspace/CleverFerret/src/main/java/com/universalmedialibrary/services/opds/OPDSService.kt:195:58 Unresolved reference 'title'.
e: file:///workspace/CleverFerret/src/main/java/com/universalmedialibrary/services/opds/OPDSService.kt:196:56 Unresolved reference 'rels'.
e: file:///workspace/CleverFerret/src/main/java/com/universalmedialibrary/services/opds/OPDSService.kt:201:60 Cannot infer type for this parameter. Please specify it explicitly.
e: file:///workspace/CleverFerret/src/main/java/com/universalmedialibrary/services/opds/OPDSService.kt:203:45 Unresolved reference 'url'.
e: file:///workspace/CleverFerret/src/main/java/com/universalmedialibrary/services/opds/OPDSService.kt:204:46 Unresolved reference 'title'.
e: file:///workspace/CleverFerret/src/main/java/com/universalmedialibrary/services/opds/OPDSService.kt:205:44 Unresolved reference 'rels'.
e: file:///workspace/CleverFerret/src/main/java/com/universalmedialibrary/services/opds/OPDSService.kt:210:20 2 type arguments expected. Use class 'Failure' if you don't intend to pass type arguments.
e: file:///workspace/CleverFerret/src/main/java/com/universalmedialibrary/services/opds/OPDSService.kt:229:27 Unresolved reference 'insert'.
e: file:///workspace/CleverFerret/src/main/java/com/universalmedialibrary/services/opds/OPDSService.kt:236:20 Unresolved reference 'delete'.
e: file:///workspace/CleverFerret/src/main/java/com/universalmedialibrary/services/opds/OPDSService.kt:243:20 Unresolved reference 'updateLastAccessed'.
e: file:///workspace/CleverFerret/src/main/java/com/universalmedialibrary/services/reader/UnifiedReaderService.kt:111:21 'return' is prohibited here.
e: file:///workspace/CleverFerret/src/main/java/com/universalmedialibrary/services/reader/UnifiedReaderService.kt:111:28 Null cannot be a value of a non-null type 'com.universalmedialibrary.services.reader.ReaderType'.
e: file:///workspace/CleverFerret/src/main/java/com/universalmedialibrary/ui/opds/OPDSCatalogBrowserScreen.kt:43:23 Cannot infer type for this parameter. Please specify it explicitly.
e: file:///workspace/CleverFerret/src/main/java/com/universalmedialibrary/ui/opds/OPDSCatalogBrowserScreen.kt:43:23 Property delegate must have a 'getValue(Nothing?, KProperty0<ERROR CLASS: Cannot infer argument for type parameter T>)' method. None of the following functions is applicable:
fun <T> State<T>.getValue(thisObj: Any?, property: KProperty<*>): T
e: file:///workspace/CleverFerret/src/main/java/com/universalmedialibrary/ui/opds/OPDSCatalogBrowserScreen.kt:43:23 Not enough information to infer type argument for 'T'.
e: file:///workspace/CleverFerret/src/main/java/com/universalmedialibrary/ui/opds/OPDSCatalogBrowserScreen.kt:43:45 Cannot infer type for this parameter. Please specify it explicitly.
e: file:///workspace/CleverFerret/src/main/java/com/universalmedialibrary/ui/opds/OPDSCatalogBrowserScreen.kt:43:45 Not enough information to infer type argument for 'T'.
e: file:///workspace/CleverFerret/src/main/java/com/universalmedialibrary/ui/opds/OPDSCatalogBrowserScreen.kt:44:22 Cannot infer type for this parameter. Please specify it explicitly.
e: file:///workspace/CleverFerret/src/main/java/com/universalmedialibrary/ui/opds/OPDSCatalogBrowserScreen.kt:44:22 Property delegate must have a 'getValue(Nothing?, KProperty0<ERROR CLASS: Cannot infer argument for type parameter T>)' method. None of the following functions is applicable:
fun <T> State<T>.getValue(thisObj: Any?, property: KProperty<*>): T
e: file:///workspace/CleverFerret/src/main/java/com/universalmedialibrary/ui/opds/OPDSCatalogBrowserScreen.kt:44:22 Not enough information to infer type argument for 'T'.
e: file:///workspace/CleverFerret/src/main/java/com/universalmedialibrary/ui/opds/OPDSCatalogBrowserScreen.kt:44:48 Cannot infer type for this parameter. Please specify it explicitly.
e: file:///workspace/CleverFerret/src/main/java/com/universalmedialibrary/ui/opds/OPDSCatalogBrowserScreen.kt:44:48 Not enough information to infer type argument for 'T'.
e: file:///workspace/CleverFerret/src/main/java/com/universalmedialibrary/ui/opds/OPDSCatalogBrowserScreen.kt:95:47 Overload resolution ambiguity between candidates:
fun <T> Array<out T>.isNotEmpty(): Boolean
fun ByteArray.isNotEmpty(): Boolean
fun ShortArray.isNotEmpty(): Boolean
fun IntArray.isNotEmpty(): Boolean
fun LongArray.isNotEmpty(): Boolean
fun FloatArray.isNotEmpty(): Boolean
fun DoubleArray.isNotEmpty(): Boolean
fun BooleanArray.isNotEmpty(): Boolean
fun CharArray.isNotEmpty(): Boolean
fun <T> Collection<T>.isNotEmpty(): Boolean
fun <K, V> Map<out K, V>.isNotEmpty(): Boolean
fun CharSequence.isNotEmpty(): Boolean
e: file:///workspace/CleverFerret/src/main/java/com/universalmedialibrary/ui/opds/OPDSCatalogBrowserScreen.kt:96:63 Function invocation 'size(...)' expected.
e: file:///workspace/CleverFerret/src/main/java/com/universalmedialibrary/ui/opds/OPDSCatalogBrowserScreen.kt:122:31 Unresolved reference 'OPDSFeedResult'.
e: file:///workspace/CleverFerret/src/main/java/com/universalmedialibrary/ui/opds/OPDSCatalogBrowserScreen.kt:124:46 Unresolved reference 'OPDSFeedResult'.
e: file:///workspace/CleverFerret/src/main/java/com/universalmedialibrary/ui/opds/OPDSCatalogBrowserScreen.kt:126:45 Unresolved reference 'publications'.
e: file:///workspace/CleverFerret/src/main/java/com/universalmedialibrary/ui/opds/OPDSCatalogBrowserScreen.kt:127:48 Unresolved reference 'OPDSPublication'.
e: file:///workspace/CleverFerret/src/main/java/com/universalmedialibrary/ui/opds/OPDSCatalogBrowserScreen.kt:133:31 Unresolved reference 'OPDSFeedResult'.
e: file:///workspace/CleverFerret/src/main/java/com/universalmedialibrary/ui/opds/OPDSCatalogBrowserScreen.kt:136:50 Unresolved reference 'OPDSFeedResult'.
e: file:///workspace/CleverFerret/src/main/java/com/universalmedialibrary/ui/opds/OPDSCatalogBrowserScreen.kt:136:72 Unresolved reference 'message'.
e: file:///workspace/CleverFerret/src/main/java/com/universalmedialibrary/ui/opds/OPDSCatalogBrowserScreen.kt:265:24 Unresolved reference 'OPDSPublication'.
e: file:///workspace/CleverFerret/src/main/java/com/universalmedialibrary/ui/opds/OPDSCatalogBrowserScreen.kt:266:26 Unresolved reference 'OPDSPublication'.
e: file:///workspace/CleverFerret/src/main/java/com/universalmedialibrary/ui/opds/OPDSCatalogBrowserScreen.kt:273:15 Argument type mismatch: actual type is 'kotlin.collections.List<ERROR CLASS: Symbol not found for OPDSPublication>', but 'kotlin.Int' was expected.
e: file:///workspace/CleverFerret/src/main/java/com/universalmedialibrary/ui/opds/OPDSCatalogBrowserScreen.kt:274:13 @Composable invocations can only happen from the context of a @Composable function
e: file:///workspace/CleverFerret/src/main/java/com/universalmedialibrary/ui/opds/OPDSCatalogBrowserScreen.kt:284:18 Unresolved reference 'OPDSPublication'.
e: file:///workspace/CleverFerret/src/main/java/com/universalmedialibrary/ui/opds/OPDSCatalogBrowserScreen.kt:298:29 Unresolved reference 'coverUrl'.
e: file:///workspace/CleverFerret/src/main/java/com/universalmedialibrary/ui/opds/OPDSCatalogBrowserScreen.kt:300:41 Unresolved reference 'coverUrl'.
e: file:///workspace/CleverFerret/src/main/java/com/universalmedialibrary/ui/opds/OPDSCatalogBrowserScreen.kt:313:40 Unresolved reference 'title'.
e: file:///workspace/CleverFerret/src/main/java/com/universalmedialibrary/ui/opds/OPDSCatalogBrowserScreen.kt:319:33 Unresolved reference 'authors'.
e: file:///workspace/CleverFerret/src/main/java/com/universalmedialibrary/ui/opds/OPDSCatalogBrowserScreen.kt:321:44 Unresolved reference 'authors'.
e: file:///workspace/CleverFerret/src/main/java/com/universalmedialibrary/ui/opds/OPDSCatalogBrowserScreen.kt:327:33 Unresolved reference 'description'.
e: file:///workspace/CleverFerret/src/main/java/com/universalmedialibrary/ui/opds/OPDSCatalogBrowserScreen.kt:329:44 Unresolved reference 'description'.
e: file:///workspace/CleverFerret/src/main/java/com/universalmedialibrary/ui/opds/OPDSCatalogBrowserScreen.kt:338:33 Unresolved reference 'downloadLinks'.
e: file:///workspace/CleverFerret/src/main/java/com/universalmedialibrary/ui/opds/OPDSCatalogBrowserScreen.kt:340:44 Unresolved reference 'downloadLinks'.
e: file:///workspace/CleverFerret/src/main/java/com/universalmedialibrary/ui/opds/OPDSCatalogBrowserScreen.kt:342:33 Unresolved reference 'it'.
e: file:///workspace/CleverFerret/src/main/java/com/universalmedialibrary/ui/opds/OPDSCatalogBrowserScreen.kt:343:33 Unresolved reference 'it'.
e: file:///workspace/CleverFerret/src/main/java/com/universalmedialibrary/ui/opds/OPDSCatalogBrowserScreen.kt:344:33 Unresolved reference 'it'.
e: file:///workspace/CleverFerret/src/main/java/com/universalmedialibrary/ui/opds/OPDSCatalogBrowserScreen.kt:345:41 Unresolved reference 'it'.
e: file:///workspace/CleverFerret/src/main/java/com/universalmedialibrary/ui/opds/OPDSCatalogBrowserScreen.kt:504:49 Unresolved reference 'OPDSFeedResult'.
e: file:///workspace/CleverFerret/src/main/java/com/universalmedialibrary/ui/opds/OPDSCatalogBrowserScreen.kt:504:66 Null cannot be a value of a non-null type 'T'.
e: file:///workspace/CleverFerret/src/main/java/com/universalmedialibrary/ui/opds/OPDSCatalogBrowserScreen.kt:505:36 Cannot infer type for this parameter. Please specify it explicitly.
e: file:///workspace/CleverFerret/src/main/java/com/universalmedialibrary/ui/opds/OPDSCatalogBrowserScreen.kt:505:36 Not enough information to infer type argument for 'T'.
e: file:///workspace/CleverFerret/src/main/java/com/universalmedialibrary/ui/opds/OPDSCatalogBrowserScreen.kt:510:43 Unresolved reference 'getActiveDownloads'.
e: file:///workspace/CleverFerret/src/main/java/com/universalmedialibrary/ui/opds/OPDSCatalogBrowserScreen.kt:511:10 Cannot infer type for this parameter. Please specify it explicitly.
e: file:///workspace/CleverFerret/src/main/java/com/universalmedialibrary/ui/opds/OPDSCatalogBrowserScreen.kt:511:72 Cannot infer type for this parameter. Please specify it explicitly.
e: file:///workspace/CleverFerret/src/main/java/com/universalmedialibrary/ui/opds/OPDSCatalogBrowserScreen.kt:516:25 Unresolved reference 'initializeDefaultCatalogs'.
e: file:///workspace/CleverFerret/src/main/java/com/universalmedialibrary/ui/opds/OPDSCatalogBrowserScreen.kt:536:46 Unresolved reference 'fetchFeed'.
e: file:///workspace/CleverFerret/src/main/java/com/universalmedialibrary/ui/opds/OPDSCatalogBrowserScreen.kt:546:60 Argument type mismatch: actual type is 'com.universalmedialibrary.data.local.entity.OPDSCatalog', but 'kotlin.String' was expected.
e: file:///workspace/CleverFerret/src/main/java/com/universalmedialibrary/ui/opds/OPDSCatalogBrowserScreen.kt:550:59 Unresolved reference 'OPDSPublication'.
e: file:///workspace/CleverFerret/src/main/java/com/universalmedialibrary/ui/opds/OPDSCatalogBrowserScreen.kt:558:25 Unresolved reference 'addCustomCatalog'.
e: file:///workspace/CleverFerret/src/main/java/com/universalmedialibrary/ui/opds/OPDSCatalogBrowserScreen.kt:564:25 Unresolved reference 'removeCatalog'.
e: file:///workspace/CleverFerret/src/main/java/com/universalmedialibrary/ui/player/ModernAudioPlayerScreen.kt:350:42 Unresolved reference 'title'.
e: file:///workspace/CleverFerret/src/main/java/com/universalmedialibrary/ui/player/ModernAudioPlayerScreen.kt:409:48 Unresolved reference 'title'.
e: file:///workspace/CleverFerret/src/main/java/com/universalmedialibrary/ui/player/ModernVideoPlayerViewModel.kt:205:26 Cannot infer type for this parameter. Please specify it explicitly.
e: file:///workspace/CleverFerret/src/main/java/com/universalmedialibrary/ui/player/ModernVideoPlayerViewModel.kt:205:30 Cannot infer type for this parameter. Please specify it explicitly.
e: file:///workspace/CleverFerret/src/main/java/com/universalmedialibrary/ui/player/ModernVideoPlayerViewModel.kt:207:31 Unresolved reference 'castVideo'.
e: file:///workspace/CleverFerret/src/main/java/com/universalmedialibrary/ui/reader/ComicReaderScreen.kt:39:27 Unresolved reference 'ComicReaderViewModel'.
e: file:///workspace/CleverFerret/src/main/java/com/universalmedialibrary/ui/reader/ComicReaderScreen.kt:39:50 Cannot infer type for this parameter. Please specify it explicitly.
e: file:///workspace/CleverFerret/src/main/java/com/universalmedialibrary/ui/reader/ComicReaderScreen.kt:137:73 Unresolved reference 'translatePage'.
e: file:///workspace/CleverFerret/src/main/java/com/universalmedialibrary/ui/reader/EnhancedEReaderScreen.kt:296:37 Unresolved reference 'chapters'.
e: file:///workspace/CleverFerret/src/main/java/com/universalmedialibrary/ui/reader/EnhancedEReaderScreen.kt:303:37 Unresolved reference 'chapters'.
e: file:///workspace/CleverFerret/src/main/java/com/universalmedialibrary/ui/reader/EnhancedEReaderScreen.kt:303:63 Cannot infer type for this parameter. Please specify it explicitly.
e: file:///workspace/CleverFerret/src/main/java/com/universalmedialibrary/ui/reader/EnhancedEReaderScreen.kt:303:70 Cannot infer type for this parameter. Please specify it explicitly.
e: file:///workspace/CleverFerret/src/main/java/com/universalmedialibrary/ui/reader/EnhancedEReaderScreen.kt:304:33 @Composable invocations can only happen from the context of a @Composable function
e: file:///workspace/CleverFerret/src/main/java/com/universalmedialibrary/ui/reader/EnhancedEReaderScreen.kt:308:55 Unresolved reference 'goToChapter'.
e: file:///workspace/CleverFerret/src/main/java/com/universalmedialibrary/ui/reader/EnhancedEReaderScreen.kt:313:55 @Composable invocations can only happen from the context of a @Composable function

> Task :CleverFerret:compileDebugKotlin FAILED

FAILURE: Build failed with an exception.

* What went wrong:
Execution failed for task ':CleverFerret:compileDebugKotlin'.
> A failure occurred while executing org.jetbrains.kotlin.compilerRunner.GradleCompilerRunnerWithWorkers$GradleKotlinCompilerWorkAction
   > Compilation error. See log for more details

* Try:
> Run with --info or --debug option to get more log output.
> Run with --scan to get full insights.
> Get more help at https://help.gradle.org.

* Exception is:
org.gradle.api.tasks.TaskExecutionException: Execution failed for task ':CleverFerret:compileDebugKotlin'.
	at org.gradle.api.internal.tasks.execution.ExecuteActionsTaskExecuter.lambda$executeIfValid$1(ExecuteActionsTaskExecuter.java:130)
	at org.gradle.internal.Try$Failure.ifSuccessfulOrElse(Try.java:293)
	at org.gradle.api.internal.tasks.execution.ExecuteActionsTaskExecuter.executeIfValid(ExecuteActionsTaskExecuter.java:128)
	at org.gradle.api.internal.tasks.execution.ExecuteActionsTaskExecuter.execute(ExecuteActionsTaskExecuter.java:116)
	at org.gradle.api.internal.tasks.execution.ProblemsTaskPathTrackingTaskExecuter.execute(ProblemsTaskPathTrackingTaskExecuter.java:40)
	at org.gradle.api.internal.tasks.execution.FinalizePropertiesTaskExecuter.execute(FinalizePropertiesTaskExecuter.java:46)
	at org.gradle.api.internal.tasks.execution.ResolveTaskExecutionModeExecuter.execute(ResolveTaskExecutionModeExecuter.java:51)
	at org.gradle.api.internal.tasks.execution.SkipTaskWithNoActionsExecuter.execute(SkipTaskWithNoActionsExecuter.java:57)
	at org.gradle.api.internal.tasks.execution.SkipOnlyIfTaskExecuter.execute(SkipOnlyIfTaskExecuter.java:74)
	at org.gradle.api.internal.tasks.execution.CatchExceptionTaskExecuter.execute(CatchExceptionTaskExecuter.java:36)
	at org.gradle.api.internal.tasks.execution.EventFiringTaskExecuter$1.executeTask(EventFiringTaskExecuter.java:77)
	at org.gradle.api.internal.tasks.execution.EventFiringTaskExecuter$1.call(EventFiringTaskExecuter.java:55)
	at org.gradle.api.internal.tasks.execution.EventFiringTaskExecuter$1.call(EventFiringTaskExecuter.java:52)
	at org.gradle.internal.operations.DefaultBuildOperationRunner$CallableBuildOperationWorker.execute(DefaultBuildOperationRunner.java:210)
	at org.gradle.internal.operations.DefaultBuildOperationRunner$CallableBuildOperationWorker.execute(DefaultBuildOperationRunner.java:205)
	at org.gradle.internal.operations.DefaultBuildOperationRunner$2.execute(DefaultBuildOperationRunner.java:67)
	at org.gradle.internal.operations.DefaultBuildOperationRunner$2.execute(DefaultBuildOperationRunner.java:60)
	at org.gradle.internal.operations.DefaultBuildOperationRunner.execute(DefaultBuildOperationRunner.java:167)
	at org.gradle.internal.operations.DefaultBuildOperationRunner.execute(DefaultBuildOperationRunner.java:60)
	at org.gradle.internal.operations.DefaultBuildOperationRunner.call(DefaultBuildOperationRunner.java:54)
	at org.gradle.api.internal.tasks.execution.EventFiringTaskExecuter.execute(EventFiringTaskExecuter.java:52)
	at org.gradle.execution.plan.LocalTaskNodeExecutor.execute(LocalTaskNodeExecutor.java:42)
	at org.gradle.execution.taskgraph.DefaultTaskExecutionGraph$InvokeNodeExecutorsAction.execute(DefaultTaskExecutionGraph.java:331)
	at org.gradle.execution.taskgraph.DefaultTaskExecutionGraph$InvokeNodeExecutorsAction.execute(DefaultTaskExecutionGraph.java:318)
	at org.gradle.execution.taskgraph.DefaultTaskExecutionGraph$BuildOperationAwareExecutionAction.lambda$execute$0(DefaultTaskExecutionGraph.java:314)
	at org.gradle.internal.operations.CurrentBuildOperationRef.with(CurrentBuildOperationRef.java:85)
	at org.gradle.execution.taskgraph.DefaultTaskExecutionGraph$BuildOperationAwareExecutionAction.execute(DefaultTaskExecutionGraph.java:314)
	at org.gradle.execution.taskgraph.DefaultTaskExecutionGraph$BuildOperationAwareExecutionAction.execute(DefaultTaskExecutionGraph.java:303)
	at org.gradle.execution.plan.DefaultPlanExecutor$ExecutorWorker.execute(DefaultPlanExecutor.java:459)
	at org.gradle.execution.plan.DefaultPlanExecutor$ExecutorWorker.run(DefaultPlanExecutor.java:376)
	at org.gradle.execution.plan.DefaultPlanExecutor.process(DefaultPlanExecutor.java:111)
	at org.gradle.execution.taskgraph.DefaultTaskExecutionGraph.executeWithServices(DefaultTaskExecutionGraph.java:138)
	at org.gradle.execution.taskgraph.DefaultTaskExecutionGraph.execute(DefaultTaskExecutionGraph.java:123)
	at org.gradle.execution.SelectedTaskExecutionAction.execute(SelectedTaskExecutionAction.java:35)
	at org.gradle.execution.DryRunBuildExecutionAction.execute(DryRunBuildExecutionAction.java:51)
	at org.gradle.execution.BuildOperationFiringBuildWorkerExecutor$ExecuteTasks.call(BuildOperationFiringBuildWorkerExecutor.java:54)
	at org.gradle.execution.BuildOperationFiringBuildWorkerExecutor$ExecuteTasks.call(BuildOperationFiringBuildWorkerExecutor.java:43)
	at org.gradle.internal.operations.DefaultBuildOperationRunner$CallableBuildOperationWorker.execute(DefaultBuildOperationRunner.java:210)
	at org.gradle.internal.operations.DefaultBuildOperationRunner$CallableBuildOperationWorker.execute(DefaultBuildOperationRunner.java:205)
	at org.gradle.internal.operations.DefaultBuildOperationRunner$2.execute(DefaultBuildOperationRunner.java:67)
	at org.gradle.internal.operations.DefaultBuildOperationRunner$2.execute(DefaultBuildOperationRunner.java:60)
	at org.gradle.internal.operations.DefaultBuildOperationRunner.execute(DefaultBuildOperationRunner.java:167)
	at org.gradle.internal.operations.DefaultBuildOperationRunner.execute(DefaultBuildOperationRunner.java:60)
	at org.gradle.internal.operations.DefaultBuildOperationRunner.call(DefaultBuildOperationRunner.java:54)
	at org.gradle.execution.BuildOperationFiringBuildWorkerExecutor.execute(BuildOperationFiringBuildWorkerExecutor.java:40)
	at org.gradle.internal.build.DefaultBuildLifecycleController.lambda$executeTasks$10(DefaultBuildLifecycleController.java:313)
	at org.gradle.internal.model.StateTransitionController.doTransition(StateTransitionController.java:266)
	at org.gradle.internal.model.StateTransitionController.lambda$tryTransition$8(StateTransitionController.java:177)
	at org.gradle.internal.work.DefaultSynchronizer.withLock(DefaultSynchronizer.java:46)
	at org.gradle.internal.model.StateTransitionController.tryTransition(StateTransitionController.java:177)
	at org.gradle.internal.build.DefaultBuildLifecycleController.executeTasks(DefaultBuildLifecycleController.java:304)
	at org.gradle.internal.build.DefaultBuildWorkGraphController$DefaultBuildWorkGraph.runWork(DefaultBuildWorkGraphController.java:220)
	at org.gradle.internal.work.DefaultWorkerLeaseService.withLocks(DefaultWorkerLeaseService.java:263)
	at org.gradle.internal.work.DefaultWorkerLeaseService.runAsWorkerThread(DefaultWorkerLeaseService.java:127)
	at org.gradle.composite.internal.DefaultBuildController.doRun(DefaultBuildController.java:181)
	at org.gradle.composite.internal.DefaultBuildController.access$000(DefaultBuildController.java:50)
	at org.gradle.composite.internal.DefaultBuildController$BuildOpRunnable.lambda$run$0(DefaultBuildController.java:198)
	at org.gradle.internal.operations.CurrentBuildOperationRef.with(CurrentBuildOperationRef.java:85)
	at org.gradle.composite.internal.DefaultBuildController$BuildOpRunnable.run(DefaultBuildController.java:198)
	at org.gradle.internal.concurrent.ExecutorPolicy$CatchAndRecordFailures.onExecute(ExecutorPolicy.java:64)
	at org.gradle.internal.concurrent.AbstractManagedExecutor$1.run(AbstractManagedExecutor.java:48)
Caused by: org.gradle.workers.internal.DefaultWorkerExecutor$WorkExecutionException: A failure occurred while executing org.jetbrains.kotlin.compilerRunner.GradleCompilerRunnerWithWorkers$GradleKotlinCompilerWorkAction
	at org.gradle.workers.internal.DefaultWorkerExecutor$WorkItemExecution.waitForCompletion(DefaultWorkerExecutor.java:287)
	at org.gradle.internal.work.DefaultAsyncWorkTracker.lambda$waitForItemsAndGatherFailures$2(DefaultAsyncWorkTracker.java:130)
	at org.gradle.internal.Factories$1.create(Factories.java:31)
	at org.gradle.internal.work.DefaultWorkerLeaseService.withoutLocks(DefaultWorkerLeaseService.java:335)
	at org.gradle.internal.work.DefaultWorkerLeaseService.withoutLocks(DefaultWorkerLeaseService.java:318)
	at org.gradle.internal.work.DefaultWorkerLeaseService.withoutLock(DefaultWorkerLeaseService.java:323)
	at org.gradle.internal.work.DefaultAsyncWorkTracker.waitForItemsAndGatherFailures(DefaultAsyncWorkTracker.java:126)
	at org.gradle.internal.work.DefaultAsyncWorkTracker.waitForItemsAndGatherFailures(DefaultAsyncWorkTracker.java:92)
	at org.gradle.internal.work.DefaultAsyncWorkTracker.waitForAll(DefaultAsyncWorkTracker.java:78)
	at org.gradle.internal.work.DefaultAsyncWorkTracker.waitForCompletion(DefaultAsyncWorkTracker.java:66)
	at org.gradle.api.internal.tasks.execution.TaskExecution$3.run(TaskExecution.java:252)
	at org.gradle.internal.operations.DefaultBuildOperationRunner$1.execute(DefaultBuildOperationRunner.java:30)
	at org.gradle.internal.operations.DefaultBuildOperationRunner$1.execute(DefaultBuildOperationRunner.java:27)
	at org.gradle.internal.operations.DefaultBuildOperationRunner$2.execute(DefaultBuildOperationRunner.java:67)
	at org.gradle.internal.operations.DefaultBuildOperationRunner$2.execute(DefaultBuildOperationRunner.java:60)
	at org.gradle.internal.operations.DefaultBuildOperationRunner.execute(DefaultBuildOperationRunner.java:167)
	at org.gradle.internal.operations.DefaultBuildOperationRunner.execute(DefaultBuildOperationRunner.java:60)
	at org.gradle.internal.operations.DefaultBuildOperationRunner.run(DefaultBuildOperationRunner.java:48)
	at org.gradle.api.internal.tasks.execution.TaskExecution.executeAction(TaskExecution.java:229)
	at org.gradle.api.internal.tasks.execution.TaskExecution.executeActions(TaskExecution.java:212)
	at org.gradle.api.internal.tasks.execution.TaskExecution.executeWithPreviousOutputFiles(TaskExecution.java:195)
	at org.gradle.api.internal.tasks.execution.TaskExecution.execute(TaskExecution.java:162)
	at org.gradle.internal.execution.steps.ExecuteStep.executeInternal(ExecuteStep.java:105)
	at org.gradle.internal.execution.steps.ExecuteStep.access$000(ExecuteStep.java:44)
	at org.gradle.internal.execution.steps.ExecuteStep$1.call(ExecuteStep.java:59)
	at org.gradle.internal.execution.steps.ExecuteStep$1.call(ExecuteStep.java:56)
	at org.gradle.internal.operations.DefaultBuildOperationRunner$CallableBuildOperationWorker.execute(DefaultBuildOperationRunner.java:210)
	at org.gradle.internal.operations.DefaultBuildOperationRunner$CallableBuildOperationWorker.execute(DefaultBuildOperationRunner.java:205)
	at org.gradle.internal.operations.DefaultBuildOperationRunner$2.execute(DefaultBuildOperationRunner.java:67)
	at org.gradle.internal.operations.DefaultBuildOperationRunner$2.execute(DefaultBuildOperationRunner.java:60)
	at org.gradle.internal.operations.DefaultBuildOperationRunner.execute(DefaultBuildOperationRunner.java:167)
	at org.gradle.internal.operations.DefaultBuildOperationRunner.execute(DefaultBuildOperationRunner.java:60)
	at org.gradle.internal.operations.DefaultBuildOperationRunner.call(DefaultBuildOperationRunner.java:54)
	at org.gradle.internal.execution.steps.ExecuteStep.execute(ExecuteStep.java:56)
	at org.gradle.internal.execution.steps.ExecuteStep.execute(ExecuteStep.java:44)
	at org.gradle.internal.execution.steps.CancelExecutionStep.execute(CancelExecutionStep.java:42)
	at org.gradle.internal.execution.steps.TimeoutStep.executeWithoutTimeout(TimeoutStep.java:75)
	at org.gradle.internal.execution.steps.TimeoutStep.execute(TimeoutStep.java:55)
	at org.gradle.internal.execution.steps.PreCreateOutputParentsStep.execute(PreCreateOutputParentsStep.java:50)
	at org.gradle.internal.execution.steps.PreCreateOutputParentsStep.execute(PreCreateOutputParentsStep.java:28)
	at org.gradle.internal.execution.steps.RemovePreviousOutputsStep.execute(RemovePreviousOutputsStep.java:67)
	at org.gradle.internal.execution.steps.RemovePreviousOutputsStep.execute(RemovePreviousOutputsStep.java:37)
	at org.gradle.internal.execution.steps.BroadcastChangingOutputsStep.execute(BroadcastChangingOutputsStep.java:61)
	at org.gradle.internal.execution.steps.BroadcastChangingOutputsStep.execute(BroadcastChangingOutputsStep.java:26)
	at org.gradle.internal.execution.steps.CaptureOutputsAfterExecutionStep.execute(CaptureOutputsAfterExecutionStep.java:69)
	at org.gradle.internal.execution.steps.CaptureOutputsAfterExecutionStep.execute(CaptureOutputsAfterExecutionStep.java:46)
	at org.gradle.internal.execution.steps.ResolveInputChangesStep.execute(ResolveInputChangesStep.java:40)
	at org.gradle.internal.execution.steps.ResolveInputChangesStep.execute(ResolveInputChangesStep.java:29)
	at org.gradle.internal.execution.steps.BuildCacheStep.executeWithoutCache(BuildCacheStep.java:189)
	at org.gradle.internal.execution.steps.BuildCacheStep.executeAndStoreInCache(BuildCacheStep.java:145)
	at org.gradle.internal.execution.steps.BuildCacheStep.lambda$executeWithCache$4(BuildCacheStep.java:101)
	at org.gradle.internal.execution.steps.BuildCacheStep.lambda$executeWithCache$5(BuildCacheStep.java:101)
	at org.gradle.internal.Try$Success.map(Try.java:175)
	at org.gradle.internal.execution.steps.BuildCacheStep.executeWithCache(BuildCacheStep.java:85)
	at org.gradle.internal.execution.steps.BuildCacheStep.lambda$execute$0(BuildCacheStep.java:74)
	at org.gradle.internal.Either$Left.fold(Either.java:115)
	at org.gradle.internal.execution.caching.CachingState.fold(CachingState.java:62)
	at org.gradle.internal.execution.steps.BuildCacheStep.execute(BuildCacheStep.java:73)
	at org.gradle.internal.execution.steps.BuildCacheStep.execute(BuildCacheStep.java:48)
	at org.gradle.internal.execution.steps.StoreExecutionStateStep.execute(StoreExecutionStateStep.java:46)
	at org.gradle.internal.execution.steps.StoreExecutionStateStep.execute(StoreExecutionStateStep.java:35)
	at org.gradle.internal.execution.steps.SkipUpToDateStep.executeBecause(SkipUpToDateStep.java:75)
	at org.gradle.internal.execution.steps.SkipUpToDateStep.lambda$execute$2(SkipUpToDateStep.java:53)
	at org.gradle.internal.execution.steps.SkipUpToDateStep.execute(SkipUpToDateStep.java:53)
	at org.gradle.internal.execution.steps.SkipUpToDateStep.execute(SkipUpToDateStep.java:35)
	at org.gradle.internal.execution.steps.legacy.MarkSnapshottingInputsFinishedStep.execute(MarkSnapshottingInputsFinishedStep.java:37)
	at org.gradle.internal.execution.steps.legacy.MarkSnapshottingInputsFinishedStep.execute(MarkSnapshottingInputsFinishedStep.java:27)
	at org.gradle.internal.execution.steps.ResolveIncrementalCachingStateStep.executeDelegate(ResolveIncrementalCachingStateStep.java:49)
	at org.gradle.internal.execution.steps.ResolveIncrementalCachingStateStep.executeDelegate(ResolveIncrementalCachingStateStep.java:27)
	at org.gradle.internal.execution.steps.AbstractResolveCachingStateStep.execute(AbstractResolveCachingStateStep.java:71)
	at org.gradle.internal.execution.steps.AbstractResolveCachingStateStep.execute(AbstractResolveCachingStateStep.java:39)
	at org.gradle.internal.execution.steps.ResolveChangesStep.execute(ResolveChangesStep.java:65)
	at org.gradle.internal.execution.steps.ResolveChangesStep.execute(ResolveChangesStep.java:36)
	at org.gradle.internal.execution.steps.ValidateStep.execute(ValidateStep.java:107)
	at org.gradle.internal.execution.steps.ValidateStep.execute(ValidateStep.java:56)
	at org.gradle.internal.execution.steps.AbstractCaptureStateBeforeExecutionStep.execute(AbstractCaptureStateBeforeExecutionStep.java:64)
	at org.gradle.internal.execution.steps.AbstractCaptureStateBeforeExecutionStep.execute(AbstractCaptureStateBeforeExecutionStep.java:43)
	at org.gradle.internal.execution.steps.AbstractSkipEmptyWorkStep.executeWithNonEmptySources(AbstractSkipEmptyWorkStep.java:125)
	at org.gradle.internal.execution.steps.AbstractSkipEmptyWorkStep.execute(AbstractSkipEmptyWorkStep.java:61)
	at org.gradle.internal.execution.steps.AbstractSkipEmptyWorkStep.execute(AbstractSkipEmptyWorkStep.java:36)
	at org.gradle.internal.execution.steps.legacy.MarkSnapshottingInputsStartedStep.execute(MarkSnapshottingInputsStartedStep.java:38)
	at org.gradle.internal.execution.steps.LoadPreviousExecutionStateStep.execute(LoadPreviousExecutionStateStep.java:36)
	at org.gradle.internal.execution.steps.LoadPreviousExecutionStateStep.execute(LoadPreviousExecutionStateStep.java:23)
	at org.gradle.internal.execution.steps.HandleStaleOutputsStep.execute(HandleStaleOutputsStep.java:75)
	at org.gradle.internal.execution.steps.HandleStaleOutputsStep.execute(HandleStaleOutputsStep.java:41)
	at org.gradle.internal.execution.steps.AssignMutableWorkspaceStep.lambda$execute$0(AssignMutableWorkspaceStep.java:35)
	at org.gradle.api.internal.tasks.execution.TaskExecution$4.withWorkspace(TaskExecution.java:289)
	at org.gradle.internal.execution.steps.AssignMutableWorkspaceStep.execute(AssignMutableWorkspaceStep.java:31)
	at org.gradle.internal.execution.steps.AssignMutableWorkspaceStep.execute(AssignMutableWorkspaceStep.java:22)
	at org.gradle.internal.execution.steps.ChoosePipelineStep.execute(ChoosePipelineStep.java:40)
	at org.gradle.internal.execution.steps.ChoosePipelineStep.execute(ChoosePipelineStep.java:23)
	at org.gradle.internal.execution.steps.ExecuteWorkBuildOperationFiringStep.lambda$execute$2(ExecuteWorkBuildOperationFiringStep.java:67)
	at org.gradle.internal.execution.steps.ExecuteWorkBuildOperationFiringStep.execute(ExecuteWorkBuildOperationFiringStep.java:67)
	at org.gradle.internal.execution.steps.ExecuteWorkBuildOperationFiringStep.execute(ExecuteWorkBuildOperationFiringStep.java:39)
	at org.gradle.internal.execution.steps.IdentityCacheStep.execute(IdentityCacheStep.java:46)
	at org.gradle.internal.execution.steps.IdentityCacheStep.execute(IdentityCacheStep.java:34)
	at org.gradle.internal.execution.steps.IdentifyStep.execute(IdentifyStep.java:48)
	at org.gradle.internal.execution.steps.IdentifyStep.execute(IdentifyStep.java:35)
	at org.gradle.internal.execution.impl.DefaultExecutionEngine$1.execute(DefaultExecutionEngine.java:61)
	at org.gradle.api.internal.tasks.execution.ExecuteActionsTaskExecuter.executeIfValid(ExecuteActionsTaskExecuter.java:127)
	at org.gradle.api.internal.tasks.execution.ExecuteActionsTaskExecuter.execute(ExecuteActionsTaskExecuter.java:116)
	at org.gradle.api.internal.tasks.execution.ProblemsTaskPathTrackingTaskExecuter.execute(ProblemsTaskPathTrackingTaskExecuter.java:40)
	at org.gradle.api.internal.tasks.execution.FinalizePropertiesTaskExecuter.execute(FinalizePropertiesTaskExecuter.java:46)
	at org.gradle.api.internal.tasks.execution.ResolveTaskExecutionModeExecuter.execute(ResolveTaskExecutionModeExecuter.java:51)
	at org.gradle.api.internal.tasks.execution.SkipTaskWithNoActionsExecuter.execute(SkipTaskWithNoActionsExecuter.java:57)
	at org.gradle.api.internal.tasks.execution.SkipOnlyIfTaskExecuter.execute(SkipOnlyIfTaskExecuter.java:74)
	at org.gradle.api.internal.tasks.execution.CatchExceptionTaskExecuter.execute(CatchExceptionTaskExecuter.java:36)
	at org.gradle.api.internal.tasks.execution.EventFiringTaskExecuter$1.executeTask(EventFiringTaskExecuter.java:77)
	at org.gradle.api.internal.tasks.execution.EventFiringTaskExecuter$1.call(EventFiringTaskExecuter.java:55)
	at org.gradle.api.internal.tasks.execution.EventFiringTaskExecuter$1.call(EventFiringTaskExecuter.java:52)
	at org.gradle.internal.operations.DefaultBuildOperationRunner$CallableBuildOperationWorker.execute(DefaultBuildOperationRunner.java:210)
	at org.gradle.internal.operations.DefaultBuildOperationRunner$CallableBuildOperationWorker.execute(DefaultBuildOperationRunner.java:205)
	at org.gradle.internal.operations.DefaultBuildOperationRunner$2.execute(DefaultBuildOperationRunner.java:67)
	at org.gradle.internal.operations.DefaultBuildOperationRunner$2.execute(DefaultBuildOperationRunner.java:60)
	at org.gradle.internal.operations.DefaultBuildOperationRunner.execute(DefaultBuildOperationRunner.java:167)
	at org.gradle.internal.operations.DefaultBuildOperationRunner.execute(DefaultBuildOperationRunner.java:60)
	at org.gradle.internal.operations.DefaultBuildOperationRunner.call(DefaultBuildOperationRunner.java:54)
	at org.gradle.api.internal.tasks.execution.EventFiringTaskExecuter.execute(EventFiringTaskExecuter.java:52)
	at org.gradle.execution.plan.LocalTaskNodeExecutor.execute(LocalTaskNodeExecutor.java:42)
	at org.gradle.execution.taskgraph.DefaultTaskExecutionGraph$InvokeNodeExecutorsAction.execute(DefaultTaskExecutionGraph.java:331)
	at org.gradle.execution.taskgraph.DefaultTaskExecutionGraph$InvokeNodeExecutorsAction.execute(DefaultTaskExecutionGraph.java:318)
	at org.gradle.execution.taskgraph.DefaultTaskExecutionGraph$BuildOperationAwareExecutionAction.lambda$execute$0(DefaultTaskExecutionGraph.java:314)
	at org.gradle.internal.operations.CurrentBuildOperationRef.with(CurrentBuildOperationRef.java:85)
	at org.gradle.execution.taskgraph.DefaultTaskExecutionGraph$BuildOperationAwareExecutionAction.execute(DefaultTaskExecutionGraph.java:314)
	at org.gradle.execution.taskgraph.DefaultTaskExecutionGraph$BuildOperationAwareExecutionAction.execute(DefaultTaskExecutionGraph.java:303)
	at org.gradle.execution.plan.DefaultPlanExecutor$ExecutorWorker.execute(DefaultPlanExecutor.java:459)
	at org.gradle.execution.plan.DefaultPlanExecutor$ExecutorWorker.run(DefaultPlanExecutor.java:376)
	at org.gradle.execution.plan.DefaultPlanExecutor.process(DefaultPlanExecutor.java:111)
	at org.gradle.execution.taskgraph.DefaultTaskExecutionGraph.executeWithServices(DefaultTaskExecutionGraph.java:138)
	at org.gradle.execution.taskgraph.DefaultTaskExecutionGraph.execute(DefaultTaskExecutionGraph.java:123)
	at org.gradle.execution.SelectedTaskExecutionAction.execute(SelectedTaskExecutionAction.java:35)
	at org.gradle.execution.DryRunBuildExecutionAction.execute(DryRunBuildExecutionAction.java:51)
	at org.gradle.execution.BuildOperationFiringBuildWorkerExecutor$ExecuteTasks.call(BuildOperationFiringBuildWorkerExecutor.java:54)
	at org.gradle.execution.BuildOperationFiringBuildWorkerExecutor$ExecuteTasks.call(BuildOperationFiringBuildWorkerExecutor.java:43)
	at org.gradle.internal.operations.DefaultBuildOperationRunner$CallableBuildOperationWorker.execute(DefaultBuildOperationRunner.java:210)
	at org.gradle.internal.operations.DefaultBuildOperationRunner$CallableBuildOperationWorker.execute(DefaultBuildOperationRunner.java:205)
	at org.gradle.internal.operations.DefaultBuildOperationRunner$2.execute(DefaultBuildOperationRunner.java:67)
	at org.gradle.internal.operations.DefaultBuildOperationRunner$2.execute(DefaultBuildOperationRunner.java:60)
	at org.gradle.internal.operations.DefaultBuildOperationRunner.execute(DefaultBuildOperationRunner.java:167)
	at org.gradle.internal.operations.DefaultBuildOperationRunner.execute(DefaultBuildOperationRunner.java:60)
	at org.gradle.internal.operations.DefaultBuildOperationRunner.call(DefaultBuildOperationRunner.java:54)
	at org.gradle.execution.BuildOperationFiringBuildWorkerExecutor.execute(BuildOperationFiringBuildWorkerExecutor.java:40)
	at org.gradle.internal.build.DefaultBuildLifecycleController.lambda$executeTasks$10(DefaultBuildLifecycleController.java:313)
	at org.gradle.internal.model.StateTransitionController.doTransition(StateTransitionController.java:266)
	at org.gradle.internal.model.StateTransitionController.lambda$tryTransition$8(StateTransitionController.java:177)
	at org.gradle.internal.work.DefaultSynchronizer.withLock(DefaultSynchronizer.java:46)
	at org.gradle.internal.model.StateTransitionController.tryTransition(StateTransitionController.java:177)
	at org.gradle.internal.build.DefaultBuildLifecycleController.executeTasks(DefaultBuildLifecycleController.java:304)
	at org.gradle.internal.build.DefaultBuildWorkGraphController$DefaultBuildWorkGraph.runWork(DefaultBuildWorkGraphController.java:220)
	at org.gradle.internal.work.DefaultWorkerLeaseService.withLocks(DefaultWorkerLeaseService.java:263)
	at org.gradle.internal.work.DefaultWorkerLeaseService.runAsWorkerThread(DefaultWorkerLeaseService.java:127)
	at org.gradle.composite.internal.DefaultBuildController.doRun(DefaultBuildController.java:181)
	at org.gradle.composite.internal.DefaultBuildController.access$000(DefaultBuildController.java:50)
	at org.gradle.composite.internal.DefaultBuildController$BuildOpRunnable.lambda$run$0(DefaultBuildController.java:198)
	at org.gradle.internal.operations.CurrentBuildOperationRef.with(CurrentBuildOperationRef.java:85)
	at org.gradle.composite.internal.DefaultBuildController$BuildOpRunnable.run(DefaultBuildController.java:198)
	at org.gradle.internal.concurrent.ExecutorPolicy$CatchAndRecordFailures.onExecute(ExecutorPolicy.java:64)
	at org.gradle.internal.concurrent.AbstractManagedExecutor$1.run(AbstractManagedExecutor.java:48)
Caused by: org.jetbrains.kotlin.gradle.tasks.CompilationErrorException: Compilation error. See log for more details
	at org.jetbrains.kotlin.gradle.tasks.TasksUtilsKt.throwExceptionIfCompilationFailed(tasksUtils.kt:21)
	at org.jetbrains.kotlin.compilerRunner.GradleKotlinCompilerWork.run(GradleKotlinCompilerWork.kt:119)
	at org.jetbrains.kotlin.compilerRunner.GradleCompilerRunnerWithWorkers$GradleKotlinCompilerWorkAction.execute(GradleCompilerRunnerWithWorkers.kt:76)
	at org.gradle.workers.internal.DefaultWorkerServer.execute(DefaultWorkerServer.java:63)
	at org.gradle.workers.internal.NoIsolationWorkerFactory$1$1.create(NoIsolationWorkerFactory.java:66)
	at org.gradle.workers.internal.NoIsolationWorkerFactory$1$1.create(NoIsolationWorkerFactory.java:62)
	at org.gradle.internal.classloader.ClassLoaderUtils.executeInClassloader(ClassLoaderUtils.java:100)
	at org.gradle.workers.internal.NoIsolationWorkerFactory$1.lambda$execute$0(NoIsolationWorkerFactory.java:62)
	at org.gradle.workers.internal.AbstractWorker$1.call(AbstractWorker.java:44)
	at org.gradle.workers.internal.AbstractWorker$1.call(AbstractWorker.java:41)
	at org.gradle.internal.operations.DefaultBuildOperationRunner$CallableBuildOperationWorker.execute(DefaultBuildOperationRunner.java:210)
	at org.gradle.internal.operations.DefaultBuildOperationRunner$CallableBuildOperationWorker.execute(DefaultBuildOperationRunner.java:205)
	at org.gradle.internal.operations.DefaultBuildOperationRunner$2.execute(DefaultBuildOperationRunner.java:67)
	at org.gradle.internal.operations.DefaultBuildOperationRunner$2.execute(DefaultBuildOperationRunner.java:60)
	at org.gradle.internal.operations.DefaultBuildOperationRunner.execute(DefaultBuildOperationRunner.java:167)
	at org.gradle.internal.operations.DefaultBuildOperationRunner.execute(DefaultBuildOperationRunner.java:60)
	at org.gradle.internal.operations.DefaultBuildOperationRunner.call(DefaultBuildOperationRunner.java:54)
	at org.gradle.workers.internal.AbstractWorker.executeWrappedInBuildOperation(AbstractWorker.java:41)
	at org.gradle.workers.internal.NoIsolationWorkerFactory$1.execute(NoIsolationWorkerFactory.java:59)
	at org.gradle.workers.internal.DefaultWorkerExecutor.lambda$submitWork$0(DefaultWorkerExecutor.java:174)
	at org.gradle.internal.work.DefaultConditionalExecutionQueue$ExecutionRunner.runExecution(DefaultConditionalExecutionQueue.java:194)
	at org.gradle.internal.work.DefaultConditionalExecutionQueue$ExecutionRunner.access$700(DefaultConditionalExecutionQueue.java:127)
	at org.gradle.internal.work.DefaultConditionalExecutionQueue$ExecutionRunner$1.run(DefaultConditionalExecutionQueue.java:169)
	at org.gradle.internal.Factories$1.create(Factories.java:31)
	at org.gradle.internal.work.DefaultWorkerLeaseService.withLocks(DefaultWorkerLeaseService.java:263)
	at org.gradle.internal.work.DefaultWorkerLeaseService.runAsWorkerThread(DefaultWorkerLeaseService.java:127)
	at org.gradle.internal.work.DefaultWorkerLeaseService.runAsWorkerThread(DefaultWorkerLeaseService.java:132)
	at org.gradle.internal.work.DefaultConditionalExecutionQueue$ExecutionRunner.runBatch(DefaultConditionalExecutionQueue.java:164)
	at org.gradle.internal.work.DefaultConditionalExecutionQueue$ExecutionRunner.run(DefaultConditionalExecutionQueue.java:133)
	... 2 more


BUILD FAILED in 1m 20s
35 actionable tasks: 2 executed, 33 up-to-date
