To honour the JVM settings for this build a single-use Daemon process will be forked. For more on this, please refer to https://docs.gradle.org/8.13/userguide/gradle_daemon.html#sec:disabling_the_daemon in the Gradle documentation.
Daemon will be stopped at the end of the build 
Configuration on demand is an incubating feature.
> Task :buildSrc:checkKotlinGradlePluginConfigurationErrors SKIPPED
> Task :buildSrc:compileKotlin UP-TO-DATE
> Task :buildSrc:compileJava NO-SOURCE
> Task :buildSrc:compileGroovy NO-SOURCE
> Task :buildSrc:pluginDescriptors UP-TO-DATE
> Task :buildSrc:processResources NO-SOURCE
> Task :buildSrc:classes UP-TO-DATE
> Task :buildSrc:jar UP-TO-DATE
> Task :CleverFerret:preBuild UP-TO-DATE
> Task :CleverFerret:preDebugBuild UP-TO-DATE
> Task :CleverFerret:mergeDebugNativeDebugMetadata NO-SOURCE
> Task :CleverFerret:checkKotlinGradlePluginConfigurationErrors SKIPPED
> Task :CleverFerret:checkDebugAarMetadata UP-TO-DATE
> Task :CleverFerret:processDebugNavigationResources UP-TO-DATE
> Task :CleverFerret:compileDebugNavigationResources UP-TO-DATE
> Task :CleverFerret:generateDebugResValues UP-TO-DATE
> Task :CleverFerret:mapDebugSourceSetPaths UP-TO-DATE
> Task :CleverFerret:generateDebugResources UP-TO-DATE
> Task :CleverFerret:mergeDebugResources UP-TO-DATE
> Task :CleverFerret:packageDebugResources UP-TO-DATE
> Task :CleverFerret:parseDebugLocalResources UP-TO-DATE
> Task :CleverFerret:createDebugCompatibleScreenManifests UP-TO-DATE
> Task :CleverFerret:extractDeepLinksDebug UP-TO-DATE
> Task :CleverFerret:processDebugMainManifest UP-TO-DATE
> Task :CleverFerret:processDebugManifest UP-TO-DATE
> Task :CleverFerret:processDebugManifestForPackage UP-TO-DATE
> Task :CleverFerret:processDebugResources UP-TO-DATE
> Task :CleverFerret:javaPreCompileDebug UP-TO-DATE
> Task :CleverFerret:mergeDebugShaders UP-TO-DATE
> Task :CleverFerret:compileDebugShaders NO-SOURCE
> Task :CleverFerret:generateDebugAssets UP-TO-DATE
> Task :CleverFerret:mergeDebugAssets UP-TO-DATE
> Task :CleverFerret:compressDebugAssets UP-TO-DATE
> Task :CleverFerret:desugarDebugFileDependencies UP-TO-DATE
> Task :CleverFerret:checkDebugDuplicateClasses UP-TO-DATE
> Task :CleverFerret:mergeExtDexDebug UP-TO-DATE
> Task :CleverFerret:mergeDebugJniLibFolders UP-TO-DATE
> Task :CleverFerret:mergeDebugNativeLibs UP-TO-DATE
> Task :CleverFerret:mergeLibDexDebug

> Task :CleverFerret:stripDebugDebugSymbols
Unable to strip the following libraries, packaging them as they are: libandroidx.graphics.path.so, libdatastore_shared_counter.so, libmlkit_google_ocr_pipeline.so, libtextclassifier3_jni_tclib.so. Run with --info option to learn more.

> Task :CleverFerret:validateSigningDebug
> Task :CleverFerret:writeDebugAppMetadata
> Task :CleverFerret:writeDebugSigningConfigVersions
> Task :CleverFerret:kspDebugKotlin
> Task :CleverFerret:compileDebugKotlin
e: file:///workspace/CleverFerret/src/main/java/com/universalmedialibrary/services/cast/ChromecastManager.kt:34:42 Class '<anonymous>' is not abstract and does not implement abstract member 'onSessionResuming'.
e: file:///workspace/CleverFerret/src/main/java/com/universalmedialibrary/ui/cast/ExpandedControlsActivity.kt:17:43 Unresolved reference 'CleverFerretMediaLibraryTheme'.
e: file:///workspace/CleverFerret/src/main/java/com/universalmedialibrary/ui/collections/CollectionsScreen.kt:110:17 This material API is experimental and is likely to change or to be removed in the future.
e: file:///workspace/CleverFerret/src/main/java/com/universalmedialibrary/ui/details/BookDetailsViewModel.kt:30:87 Argument type mismatch: actual type is 'com.universalmedialibrary.data.local.entity.MediaItem', but 'com.universalmedialibrary.data.local.entity.BookDetails?' was expected.
e: file:///workspace/CleverFerret/src/main/java/com/universalmedialibrary/ui/details/BookDetailsViewModel.kt:39:82 Unresolved reference 'model'.
e: file:///workspace/CleverFerret/src/main/java/com/universalmedialibrary/ui/details/LibraryDetailsViewModel.kt:22:53 Type mismatch: inferred type is 'kotlin.collections.List<com.universalmedialibrary.data.local.entity.MediaItem>', but 'kotlin.collections.List<com.universalmedialibrary.data.local.entity.BookDetails>' was expected.
e: file:///workspace/CleverFerret/src/main/java/com/universalmedialibrary/ui/home/ContinueReadingSection.kt:30:21 Unresolved reference 'viewModelScope'.
e: file:///workspace/CleverFerret/src/main/java/com/universalmedialibrary/ui/library/LibraryListViewModel.kt:144:48 Operator call is prohibited on a nullable receiver of type 'kotlin.Long?'. Use '?.'-qualified call instead.
e: file:///workspace/CleverFerret/src/main/java/com/universalmedialibrary/ui/library/LibraryListViewModel.kt:145:32 Argument type mismatch: actual type is 'kotlin.Long?', but 'kotlin.Long' was expected.
e: file:///workspace/CleverFerret/src/main/java/com/universalmedialibrary/ui/library/UniversalMediaLibraryScreen.kt:324:12 'when' expression must be exhaustive. Add the 'RADIO' branch or an 'else' branch.
e: file:///workspace/CleverFerret/src/main/java/com/universalmedialibrary/ui/library/UniversalMediaLibraryScreen.kt:353:12 'when' expression must be exhaustive. Add the 'RADIO' branch or an 'else' branch.
e: file:///workspace/CleverFerret/src/main/java/com/universalmedialibrary/ui/metadata/MetadataEditorViewModel.kt:164:48 Unresolved reference 'findSeriesIdByNameAndType'.
e: file:///workspace/CleverFerret/src/main/java/com/universalmedialibrary/ui/metadata/MetadataEditorViewModel.kt:170:62 Argument type mismatch: actual type is 'kotlin.Any', but 'kotlin.Long' was expected.
e: file:///workspace/CleverFerret/src/main/java/com/universalmedialibrary/ui/player/QueueScreen.kt:22:25 This material API is experimental and is likely to change or to be removed in the future.
e: file:///workspace/CleverFerret/src/main/java/com/universalmedialibrary/ui/player/UniversalVideoPlayerScreen.kt:133:54 Unresolved reference 'switchToAlternativePlayer'.
e: file:///workspace/CleverFerret/src/main/java/com/universalmedialibrary/ui/player/UniversalVideoPlayerViewModel.kt:130:50 Argument type mismatch: actual type is 'kotlin.Array<T>', but 'kotlin.Array<java.lang.Class<*>>' was expected.
e: file:///workspace/CleverFerret/src/main/java/com/universalmedialibrary/ui/player/UniversalVideoPlayerViewModel.kt:173:69 Argument type mismatch: actual type is 'kotlin.Array<T>', but 'kotlin.Array<java.lang.Class<*>>' was expected.
e: file:///workspace/CleverFerret/src/main/java/com/universalmedialibrary/ui/player/UniversalVideoPlayerViewModel.kt:181:71 Argument type mismatch: actual type is 'kotlin.Array<T>', but 'kotlin.Array<java.lang.Class<*>>' was expected.
e: file:///workspace/CleverFerret/src/main/java/com/universalmedialibrary/ui/player/UniversalVideoPlayerViewModel.kt:190:69 Argument type mismatch: actual type is 'kotlin.Array<T>', but 'kotlin.Array<java.lang.Class<*>>' was expected.
e: file:///workspace/CleverFerret/src/main/java/com/universalmedialibrary/ui/player/UniversalVideoPlayerViewModel.kt:207:75 Argument type mismatch: actual type is 'kotlin.Array<T>', but 'kotlin.Array<java.lang.Class<*>>' was expected.
e: file:///workspace/CleverFerret/src/main/java/com/universalmedialibrary/ui/plex/PlexIntegrationViewModel.kt:204:21 Suspend function 'suspend fun signOut(): Unit' should be called only from a coroutine or another suspend function.
e: file:///workspace/CleverFerret/src/main/java/com/universalmedialibrary/ui/podcast/PodcastManagerScreen.kt:353:28 Argument type mismatch: actual type is 'kotlin.String?', but 'kotlin.String' was expected.
e: file:///workspace/CleverFerret/src/main/java/com/universalmedialibrary/ui/podcast/PodcastManagerScreen.kt:388:28 Argument type mismatch: actual type is 'kotlin.String?', but 'kotlin.String' was expected.
e: file:///workspace/CleverFerret/src/main/java/com/universalmedialibrary/ui/podcast/PodcastManagerScreen.kt:621:48 Argument type mismatch: actual type is 'kotlin.String?', but 'kotlin.String' was expected.
e: file:///workspace/CleverFerret/src/main/java/com/universalmedialibrary/ui/podcast/PodcastPlayerViewModel.kt:99:30 Unresolved reference 'pause'.
e: file:///workspace/CleverFerret/src/main/java/com/universalmedialibrary/ui/radio/RadioViewModel.kt:57:33 Unresolved reference 'stop'.
e: file:///workspace/CleverFerret/src/main/java/com/universalmedialibrary/ui/radio/RadioViewModel.kt:78:25 Unresolved reference 'stop'.
e: file:///workspace/CleverFerret/src/main/java/com/universalmedialibrary/ui/reader/AdvancedDocumentReaderViewModel.kt:517:9 No value passed for parameter 'averageReadingSpeed'.
e: file:///workspace/CleverFerret/src/main/java/com/universalmedialibrary/ui/reader/DictionaryTranslation.kt:579:13 This material API is experimental and is likely to change or to be removed in the future.
e: file:///workspace/CleverFerret/src/main/java/com/universalmedialibrary/ui/reader/PageTurnAnimations.kt:75:13 This material API is experimental and is likely to change or to be removed in the future.
e: file:///workspace/CleverFerret/src/main/java/com/universalmedialibrary/ui/series/SeriesDetailScreen.kt:54:13 This material API is experimental and is likely to change or to be removed in the future.
e: file:///workspace/CleverFerret/src/main/java/com/universalmedialibrary/ui/settings/FeatureFlagsSettings.kt:236:63 Unresolved reference 'Podcast'.
e: file:///workspace/CleverFerret/src/main/java/com/universalmedialibrary/ui/settings/OpdsSettingsScreen.kt:39:13 This material API is experimental and is likely to change or to be removed in the future.
e: file:///workspace/CleverFerret/src/main/java/com/universalmedialibrary/ui/settings/PlaylistSettingsScreen.kt:13:22 Unresolved reference 'android'.
e: file:///workspace/CleverFerret/src/main/java/com/universalmedialibrary/ui/settings/PlaylistSettingsScreen.kt:23:17 Cannot infer type for this parameter. Please specify it explicitly.
e: file:///workspace/CleverFerret/src/main/java/com/universalmedialibrary/ui/settings/PlaylistSettingsScreen.kt:24:9 Unresolved reference 'EntryPointAccessors'.
e: file:///workspace/CleverFerret/src/main/java/com/universalmedialibrary/ui/settings/PlaylistSettingsScreen.kt:30:28 Unresolved reference 'exportQueueAsM3U'.
e: file:///workspace/CleverFerret/src/main/java/com/universalmedialibrary/ui/settings/PlaylistSettingsScreen.kt:37:28 Unresolved reference 'importM3UToQueue'.
e: file:///workspace/CleverFerret/src/main/java/com/universalmedialibrary/ui/settings/SettingsScreen.kt:129:45 None of the following candidates is applicable:
fun Modifier.padding(start: Dp = ..., top: Dp = ..., end: Dp = ..., bottom: Dp = ...): Modifier
fun Modifier.padding(horizontal: Dp = ..., vertical: Dp = ...): Modifier
fun Modifier.padding(all: Dp): Modifier
fun Modifier.padding(paddingValues: PaddingValues): Modifier
e: file:///workspace/CleverFerret/src/main/java/com/universalmedialibrary/ui/settings/SettingsScreen.kt:200:45 None of the following candidates is applicable:
fun Modifier.padding(start: Dp = ..., top: Dp = ..., end: Dp = ..., bottom: Dp = ...): Modifier
fun Modifier.padding(horizontal: Dp = ..., vertical: Dp = ...): Modifier
fun Modifier.padding(all: Dp): Modifier
fun Modifier.padding(paddingValues: PaddingValues): Modifier
e: file:///workspace/CleverFerret/src/main/java/com/universalmedialibrary/ui/settings/SettingsScreen.kt:239:45 None of the following candidates is applicable:
fun Modifier.padding(start: Dp = ..., top: Dp = ..., end: Dp = ..., bottom: Dp = ...): Modifier
fun Modifier.padding(horizontal: Dp = ..., vertical: Dp = ...): Modifier
fun Modifier.padding(all: Dp): Modifier
fun Modifier.padding(paddingValues: PaddingValues): Modifier
e: file:///workspace/CleverFerret/src/main/java/com/universalmedialibrary/ui/theme/CleverFerretTheme.kt:88:61 Argument type mismatch: actual type is 'kotlin.collections.List<androidx.compose.ui.graphics.Color>', but 'com.universalmedialibrary.ui.theme.MetallicGradient' was expected.
e: file:///workspace/CleverFerret/src/main/java/com/universalmedialibrary/ui/visualizer/ProjectMVisualizer.kt:130:21 Unresolved reference 'Stroke'.
e: file:///workspace/CleverFerret/src/main/java/com/universalmedialibrary/ui/visualizer/ProjectMVisualizer.kt:262:21 Unresolved reference 'Stroke'.
e: file:///workspace/CleverFerret/src/main/java/com/universalmedialibrary/ui/visualizer/ProjectMVisualizer.kt:276:21 Unresolved reference 'Stroke'.
e: file:///workspace/CleverFerret/src/main/java/com/universalmedialibrary/ui/visualizer/ProjectMVisualizer.kt:290:21 Unresolved reference 'Stroke'.
e: file:///workspace/CleverFerret/src/main/java/com/universalmedialibrary/ui/visualizer/VisualizerScreen.kt:38:23 Property delegate must have a 'getValue(Nothing?, KProperty0<ERROR CLASS: Cannot infer argument for type parameter T>)' method. None of the following functions is applicable:
fun <T> State<T>.getValue(thisObj: Any?, property: KProperty<*>): T
e: file:///workspace/CleverFerret/src/main/java/com/universalmedialibrary/ui/visualizer/VisualizerScreen.kt:38:26 Cannot infer type for this parameter. Please specify it explicitly.
e: file:///workspace/CleverFerret/src/main/java/com/universalmedialibrary/ui/visualizer/VisualizerScreen.kt:38:26 Not enough information to infer type argument for 'T'.
e: file:///workspace/CleverFerret/src/main/java/com/universalmedialibrary/ui/visualizer/VisualizerScreen.kt:38:50 Cannot infer type for this parameter. Please specify it explicitly.
e: file:///workspace/CleverFerret/src/main/java/com/universalmedialibrary/ui/visualizer/VisualizerScreen.kt:38:50 Not enough information to infer type argument for 'T'.
e: file:///workspace/CleverFerret/src/main/java/com/universalmedialibrary/ui/visualizer/VisualizerScreen.kt:183:40 Not enough information to infer type argument for 'K'.
e: file:///workspace/CleverFerret/src/main/java/com/universalmedialibrary/ui/visualizer/VisualizerScreen.kt:183:56 Unresolved reference 'name'.
e: file:///workspace/CleverFerret/src/main/java/com/universalmedialibrary/ui/visualizer/VisualizerScreen.kt:188:46 Not enough information to infer type argument for 'K'.
e: file:///workspace/CleverFerret/src/main/java/com/universalmedialibrary/ui/visualizer/VisualizerScreen.kt:188:62 Unresolved reference 'author'.
e: file:///workspace/CleverFerret/src/main/java/com/universalmedialibrary/ui/visualizer/VisualizerScreen.kt:317:12 Unresolved reference 'Color'.
e: file:///workspace/CleverFerret/src/main/java/com/universalmedialibrary/ui/visualizer/VisualizerScreen.kt:334:32 Unresolved reference 'copy'.
e: file:///workspace/CleverFerret/src/main/java/com/universalmedialibrary/ui/visualizer/VisualizerScreen.kt:356:34 Unresolved reference 'MutableStateFlow'.
e: file:///workspace/CleverFerret/src/main/java/com/universalmedialibrary/ui/visualizer/VisualizerScreen.kt:357:24 Unresolved reference 'StateFlow'.

> Task :CleverFerret:compileDebugKotlin FAILED

FAILURE: Build failed with an exception.

* What went wrong:
Execution failed for task ':CleverFerret:compileDebugKotlin'.
> A failure occurred while executing org.jetbrains.kotlin.compilerRunner.GradleCompilerRunnerWithWorkers$GradleKotlinCompilerWorkAction
   > Compilation error. See log for more details

* Try:
> Run with --info or --debug option to get more log output.
> Run with --scan to get full insights.
> Get more help at https://help.gradle.org.

* Exception is:
org.gradle.api.tasks.TaskExecutionException: Execution failed for task ':CleverFerret:compileDebugKotlin'.
	at org.gradle.api.internal.tasks.execution.ExecuteActionsTaskExecuter.lambda$executeIfValid$1(ExecuteActionsTaskExecuter.java:130)
	at org.gradle.internal.Try$Failure.ifSuccessfulOrElse(Try.java:293)
	at org.gradle.api.internal.tasks.execution.ExecuteActionsTaskExecuter.executeIfValid(ExecuteActionsTaskExecuter.java:128)
	at org.gradle.api.internal.tasks.execution.ExecuteActionsTaskExecuter.execute(ExecuteActionsTaskExecuter.java:116)
	at org.gradle.api.internal.tasks.execution.ProblemsTaskPathTrackingTaskExecuter.execute(ProblemsTaskPathTrackingTaskExecuter.java:40)
	at org.gradle.api.internal.tasks.execution.FinalizePropertiesTaskExecuter.execute(FinalizePropertiesTaskExecuter.java:46)
	at org.gradle.api.internal.tasks.execution.ResolveTaskExecutionModeExecuter.execute(ResolveTaskExecutionModeExecuter.java:51)
	at org.gradle.api.internal.tasks.execution.SkipTaskWithNoActionsExecuter.execute(SkipTaskWithNoActionsExecuter.java:57)
	at org.gradle.api.internal.tasks.execution.SkipOnlyIfTaskExecuter.execute(SkipOnlyIfTaskExecuter.java:74)
	at org.gradle.api.internal.tasks.execution.CatchExceptionTaskExecuter.execute(CatchExceptionTaskExecuter.java:36)
	at org.gradle.api.internal.tasks.execution.EventFiringTaskExecuter$1.executeTask(EventFiringTaskExecuter.java:77)
	at org.gradle.api.internal.tasks.execution.EventFiringTaskExecuter$1.call(EventFiringTaskExecuter.java:55)
	at org.gradle.api.internal.tasks.execution.EventFiringTaskExecuter$1.call(EventFiringTaskExecuter.java:52)
	at org.gradle.internal.operations.DefaultBuildOperationRunner$CallableBuildOperationWorker.execute(DefaultBuildOperationRunner.java:210)
	at org.gradle.internal.operations.DefaultBuildOperationRunner$CallableBuildOperationWorker.execute(DefaultBuildOperationRunner.java:205)
	at org.gradle.internal.operations.DefaultBuildOperationRunner$2.execute(DefaultBuildOperationRunner.java:67)
	at org.gradle.internal.operations.DefaultBuildOperationRunner$2.execute(DefaultBuildOperationRunner.java:60)
	at org.gradle.internal.operations.DefaultBuildOperationRunner.execute(DefaultBuildOperationRunner.java:167)
	at org.gradle.internal.operations.DefaultBuildOperationRunner.execute(DefaultBuildOperationRunner.java:60)
	at org.gradle.internal.operations.DefaultBuildOperationRunner.call(DefaultBuildOperationRunner.java:54)
	at org.gradle.api.internal.tasks.execution.EventFiringTaskExecuter.execute(EventFiringTaskExecuter.java:52)
	at org.gradle.execution.plan.LocalTaskNodeExecutor.execute(LocalTaskNodeExecutor.java:42)
	at org.gradle.execution.taskgraph.DefaultTaskExecutionGraph$InvokeNodeExecutorsAction.execute(DefaultTaskExecutionGraph.java:331)
	at org.gradle.execution.taskgraph.DefaultTaskExecutionGraph$InvokeNodeExecutorsAction.execute(DefaultTaskExecutionGraph.java:318)
	at org.gradle.execution.taskgraph.DefaultTaskExecutionGraph$BuildOperationAwareExecutionAction.lambda$execute$0(DefaultTaskExecutionGraph.java:314)
	at org.gradle.internal.operations.CurrentBuildOperationRef.with(CurrentBuildOperationRef.java:85)
	at org.gradle.execution.taskgraph.DefaultTaskExecutionGraph$BuildOperationAwareExecutionAction.execute(DefaultTaskExecutionGraph.java:314)
	at org.gradle.execution.taskgraph.DefaultTaskExecutionGraph$BuildOperationAwareExecutionAction.execute(DefaultTaskExecutionGraph.java:303)
	at org.gradle.execution.plan.DefaultPlanExecutor$ExecutorWorker.execute(DefaultPlanExecutor.java:459)
	at org.gradle.execution.plan.DefaultPlanExecutor$ExecutorWorker.run(DefaultPlanExecutor.java:376)
	at org.gradle.internal.concurrent.ExecutorPolicy$CatchAndRecordFailures.onExecute(ExecutorPolicy.java:64)
	at org.gradle.internal.concurrent.AbstractManagedExecutor$1.run(AbstractManagedExecutor.java:48)
Caused by: org.gradle.workers.internal.DefaultWorkerExecutor$WorkExecutionException: A failure occurred while executing org.jetbrains.kotlin.compilerRunner.GradleCompilerRunnerWithWorkers$GradleKotlinCompilerWorkAction
	at org.gradle.workers.internal.DefaultWorkerExecutor$WorkItemExecution.waitForCompletion(DefaultWorkerExecutor.java:287)
	at org.gradle.internal.work.DefaultAsyncWorkTracker.lambda$waitForItemsAndGatherFailures$2(DefaultAsyncWorkTracker.java:130)
	at org.gradle.internal.Factories$1.create(Factories.java:31)
	at org.gradle.internal.work.DefaultWorkerLeaseService.withoutLocks(DefaultWorkerLeaseService.java:335)
	at org.gradle.internal.work.DefaultWorkerLeaseService.withoutLocks(DefaultWorkerLeaseService.java:318)
	at org.gradle.internal.work.DefaultWorkerLeaseService.withoutLock(DefaultWorkerLeaseService.java:323)
	at org.gradle.internal.work.DefaultAsyncWorkTracker.waitForItemsAndGatherFailures(DefaultAsyncWorkTracker.java:126)
	at org.gradle.internal.work.DefaultAsyncWorkTracker.waitForItemsAndGatherFailures(DefaultAsyncWorkTracker.java:92)
	at org.gradle.internal.work.DefaultAsyncWorkTracker.waitForAll(DefaultAsyncWorkTracker.java:78)
	at org.gradle.internal.work.DefaultAsyncWorkTracker.waitForCompletion(DefaultAsyncWorkTracker.java:66)
	at org.gradle.api.internal.tasks.execution.TaskExecution$3.run(TaskExecution.java:252)
	at org.gradle.internal.operations.DefaultBuildOperationRunner$1.execute(DefaultBuildOperationRunner.java:30)
	at org.gradle.internal.operations.DefaultBuildOperationRunner$1.execute(DefaultBuildOperationRunner.java:27)
	at org.gradle.internal.operations.DefaultBuildOperationRunner$2.execute(DefaultBuildOperationRunner.java:67)
	at org.gradle.internal.operations.DefaultBuildOperationRunner$2.execute(DefaultBuildOperationRunner.java:60)
	at org.gradle.internal.operations.DefaultBuildOperationRunner.execute(DefaultBuildOperationRunner.java:167)
	at org.gradle.internal.operations.DefaultBuildOperationRunner.execute(DefaultBuildOperationRunner.java:60)
	at org.gradle.internal.operations.DefaultBuildOperationRunner.run(DefaultBuildOperationRunner.java:48)
	at org.gradle.api.internal.tasks.execution.TaskExecution.executeAction(TaskExecution.java:229)
	at org.gradle.api.internal.tasks.execution.TaskExecution.executeActions(TaskExecution.java:212)
	at org.gradle.api.internal.tasks.execution.TaskExecution.executeWithPreviousOutputFiles(TaskExecution.java:195)
	at org.gradle.api.internal.tasks.execution.TaskExecution.execute(TaskExecution.java:162)
	at org.gradle.internal.execution.steps.ExecuteStep.executeInternal(ExecuteStep.java:105)
	at org.gradle.internal.execution.steps.ExecuteStep.access$000(ExecuteStep.java:44)
	at org.gradle.internal.execution.steps.ExecuteStep$1.call(ExecuteStep.java:59)
	at org.gradle.internal.execution.steps.ExecuteStep$1.call(ExecuteStep.java:56)
	at org.gradle.internal.operations.DefaultBuildOperationRunner$CallableBuildOperationWorker.execute(DefaultBuildOperationRunner.java:210)
	at org.gradle.internal.operations.DefaultBuildOperationRunner$CallableBuildOperationWorker.execute(DefaultBuildOperationRunner.java:205)
	at org.gradle.internal.operations.DefaultBuildOperationRunner$2.execute(DefaultBuildOperationRunner.java:67)
	at org.gradle.internal.operations.DefaultBuildOperationRunner$2.execute(DefaultBuildOperationRunner.java:60)
	at org.gradle.internal.operations.DefaultBuildOperationRunner.execute(DefaultBuildOperationRunner.java:167)
	at org.gradle.internal.operations.DefaultBuildOperationRunner.execute(DefaultBuildOperationRunner.java:60)
	at org.gradle.internal.operations.DefaultBuildOperationRunner.call(DefaultBuildOperationRunner.java:54)
	at org.gradle.internal.execution.steps.ExecuteStep.execute(ExecuteStep.java:56)
	at org.gradle.internal.execution.steps.ExecuteStep.execute(ExecuteStep.java:44)
	at org.gradle.internal.execution.steps.CancelExecutionStep.execute(CancelExecutionStep.java:42)
	at org.gradle.internal.execution.steps.TimeoutStep.executeWithoutTimeout(TimeoutStep.java:75)
	at org.gradle.internal.execution.steps.TimeoutStep.execute(TimeoutStep.java:55)
	at org.gradle.internal.execution.steps.PreCreateOutputParentsStep.execute(PreCreateOutputParentsStep.java:50)
	at org.gradle.internal.execution.steps.PreCreateOutputParentsStep.execute(PreCreateOutputParentsStep.java:28)
	at org.gradle.internal.execution.steps.RemovePreviousOutputsStep.execute(RemovePreviousOutputsStep.java:67)
	at org.gradle.internal.execution.steps.RemovePreviousOutputsStep.execute(RemovePreviousOutputsStep.java:37)
	at org.gradle.internal.execution.steps.BroadcastChangingOutputsStep.execute(BroadcastChangingOutputsStep.java:61)
	at org.gradle.internal.execution.steps.BroadcastChangingOutputsStep.execute(BroadcastChangingOutputsStep.java:26)
	at org.gradle.internal.execution.steps.CaptureOutputsAfterExecutionStep.execute(CaptureOutputsAfterExecutionStep.java:69)
	at org.gradle.internal.execution.steps.CaptureOutputsAfterExecutionStep.execute(CaptureOutputsAfterExecutionStep.java:46)
	at org.gradle.internal.execution.steps.ResolveInputChangesStep.execute(ResolveInputChangesStep.java:40)
	at org.gradle.internal.execution.steps.ResolveInputChangesStep.execute(ResolveInputChangesStep.java:29)
	at org.gradle.internal.execution.steps.BuildCacheStep.executeWithoutCache(BuildCacheStep.java:189)
	at org.gradle.internal.execution.steps.BuildCacheStep.executeAndStoreInCache(BuildCacheStep.java:145)
	at org.gradle.internal.execution.steps.BuildCacheStep.lambda$executeWithCache$4(BuildCacheStep.java:101)
	at org.gradle.internal.execution.steps.BuildCacheStep.lambda$executeWithCache$5(BuildCacheStep.java:101)
	at org.gradle.internal.Try$Success.map(Try.java:175)
	at org.gradle.internal.execution.steps.BuildCacheStep.executeWithCache(BuildCacheStep.java:85)
	at org.gradle.internal.execution.steps.BuildCacheStep.lambda$execute$0(BuildCacheStep.java:74)
	at org.gradle.internal.Either$Left.fold(Either.java:115)
	at org.gradle.internal.execution.caching.CachingState.fold(CachingState.java:62)
	at org.gradle.internal.execution.steps.BuildCacheStep.execute(BuildCacheStep.java:73)
	at org.gradle.internal.execution.steps.BuildCacheStep.execute(BuildCacheStep.java:48)
	at org.gradle.internal.execution.steps.StoreExecutionStateStep.execute(StoreExecutionStateStep.java:46)
	at org.gradle.internal.execution.steps.StoreExecutionStateStep.execute(StoreExecutionStateStep.java:35)
	at org.gradle.internal.execution.steps.SkipUpToDateStep.executeBecause(SkipUpToDateStep.java:75)
	at org.gradle.internal.execution.steps.SkipUpToDateStep.lambda$execute$2(SkipUpToDateStep.java:53)
	at org.gradle.internal.execution.steps.SkipUpToDateStep.execute(SkipUpToDateStep.java:53)
	at org.gradle.internal.execution.steps.SkipUpToDateStep.execute(SkipUpToDateStep.java:35)
	at org.gradle.internal.execution.steps.legacy.MarkSnapshottingInputsFinishedStep.execute(MarkSnapshottingInputsFinishedStep.java:37)
	at org.gradle.internal.execution.steps.legacy.MarkSnapshottingInputsFinishedStep.execute(MarkSnapshottingInputsFinishedStep.java:27)
	at org.gradle.internal.execution.steps.ResolveIncrementalCachingStateStep.executeDelegate(ResolveIncrementalCachingStateStep.java:49)
	at org.gradle.internal.execution.steps.ResolveIncrementalCachingStateStep.executeDelegate(ResolveIncrementalCachingStateStep.java:27)
	at org.gradle.internal.execution.steps.AbstractResolveCachingStateStep.execute(AbstractResolveCachingStateStep.java:71)
	at org.gradle.internal.execution.steps.AbstractResolveCachingStateStep.execute(AbstractResolveCachingStateStep.java:39)
	at org.gradle.internal.execution.steps.ResolveChangesStep.execute(ResolveChangesStep.java:65)
	at org.gradle.internal.execution.steps.ResolveChangesStep.execute(ResolveChangesStep.java:36)
	at org.gradle.internal.execution.steps.ValidateStep.execute(ValidateStep.java:107)
	at org.gradle.internal.execution.steps.ValidateStep.execute(ValidateStep.java:56)
	at org.gradle.internal.execution.steps.AbstractCaptureStateBeforeExecutionStep.execute(AbstractCaptureStateBeforeExecutionStep.java:64)
	at org.gradle.internal.execution.steps.AbstractCaptureStateBeforeExecutionStep.execute(AbstractCaptureStateBeforeExecutionStep.java:43)
	at org.gradle.internal.execution.steps.AbstractSkipEmptyWorkStep.executeWithNonEmptySources(AbstractSkipEmptyWorkStep.java:125)
	at org.gradle.internal.execution.steps.AbstractSkipEmptyWorkStep.execute(AbstractSkipEmptyWorkStep.java:61)
	at org.gradle.internal.execution.steps.AbstractSkipEmptyWorkStep.execute(AbstractSkipEmptyWorkStep.java:36)
	at org.gradle.internal.execution.steps.legacy.MarkSnapshottingInputsStartedStep.execute(MarkSnapshottingInputsStartedStep.java:38)
	at org.gradle.internal.execution.steps.LoadPreviousExecutionStateStep.execute(LoadPreviousExecutionStateStep.java:36)
	at org.gradle.internal.execution.steps.LoadPreviousExecutionStateStep.execute(LoadPreviousExecutionStateStep.java:23)
	at org.gradle.internal.execution.steps.HandleStaleOutputsStep.execute(HandleStaleOutputsStep.java:75)
	at org.gradle.internal.execution.steps.HandleStaleOutputsStep.execute(HandleStaleOutputsStep.java:41)
	at org.gradle.internal.execution.steps.AssignMutableWorkspaceStep.lambda$execute$0(AssignMutableWorkspaceStep.java:35)
	at org.gradle.api.internal.tasks.execution.TaskExecution$4.withWorkspace(TaskExecution.java:289)
	at org.gradle.internal.execution.steps.AssignMutableWorkspaceStep.execute(AssignMutableWorkspaceStep.java:31)
	at org.gradle.internal.execution.steps.AssignMutableWorkspaceStep.execute(AssignMutableWorkspaceStep.java:22)
	at org.gradle.internal.execution.steps.ChoosePipelineStep.execute(ChoosePipelineStep.java:40)
	at org.gradle.internal.execution.steps.ChoosePipelineStep.execute(ChoosePipelineStep.java:23)
	at org.gradle.internal.execution.steps.ExecuteWorkBuildOperationFiringStep.lambda$execute$2(ExecuteWorkBuildOperationFiringStep.java:67)
	at org.gradle.internal.execution.steps.ExecuteWorkBuildOperationFiringStep.execute(ExecuteWorkBuildOperationFiringStep.java:67)
	at org.gradle.internal.execution.steps.ExecuteWorkBuildOperationFiringStep.execute(ExecuteWorkBuildOperationFiringStep.java:39)
	at org.gradle.internal.execution.steps.IdentityCacheStep.execute(IdentityCacheStep.java:46)
	at org.gradle.internal.execution.steps.IdentityCacheStep.execute(IdentityCacheStep.java:34)
	at org.gradle.internal.execution.steps.IdentifyStep.execute(IdentifyStep.java:48)
	at org.gradle.internal.execution.steps.IdentifyStep.execute(IdentifyStep.java:35)
	at org.gradle.internal.execution.impl.DefaultExecutionEngine$1.execute(DefaultExecutionEngine.java:61)
	at org.gradle.api.internal.tasks.execution.ExecuteActionsTaskExecuter.executeIfValid(ExecuteActionsTaskExecuter.java:127)
	at org.gradle.api.internal.tasks.execution.ExecuteActionsTaskExecuter.execute(ExecuteActionsTaskExecuter.java:116)
	at org.gradle.api.internal.tasks.execution.ProblemsTaskPathTrackingTaskExecuter.execute(ProblemsTaskPathTrackingTaskExecuter.java:40)
	at org.gradle.api.internal.tasks.execution.FinalizePropertiesTaskExecuter.execute(FinalizePropertiesTaskExecuter.java:46)
	at org.gradle.api.internal.tasks.execution.ResolveTaskExecutionModeExecuter.execute(ResolveTaskExecutionModeExecuter.java:51)
	at org.gradle.api.internal.tasks.execution.SkipTaskWithNoActionsExecuter.execute(SkipTaskWithNoActionsExecuter.java:57)
	at org.gradle.api.internal.tasks.execution.SkipOnlyIfTaskExecuter.execute(SkipOnlyIfTaskExecuter.java:74)
	at org.gradle.api.internal.tasks.execution.CatchExceptionTaskExecuter.execute(CatchExceptionTaskExecuter.java:36)
	at org.gradle.api.internal.tasks.execution.EventFiringTaskExecuter$1.executeTask(EventFiringTaskExecuter.java:77)
	at org.gradle.api.internal.tasks.execution.EventFiringTaskExecuter$1.call(EventFiringTaskExecuter.java:55)
	at org.gradle.api.internal.tasks.execution.EventFiringTaskExecuter$1.call(EventFiringTaskExecuter.java:52)
	at org.gradle.internal.operations.DefaultBuildOperationRunner$CallableBuildOperationWorker.execute(DefaultBuildOperationRunner.java:210)
	at org.gradle.internal.operations.DefaultBuildOperationRunner$CallableBuildOperationWorker.execute(DefaultBuildOperationRunner.java:205)
	at org.gradle.internal.operations.DefaultBuildOperationRunner$2.execute(DefaultBuildOperationRunner.java:67)
	at org.gradle.internal.operations.DefaultBuildOperationRunner$2.execute(DefaultBuildOperationRunner.java:60)
	at org.gradle.internal.operations.DefaultBuildOperationRunner.execute(DefaultBuildOperationRunner.java:167)
	at org.gradle.internal.operations.DefaultBuildOperationRunner.execute(DefaultBuildOperationRunner.java:60)
	at org.gradle.internal.operations.DefaultBuildOperationRunner.call(DefaultBuildOperationRunner.java:54)
	at org.gradle.api.internal.tasks.execution.EventFiringTaskExecuter.execute(EventFiringTaskExecuter.java:52)
	at org.gradle.execution.plan.LocalTaskNodeExecutor.execute(LocalTaskNodeExecutor.java:42)
	at org.gradle.execution.taskgraph.DefaultTaskExecutionGraph$InvokeNodeExecutorsAction.execute(DefaultTaskExecutionGraph.java:331)
	at org.gradle.execution.taskgraph.DefaultTaskExecutionGraph$InvokeNodeExecutorsAction.execute(DefaultTaskExecutionGraph.java:318)
	at org.gradle.execution.taskgraph.DefaultTaskExecutionGraph$BuildOperationAwareExecutionAction.lambda$execute$0(DefaultTaskExecutionGraph.java:314)
	at org.gradle.internal.operations.CurrentBuildOperationRef.with(CurrentBuildOperationRef.java:85)
	at org.gradle.execution.taskgraph.DefaultTaskExecutionGraph$BuildOperationAwareExecutionAction.execute(DefaultTaskExecutionGraph.java:314)
	at org.gradle.execution.taskgraph.DefaultTaskExecutionGraph$BuildOperationAwareExecutionAction.execute(DefaultTaskExecutionGraph.java:303)
	at org.gradle.execution.plan.DefaultPlanExecutor$ExecutorWorker.execute(DefaultPlanExecutor.java:459)
	at org.gradle.execution.plan.DefaultPlanExecutor$ExecutorWorker.run(DefaultPlanExecutor.java:376)
	at org.gradle.internal.concurrent.ExecutorPolicy$CatchAndRecordFailures.onExecute(ExecutorPolicy.java:64)
	at org.gradle.internal.concurrent.AbstractManagedExecutor$1.run(AbstractManagedExecutor.java:48)
Caused by: org.jetbrains.kotlin.gradle.tasks.CompilationErrorException: Compilation error. See log for more details
	at org.jetbrains.kotlin.gradle.tasks.TasksUtilsKt.throwExceptionIfCompilationFailed(tasksUtils.kt:21)
	at org.jetbrains.kotlin.compilerRunner.GradleKotlinCompilerWork.run(GradleKotlinCompilerWork.kt:119)
	at org.jetbrains.kotlin.compilerRunner.GradleCompilerRunnerWithWorkers$GradleKotlinCompilerWorkAction.execute(GradleCompilerRunnerWithWorkers.kt:76)
	at org.gradle.workers.internal.DefaultWorkerServer.execute(DefaultWorkerServer.java:63)
	at org.gradle.workers.internal.NoIsolationWorkerFactory$1$1.create(NoIsolationWorkerFactory.java:66)
	at org.gradle.workers.internal.NoIsolationWorkerFactory$1$1.create(NoIsolationWorkerFactory.java:62)
	at org.gradle.internal.classloader.ClassLoaderUtils.executeInClassloader(ClassLoaderUtils.java:100)
	at org.gradle.workers.internal.NoIsolationWorkerFactory$1.lambda$execute$0(NoIsolationWorkerFactory.java:62)
	at org.gradle.workers.internal.AbstractWorker$1.call(AbstractWorker.java:44)
	at org.gradle.workers.internal.AbstractWorker$1.call(AbstractWorker.java:41)
	at org.gradle.internal.operations.DefaultBuildOperationRunner$CallableBuildOperationWorker.execute(DefaultBuildOperationRunner.java:210)
	at org.gradle.internal.operations.DefaultBuildOperationRunner$CallableBuildOperationWorker.execute(DefaultBuildOperationRunner.java:205)
	at org.gradle.internal.operations.DefaultBuildOperationRunner$2.execute(DefaultBuildOperationRunner.java:67)
	at org.gradle.internal.operations.DefaultBuildOperationRunner$2.execute(DefaultBuildOperationRunner.java:60)
	at org.gradle.internal.operations.DefaultBuildOperationRunner.execute(DefaultBuildOperationRunner.java:167)
	at org.gradle.internal.operations.DefaultBuildOperationRunner.execute(DefaultBuildOperationRunner.java:60)
	at org.gradle.internal.operations.DefaultBuildOperationRunner.call(DefaultBuildOperationRunner.java:54)
	at org.gradle.workers.internal.AbstractWorker.executeWrappedInBuildOperation(AbstractWorker.java:41)
	at org.gradle.workers.internal.NoIsolationWorkerFactory$1.execute(NoIsolationWorkerFactory.java:59)
	at org.gradle.workers.internal.DefaultWorkerExecutor.lambda$submitWork$0(DefaultWorkerExecutor.java:174)
	at org.gradle.internal.work.DefaultConditionalExecutionQueue$ExecutionRunner.runExecution(DefaultConditionalExecutionQueue.java:194)
	at org.gradle.internal.work.DefaultConditionalExecutionQueue$ExecutionRunner.access$700(DefaultConditionalExecutionQueue.java:127)
	at org.gradle.internal.work.DefaultConditionalExecutionQueue$ExecutionRunner$1.run(DefaultConditionalExecutionQueue.java:169)
	at org.gradle.internal.Factories$1.create(Factories.java:31)
	at org.gradle.internal.work.DefaultWorkerLeaseService.withLocks(DefaultWorkerLeaseService.java:263)
	at org.gradle.internal.work.DefaultWorkerLeaseService.runAsWorkerThread(DefaultWorkerLeaseService.java:127)
	at org.gradle.internal.work.DefaultWorkerLeaseService.runAsWorkerThread(DefaultWorkerLeaseService.java:132)
	at org.gradle.internal.work.DefaultConditionalExecutionQueue$ExecutionRunner.runBatch(DefaultConditionalExecutionQueue.java:164)
	at org.gradle.internal.work.DefaultConditionalExecutionQueue$ExecutionRunner.run(DefaultConditionalExecutionQueue.java:133)
	... 2 more


BUILD FAILED in 1m 29s
34 actionable tasks: 7 executed, 27 up-to-date
