To honour the JVM settings for this build a single-use Daemon process will be forked. For more on this, please refer to https://docs.gradle.org/8.13/userguide/gradle_daemon.html#sec:disabling_the_daemon in the Gradle documentation.
Daemon will be stopped at the end of the build 
Configuration on demand is an incubating feature.
> Task :buildSrc:checkKotlinGradlePluginConfigurationErrors SKIPPED
> Task :buildSrc:compileKotlin UP-TO-DATE
> Task :buildSrc:compileJava NO-SOURCE
> Task :buildSrc:compileGroovy NO-SOURCE
> Task :buildSrc:pluginDescriptors UP-TO-DATE
> Task :buildSrc:processResources NO-SOURCE
> Task :buildSrc:classes UP-TO-DATE
> Task :buildSrc:jar UP-TO-DATE
The message received from the daemon indicates that the daemon has disappeared.
Build request sent: Build{id=981a5760-9975-4ad9-97ed-4330d523762a, currentDir=/workspace/CleverFerret}
Attempting to read last messages from the daemon log...
Daemon pid: 5329
  log file: /root/.gradle/daemon/8.13/daemon-5329.out.log
----- Last 20 lines from daemon log file - daemon-5329.out.log -----
2025-10-12T04:07:01.615+0000 [DEBUG] [org.gradle.launcher.daemon.server.DaemonStateCoordinator] Command execution: started DaemonCommandExecution[command = Build{id=981a5760-9975-4ad9-97ed-4330d523762a, currentDir=/workspace/CleverFerret}, connection = DefaultDaemonConnection: socket connection from /127.0.0.1:36205 to /127.0.0.1:58886] after 0.020233333333333332 minutes of idle
2025-10-12T04:07:01.616+0000 [INFO] [org.gradle.launcher.daemon.server.DaemonRegistryUpdater] Marking the daemon as busy, address: [bae423ad-74ac-4516-8bac-6773613eea6e port:36205, addresses:[localhost/127.0.0.1]]
2025-10-12T04:07:01.616+0000 [DEBUG] [org.gradle.launcher.daemon.registry.PersistentDaemonRegistry] Marking busy by address: [bae423ad-74ac-4516-8bac-6773613eea6e port:36205, addresses:[localhost/127.0.0.1]]
2025-10-12T04:07:01.616+0000 [DEBUG] [org.gradle.cache.internal.DefaultFileLockManager] Waiting to acquire exclusive lock on daemon addresses registry.
2025-10-12T04:07:01.617+0000 [DEBUG] [org.gradle.cache.internal.DefaultFileLockManager] Lock acquired on daemon addresses registry.
2025-10-12T04:07:01.618+0000 [DEBUG] [org.gradle.cache.internal.DefaultFileLockManager] Releasing lock on daemon addresses registry.
2025-10-12T04:07:01.618+0000 [DEBUG] [org.gradle.launcher.daemon.server.DaemonStateCoordinator] resetting idle timer
2025-10-12T04:07:01.618+0000 [DEBUG] [org.gradle.launcher.daemon.server.DaemonStateCoordinator] daemon is running. Sleeping until state changes.
2025-10-12T04:07:01.619+0000 [INFO] [org.gradle.launcher.daemon.server.exec.StartBuildOrRespondWithBusy] Daemon is about to start building Build{id=981a5760-9975-4ad9-97ed-4330d523762a, currentDir=/workspace/CleverFerret}. Dispatching build started information...
2025-10-12T04:07:01.619+0000 [DEBUG] [org.gradle.launcher.daemon.server.SynchronizedDispatchConnection] thread 40: dispatching org.gradle.launcher.daemon.protocol.BuildStarted@7a14f483
2025-10-12T04:07:01.621+0000 [DEBUG] [org.gradle.launcher.daemon.server.exec.EstablishBuildEnvironment] Configuring env variables: [TMUX_PANE, PATH, ANONYMIZED_TELEMETRY, PYTHON_SHA256, CHROME_PATH, CHROME_PERSISTENT_SESSION, CHROME_CDP, JAVA_HOME, TERM, GPG_KEY, LANG, DISPLAY, PYTHON_VERSION, CHROME_USER_DATA, CHROME_DEBUGGING_PORT, PWD, TERM_PROGRAM_VERSION, PLAYWRIGHT_BROWSERS_PATH, _, SHELL, TERM_PROGRAM, VNC_PASSWORD, RESOLUTION, GITHUB_TOKEN, DAYTONA_SANDBOX_ID, OLDPWD, DEFAULT_WORKSPACE, PYTHONUNBUFFERED, DAYTONA_SANDBOX_SNAPSHOT, DEBIAN_FRONTEND, HOSTNAME, CHROME_DEBUGGING_HOST, DAYTONA_SANDBOX_USER, RESOLUTION_HEIGHT, RESOLUTION_WIDTH, TMUX, HOME, SHLVL]
2025-10-12T04:07:01.624+0000 [DEBUG] [org.gradle.launcher.daemon.server.exec.LogToClient] About to start relaying all logs to the client via the connection.
2025-10-12T04:07:01.624+0000 [INFO] [org.gradle.launcher.daemon.server.exec.LogToClient] The client will now receive all logging from the daemon (pid: 5329). The daemon log file: /root/.gradle/daemon/8.13/daemon-5329.out.log
2025-10-12T04:07:01.625+0000 [DEBUG] [org.gradle.launcher.daemon.server.exec.RequestStopIfSingleUsedDaemon] Requesting daemon stop after processing Build{id=981a5760-9975-4ad9-97ed-4330d523762a, currentDir=/workspace/CleverFerret}
2025-10-12T04:07:01.625+0000 [LIFECYCLE] [org.gradle.launcher.daemon.server.DaemonStateCoordinator] Daemon will be stopped at the end of the build 
2025-10-12T04:07:01.625+0000 [DEBUG] [org.gradle.launcher.daemon.server.DaemonStateCoordinator] Stop as soon as idle requested. The daemon is busy
2025-10-12T04:07:01.626+0000 [DEBUG] [org.gradle.launcher.daemon.server.DaemonStateCoordinator] daemon stop has been requested. Sleeping until state changes.
2025-10-12T04:07:01.626+0000 [DEBUG] [org.gradle.launcher.daemon.server.exec.ExecuteBuild] The daemon has started executing the build.
2025-10-12T04:07:01.626+0000 [DEBUG] [org.gradle.launcher.daemon.server.exec.ExecuteBuild] Executing build with daemon context: DefaultDaemonContext[uid=aa5f5bde-7de6-460f-89f3-69dc2c54eccc,javaHome=/usr/lib/jvm/java-17-openjdk-amd64,javaVersion=17,javaVendor=Debian,daemonRegistryDir=/root/.gradle/daemon,pid=5329,idleTimeout=120000,priority=NORMAL,applyInstrumentationAgent=true,nativeServicesMode=ENABLED,daemonOpts=-XX:MaxMetaspaceSize=2g,-XX:+UseG1GC,-XX:+HeapDumpOnOutOfMemoryError,-Xmx6144m,-Dfile.encoding=UTF-8,-Duser.country,-Duser.language=en,-Duser.variant]
Configuration on demand is an incubating feature.----- End of the daemon log -----


FAILURE: Build failed with an exception.

* What went wrong:
Gradle build daemon disappeared unexpectedly (it may have been killed or may have crashed)

* Try:
> Run with --info or --debug option to get more log output.
> Run with --scan to get full insights.
> Get more help at https://help.gradle.org.

* Exception is:
org.gradle.launcher.daemon.client.DaemonDisappearedException: Gradle build daemon disappeared unexpectedly (it may have been killed or may have crashed)
	at org.gradle.launcher.daemon.client.DaemonClient.handleDaemonDisappearance(DaemonClient.java:283)
	at org.gradle.launcher.daemon.client.DaemonClient.monitorBuild(DaemonClient.java:256)
	at org.gradle.launcher.daemon.client.DaemonClient.executeBuild(DaemonClient.java:209)
	at org.gradle.launcher.daemon.client.SingleUseDaemonClient.execute(SingleUseDaemonClient.java:63)
	at org.gradle.launcher.daemon.client.SingleUseDaemonClient.execute(SingleUseDaemonClient.java:37)
	at org.gradle.launcher.cli.RunBuildAction.run(RunBuildAction.java:56)
	at org.gradle.internal.Actions$RunnableActionAdapter.execute(Actions.java:167)
	at org.gradle.launcher.cli.DefaultCommandLineActionFactory$ParseAndBuildAction.execute(DefaultCommandLineActionFactory.java:370)
	at org.gradle.launcher.cli.DefaultCommandLineActionFactory$ParseAndBuildAction.execute(DefaultCommandLineActionFactory.java:334)
	at org.gradle.launcher.cli.DebugLoggerWarningAction.execute(DebugLoggerWarningAction.java:74)
	at org.gradle.launcher.cli.DebugLoggerWarningAction.execute(DebugLoggerWarningAction.java:30)
	at org.gradle.launcher.cli.WelcomeMessageAction.execute(WelcomeMessageAction.java:97)
	at org.gradle.launcher.cli.WelcomeMessageAction.execute(WelcomeMessageAction.java:40)
	at org.gradle.launcher.cli.NativeServicesInitializingAction.execute(NativeServicesInitializingAction.java:50)
	at org.gradle.launcher.cli.NativeServicesInitializingAction.execute(NativeServicesInitializingAction.java:27)
	at org.gradle.launcher.cli.ExceptionReportingAction.execute(ExceptionReportingAction.java:41)
	at org.gradle.launcher.cli.ExceptionReportingAction.execute(ExceptionReportingAction.java:26)
	at org.gradle.launcher.cli.DefaultCommandLineActionFactory$WithLogging.execute(DefaultCommandLineActionFactory.java:482)
	at org.gradle.launcher.Main.doAction(Main.java:35)
	at org.gradle.launcher.bootstrap.EntryPoint.run(EntryPoint.java:52)
	at java.base/jdk.internal.reflect.NativeMethodAccessorImpl.invoke0(Native Method)
	at java.base/jdk.internal.reflect.NativeMethodAccessorImpl.invoke(NativeMethodAccessorImpl.java:77)
	at java.base/jdk.internal.reflect.DelegatingMethodAccessorImpl.invoke(DelegatingMethodAccessorImpl.java:43)
	at java.base/java.lang.reflect.Method.invoke(Method.java:569)
	at org.gradle.launcher.bootstrap.ProcessBootstrap.runNoExit(ProcessBootstrap.java:72)
	at org.gradle.launcher.bootstrap.ProcessBootstrap.run(ProcessBootstrap.java:39)
	at org.gradle.launcher.GradleMain.main(GradleMain.java:31)
	at java.base/jdk.internal.reflect.NativeMethodAccessorImpl.invoke0(Native Method)
	at java.base/jdk.internal.reflect.NativeMethodAccessorImpl.invoke(NativeMethodAccessorImpl.java:77)
	at java.base/jdk.internal.reflect.DelegatingMethodAccessorImpl.invoke(DelegatingMethodAccessorImpl.java:43)
	at java.base/java.lang.reflect.Method.invoke(Method.java:569)
	at org.gradle.wrapper.GradleWrapperMain.main(SourceFile:70)

