To honour the JVM settings for this build a single-use Daemon process will be forked. For more on this, please refer to https://docs.gradle.org/8.13/userguide/gradle_daemon.html#sec:disabling_the_daemon in the Gradle documentation.
Daemon will be stopped at the end of the build 
Configuration on demand is an incubating feature.
> Task :buildSrc:checkKotlinGradlePluginConfigurationErrors SKIPPED
> Task :buildSrc:compileKotlin UP-TO-DATE
> Task :buildSrc:compileJava NO-SOURCE
> Task :buildSrc:compileGroovy NO-SOURCE
> Task :buildSrc:pluginDescriptors UP-TO-DATE
> Task :buildSrc:processResources NO-SOURCE
> Task :buildSrc:classes UP-TO-DATE
> Task :buildSrc:jar UP-TO-DATE
> Task :CleverFerret:checkKotlinGradlePluginConfigurationErrors SKIPPED
> Task :CleverFerret:preBuild UP-TO-DATE
> Task :CleverFerret:preDebugBuild UP-TO-DATE
> Task :CleverFerret:checkDebugAarMetadata UP-TO-DATE
> Task :CleverFerret:processDebugNavigationResources UP-TO-DATE
> Task :CleverFerret:compileDebugNavigationResources UP-TO-DATE
> Task :CleverFerret:generateDebugResValues UP-TO-DATE
> Task :CleverFerret:mapDebugSourceSetPaths UP-TO-DATE
> Task :CleverFerret:generateDebugResources UP-TO-DATE
> Task :CleverFerret:mergeDebugResources UP-TO-DATE
> Task :CleverFerret:packageDebugResources UP-TO-DATE
> Task :CleverFerret:parseDebugLocalResources UP-TO-DATE
> Task :CleverFerret:createDebugCompatibleScreenManifests UP-TO-DATE
> Task :CleverFerret:extractDeepLinksDebug UP-TO-DATE
> Task :CleverFerret:processDebugMainManifest UP-TO-DATE
> Task :CleverFerret:processDebugManifest UP-TO-DATE
> Task :CleverFerret:processDebugManifestForPackage UP-TO-DATE
> Task :CleverFerret:processDebugResources UP-TO-DATE
> Task :CleverFerret:kspDebugKotlin UP-TO-DATE
> Task :CleverFerret:compileDebugKotlin
e: file:///workspace/CleverFerret/src/main/java/com/universalmedialibrary/data/local/entity/BookDetails.kt:18:43 Unresolved reference 'lastAccessedDate'.
e: file:///workspace/CleverFerret/src/main/java/com/universalmedialibrary/data/local/entity/BookDetails.kt:19:44 Unresolved reference 'duration'.
e: file:///workspace/CleverFerret/src/main/java/com/universalmedialibrary/data/local/entity/BookDetails.kt:20:44 Unresolved reference 'playbackPosition'.
e: file:///workspace/CleverFerret/src/main/java/com/universalmedialibrary/di/PlexModule.kt:99:41 No value passed for parameter 'authApi'.
e: file:///workspace/CleverFerret/src/main/java/com/universalmedialibrary/di/ServicesModule.kt:37:77 No value passed for parameter 'storyRepository'.
e: file:///workspace/CleverFerret/src/main/java/com/universalmedialibrary/services/integration/plex/PlexIntegrationService.kt:84:9 Suspend function 'suspend fun disconnectAllServers(): Unit' should be called only from a coroutine or another suspend function.
e: file:///workspace/CleverFerret/src/main/java/com/universalmedialibrary/services/notification/UniversalMediaNotificationManager.kt:216:59 Unresolved reference 'RADIO'.
e: file:///workspace/CleverFerret/src/main/java/com/universalmedialibrary/services/plex/PlexAuthService.kt:57:17 No parameter with name 'strong' found.
e: file:///workspace/CleverFerret/src/main/java/com/universalmedialibrary/services/plex/PlexAuthService.kt:140:59 Too many arguments for 'suspend fun getUserInfo(token: String): Response<PlexUserResponse>'.
e: file:///workspace/CleverFerret/src/main/java/com/universalmedialibrary/services/plex/PlexSyncService.kt:403:30 Unresolved reference 'getAllActiveServers'.
e: file:///workspace/CleverFerret/src/main/java/com/universalmedialibrary/services/podcast/AdvancedPodcastPlayerService.kt:100:55 Operator '==' cannot be applied to 'kotlin.Long' and 'kotlin.String'.
e: file:///workspace/CleverFerret/src/main/java/com/universalmedialibrary/ui/bookshelf/BookshelfScreen.kt:186:33 Argument type mismatch: actual type is 'kotlin.Any', but 'kotlin.collections.List<com.universalmedialibrary.data.local.entity.BookDetails>' was expected.
e: file:///workspace/CleverFerret/src/main/java/com/universalmedialibrary/ui/bookshelf/BookshelfScreen.kt:197:33 Argument type mismatch: actual type is 'kotlin.Any', but 'kotlin.collections.List<com.universalmedialibrary.data.local.entity.BookDetails>' was expected.
e: file:///workspace/CleverFerret/src/main/java/com/universalmedialibrary/ui/bookshelf/BookshelfScreen.kt:208:33 Argument type mismatch: actual type is 'kotlin.Any', but 'kotlin.collections.List<com.universalmedialibrary.data.local.entity.BookDetails>' was expected.
e: file:///workspace/CleverFerret/src/main/java/com/universalmedialibrary/ui/bookshelf/BookshelfViewModel.kt:84:9 'when' expression must be exhaustive. Add the 'TITLE_ASC', 'TITLE_DESC', 'AUTHOR_ASC', 'AUTHOR_DESC', 'DATE_ADDED_NEW', 'DATE_ADDED_OLD', 'RATING_HIGH', ... branches or an 'else' branch.
e: file:///workspace/CleverFerret/src/main/java/com/universalmedialibrary/ui/bookshelf/BookshelfViewModel.kt:94:24 Cannot infer type for this parameter. Please specify it explicitly.
e: file:///workspace/CleverFerret/src/main/java/com/universalmedialibrary/ui/bookshelf/BookshelfViewModel.kt:94:24 Not enough information to infer type argument for 'T'.
e: file:///workspace/CleverFerret/src/main/java/com/universalmedialibrary/ui/bookshelf/EnhancedBookshelfScreen.kt:181:40 'when' expression must be exhaustive. Add the 'COVER_FLOW' branch or an 'else' branch.
e: file:///workspace/CleverFerret/src/main/java/com/universalmedialibrary/ui/bookshelf/EnhancedBookshelfScreen.kt:189:33 'when' expression must be exhaustive. Add the 'COVER_FLOW' branch or an 'else' branch.
e: file:///workspace/CleverFerret/src/main/java/com/universalmedialibrary/ui/bookshelf/EnhancedBookshelfScreen.kt:321:13 'when' expression must be exhaustive. Add the 'COVER_FLOW' branch or an 'else' branch.
e: file:///workspace/CleverFerret/src/main/java/com/universalmedialibrary/ui/bookshelf/EnhancedBookshelfScreen.kt:349:53 Unresolved reference 'animateItemPlacement'.
e: file:///workspace/CleverFerret/src/main/java/com/universalmedialibrary/ui/bookshelf/EnhancedBookshelfScreen.kt:380:53 Unresolved reference 'animateItemPlacement'.
e: file:///workspace/CleverFerret/src/main/java/com/universalmedialibrary/ui/bookshelf/EnhancedBookshelfScreen.kt:836:60 'when' expression must be exhaustive. Add the 'RATING_HIGH', 'RATING_LOW' branches or an 'else' branch.
e: file:///workspace/CleverFerret/src/main/java/com/universalmedialibrary/ui/collections/CollectionsScreen.kt:110:17 This material API is experimental and is likely to change or to be removed in the future.
e: file:///workspace/CleverFerret/src/main/java/com/universalmedialibrary/ui/details/BookDetailsViewModel.kt:30:87 Argument type mismatch: actual type is 'com.universalmedialibrary.data.local.entity.MediaItem', but 'com.universalmedialibrary.data.local.entity.BookDetails?' was expected.
e: file:///workspace/CleverFerret/src/main/java/com/universalmedialibrary/ui/details/BookDetailsViewModel.kt:39:82 Unresolved reference 'model'.
e: file:///workspace/CleverFerret/src/main/java/com/universalmedialibrary/ui/details/LibraryDetailsViewModel.kt:22:53 Type mismatch: inferred type is 'kotlin.collections.List<com.universalmedialibrary.data.local.entity.MediaItem>', but 'kotlin.collections.List<com.universalmedialibrary.data.local.entity.BookDetails>' was expected.
e: file:///workspace/CleverFerret/src/main/java/com/universalmedialibrary/ui/home/ContinueReadingSection.kt:30:21 Unresolved reference 'viewModelScope'.
e: file:///workspace/CleverFerret/src/main/java/com/universalmedialibrary/ui/library/LibraryListViewModel.kt:144:48 Operator call is prohibited on a nullable receiver of type 'kotlin.Long?'. Use '?.'-qualified call instead.
e: file:///workspace/CleverFerret/src/main/java/com/universalmedialibrary/ui/library/LibraryListViewModel.kt:145:32 Argument type mismatch: actual type is 'kotlin.Long?', but 'kotlin.Long' was expected.
e: file:///workspace/CleverFerret/src/main/java/com/universalmedialibrary/ui/metadata/EnhancedMetadataEditor.kt:418:77 Unresolved reference 'name'.
e: file:///workspace/CleverFerret/src/main/java/com/universalmedialibrary/ui/metadata/MetadataEditorScreen.kt:362:29 Unresolved reference 'Icons'.
e: file:///workspace/CleverFerret/src/main/java/com/universalmedialibrary/ui/metadata/MetadataEditorViewModel.kt:162:68 No value passed for parameter 'mediaType'.
e: file:///workspace/CleverFerret/src/main/java/com/universalmedialibrary/ui/player/QueueScreen.kt:22:25 This material API is experimental and is likely to change or to be removed in the future.
e: file:///workspace/CleverFerret/src/main/java/com/universalmedialibrary/ui/player/UniversalVideoPlayerScreen.kt:133:54 Unresolved reference 'switchToAlternativePlayer'.
e: file:///workspace/CleverFerret/src/main/java/com/universalmedialibrary/ui/player/UniversalVideoPlayerViewModel.kt:130:50 Argument type mismatch: actual type is 'kotlin.Array<T>', but 'kotlin.Array<java.lang.Class<*>>' was expected.
e: file:///workspace/CleverFerret/src/main/java/com/universalmedialibrary/ui/player/UniversalVideoPlayerViewModel.kt:173:69 Argument type mismatch: actual type is 'kotlin.Array<T>', but 'kotlin.Array<java.lang.Class<*>>' was expected.
e: file:///workspace/CleverFerret/src/main/java/com/universalmedialibrary/ui/player/UniversalVideoPlayerViewModel.kt:181:71 Argument type mismatch: actual type is 'kotlin.Array<T>', but 'kotlin.Array<java.lang.Class<*>>' was expected.
e: file:///workspace/CleverFerret/src/main/java/com/universalmedialibrary/ui/player/UniversalVideoPlayerViewModel.kt:190:69 Argument type mismatch: actual type is 'kotlin.Array<T>', but 'kotlin.Array<java.lang.Class<*>>' was expected.
e: file:///workspace/CleverFerret/src/main/java/com/universalmedialibrary/ui/player/UniversalVideoPlayerViewModel.kt:207:75 Argument type mismatch: actual type is 'kotlin.Array<T>', but 'kotlin.Array<java.lang.Class<*>>' was expected.
e: file:///workspace/CleverFerret/src/main/java/com/universalmedialibrary/ui/podcast/PodcastManagerScreen.kt:353:28 Argument type mismatch: actual type is 'kotlin.String?', but 'kotlin.String' was expected.
e: file:///workspace/CleverFerret/src/main/java/com/universalmedialibrary/ui/podcast/PodcastManagerScreen.kt:388:28 Argument type mismatch: actual type is 'kotlin.String?', but 'kotlin.String' was expected.
e: file:///workspace/CleverFerret/src/main/java/com/universalmedialibrary/ui/podcast/PodcastManagerScreen.kt:621:48 Argument type mismatch: actual type is 'kotlin.String?', but 'kotlin.String' was expected.
e: file:///workspace/CleverFerret/src/main/java/com/universalmedialibrary/ui/podcast/PodcastPlayerViewModel.kt:99:30 Unresolved reference 'pause'.
e: file:///workspace/CleverFerret/src/main/java/com/universalmedialibrary/ui/radio/RadioViewModel.kt:57:33 Unresolved reference 'stop'.
e: file:///workspace/CleverFerret/src/main/java/com/universalmedialibrary/ui/radio/RadioViewModel.kt:78:25 Unresolved reference 'stop'.
e: file:///workspace/CleverFerret/src/main/java/com/universalmedialibrary/ui/reader/AdvancedDocumentReaderViewModel.kt:517:9 No value passed for parameter 'averageReadingSpeed'.
e: file:///workspace/CleverFerret/src/main/java/com/universalmedialibrary/ui/reader/DictionaryTranslation.kt:579:13 This material API is experimental and is likely to change or to be removed in the future.
e: file:///workspace/CleverFerret/src/main/java/com/universalmedialibrary/ui/reader/PageTurnAnimations.kt:75:13 This material API is experimental and is likely to change or to be removed in the future.
e: file:///workspace/CleverFerret/src/main/java/com/universalmedialibrary/ui/series/SeriesDetailScreen.kt:54:13 This material API is experimental and is likely to change or to be removed in the future.
e: file:///workspace/CleverFerret/src/main/java/com/universalmedialibrary/ui/settings/FeatureFlagsSettings.kt:236:63 Unresolved reference 'Podcast'.
e: file:///workspace/CleverFerret/src/main/java/com/universalmedialibrary/ui/settings/OpdsSettingsScreen.kt:39:13 This material API is experimental and is likely to change or to be removed in the future.
e: file:///workspace/CleverFerret/src/main/java/com/universalmedialibrary/ui/settings/PlaylistSettingsScreen.kt:13:22 Unresolved reference 'android'.
e: file:///workspace/CleverFerret/src/main/java/com/universalmedialibrary/ui/settings/PlaylistSettingsScreen.kt:23:17 Cannot infer type for this parameter. Please specify it explicitly.
e: file:///workspace/CleverFerret/src/main/java/com/universalmedialibrary/ui/settings/PlaylistSettingsScreen.kt:24:9 Unresolved reference 'EntryPointAccessors'.
e: file:///workspace/CleverFerret/src/main/java/com/universalmedialibrary/ui/settings/PlaylistSettingsScreen.kt:30:28 Unresolved reference 'exportQueueAsM3U'.
e: file:///workspace/CleverFerret/src/main/java/com/universalmedialibrary/ui/settings/PlaylistSettingsScreen.kt:37:28 Unresolved reference 'importM3UToQueue'.
e: file:///workspace/CleverFerret/src/main/java/com/universalmedialibrary/ui/settings/SettingsScreen.kt:129:45 None of the following candidates is applicable:
fun Modifier.padding(start: Dp = ..., top: Dp = ..., end: Dp = ..., bottom: Dp = ...): Modifier
fun Modifier.padding(horizontal: Dp = ..., vertical: Dp = ...): Modifier
fun Modifier.padding(all: Dp): Modifier
fun Modifier.padding(paddingValues: PaddingValues): Modifier
e: file:///workspace/CleverFerret/src/main/java/com/universalmedialibrary/ui/settings/SettingsScreen.kt:200:45 None of the following candidates is applicable:
fun Modifier.padding(start: Dp = ..., top: Dp = ..., end: Dp = ..., bottom: Dp = ...): Modifier
fun Modifier.padding(horizontal: Dp = ..., vertical: Dp = ...): Modifier
fun Modifier.padding(all: Dp): Modifier
fun Modifier.padding(paddingValues: PaddingValues): Modifier
e: file:///workspace/CleverFerret/src/main/java/com/universalmedialibrary/ui/settings/SettingsScreen.kt:239:45 None of the following candidates is applicable:
fun Modifier.padding(start: Dp = ..., top: Dp = ..., end: Dp = ..., bottom: Dp = ...): Modifier
fun Modifier.padding(horizontal: Dp = ..., vertical: Dp = ...): Modifier
fun Modifier.padding(all: Dp): Modifier
fun Modifier.padding(paddingValues: PaddingValues): Modifier
e: file:///workspace/CleverFerret/src/main/java/com/universalmedialibrary/ui/theme/CleverFerretTheme.kt:88:61 Argument type mismatch: actual type is 'kotlin.collections.List<androidx.compose.ui.graphics.Color>', but 'com.universalmedialibrary.ui.theme.MetallicGradient' was expected.
e: file:///workspace/CleverFerret/src/main/java/com/universalmedialibrary/ui/theme/MetallicComponents.kt:59:54 Unresolved reference 'sp'.

> Task :CleverFerret:compileDebugKotlin FAILED

FAILURE: Build failed with an exception.

* What went wrong:
Execution failed for task ':CleverFerret:compileDebugKotlin'.
> A failure occurred while executing org.jetbrains.kotlin.compilerRunner.GradleCompilerRunnerWithWorkers$GradleKotlinCompilerWorkAction
   > Compilation error. See log for more details

* Try:
> Run with --stacktrace option to get the stack trace.
> Run with --info or --debug option to get more log output.
> Run with --scan to get full insights.
> Get more help at https://help.gradle.org.

BUILD FAILED in 2m 40s
20 actionable tasks: 1 executed, 19 up-to-date
