To honour the JVM settings for this build a single-use Daemon process will be forked. For more on this, please refer to https://docs.gradle.org/8.13/userguide/gradle_daemon.html#sec:disabling_the_daemon in the Gradle documentation.
Daemon will be stopped at the end of the build 
Configuration on demand is an incubating feature.
> Task :buildSrc:checkKotlinGradlePluginConfigurationErrors SKIPPED
> Task :buildSrc:pluginDescriptors
> Task :buildSrc:processResources NO-SOURCE

> Task :buildSrc:compileKotlin
e: The daemon has terminated unexpectedly on startup attempt #1 with error code: 0. The daemon process output:
    1. Kotlin compile daemon is ready

The message received from the daemon indicates that the daemon has disappeared.
Build request sent: Build{id=0690024c-1fae-453c-987c-8f50f7090c61, currentDir=/workspace/CleverFerret}
Attempting to read last messages from the daemon log...
Daemon pid: 1851
  log file: /root/.gradle/daemon/8.13/daemon-1851.out.log
----- Last 20 lines from daemon log file - daemon-1851.out.log -----
2025-10-12T03:54:57.341+0000 [DEBUG] [org.gradle.launcher.daemon.registry.PersistentDaemonRegistry] Marking busy by address: [9cd62833-1846-4bb5-8380-810328c8e3bf port:44551, addresses:[localhost/127.0.0.1]]
2025-10-12T03:54:57.342+0000 [DEBUG] [org.gradle.cache.internal.DefaultFileLockManager] Waiting to acquire exclusive lock on daemon addresses registry.
2025-10-12T03:54:57.343+0000 [DEBUG] [org.gradle.cache.internal.DefaultFileLockManager] Lock acquired on daemon addresses registry.
2025-10-12T03:54:57.345+0000 [DEBUG] [org.gradle.cache.internal.DefaultFileLockManager] Releasing lock on daemon addresses registry.
2025-10-12T03:54:57.346+0000 [DEBUG] [org.gradle.launcher.daemon.server.DaemonStateCoordinator] resetting idle timer
2025-10-12T03:54:57.346+0000 [DEBUG] [org.gradle.launcher.daemon.server.DaemonStateCoordinator] daemon is running. Sleeping until state changes.
2025-10-12T03:54:57.348+0000 [INFO] [org.gradle.launcher.daemon.server.exec.StartBuildOrRespondWithBusy] Daemon is about to start building Build{id=0690024c-1fae-453c-987c-8f50f7090c61, currentDir=/workspace/CleverFerret}. Dispatching build started information...
2025-10-12T03:54:57.348+0000 [DEBUG] [org.gradle.launcher.daemon.server.SynchronizedDispatchConnection] thread 40: dispatching org.gradle.launcher.daemon.protocol.BuildStarted@76d715b1
2025-10-12T03:54:57.349+0000 [DEBUG] [org.gradle.launcher.daemon.server.exec.EstablishBuildEnvironment] Configuring env variables: [PATH, ANONYMIZED_TELEMETRY, PYTHON_SHA256, CHROME_PATH, CHROME_PERSISTENT_SESSION, CHROME_CDP, JAVA_HOME, TERM, GPG_KEY, LANG, DISPLAY, PYTHON_VERSION, CHROME_USER_DATA, CHROME_DEBUGGING_PORT, PWD, PLAYWRIGHT_BROWSERS_PATH, _, VNC_PASSWORD, RESOLUTION, GITHUB_TOKEN, DAYTONA_SANDBOX_ID, OLDPWD, DEFAULT_WORKSPACE, PYTHONUNBUFFERED, DAYTONA_SANDBOX_SNAPSHOT, DEBIAN_FRONTEND, HOSTNAME, CHROME_DEBUGGING_HOST, DAYTONA_SANDBOX_USER, RESOLUTION_HEIGHT, RESOLUTION_WIDTH, HOME, SHLVL]
2025-10-12T03:54:57.352+0000 [DEBUG] [org.gradle.launcher.daemon.server.exec.LogToClient] About to start relaying all logs to the client via the connection.
2025-10-12T03:54:57.352+0000 [INFO] [org.gradle.launcher.daemon.server.exec.LogToClient] The client will now receive all logging from the daemon (pid: 1851). The daemon log file: /root/.gradle/daemon/8.13/daemon-1851.out.log
2025-10-12T03:54:57.353+0000 [DEBUG] [org.gradle.launcher.daemon.server.exec.RequestStopIfSingleUsedDaemon] Requesting daemon stop after processing Build{id=0690024c-1fae-453c-987c-8f50f7090c61, currentDir=/workspace/CleverFerret}
2025-10-12T03:54:57.353+0000 [LIFECYCLE] [org.gradle.launcher.daemon.server.DaemonStateCoordinator] Daemon will be stopped at the end of the build 
2025-10-12T03:54:57.353+0000 [DEBUG] [org.gradle.launcher.daemon.server.DaemonStateCoordinator] Stop as soon as idle requested. The daemon is busy
2025-10-12T03:54:57.354+0000 [DEBUG] [org.gradle.launcher.daemon.server.DaemonStateCoordinator] daemon stop has been requested. Sleeping until state changes.
2025-10-12T03:54:57.354+0000 [DEBUG] [org.gradle.launcher.daemon.server.exec.ExecuteBuild] The daemon has started executing the build.
2025-10-12T03:54:57.355+0000 [DEBUG] [org.gradle.launcher.daemon.server.exec.ExecuteBuild] Executing build with daemon context: DefaultDaemonContext[uid=4ab21d16-0edd-473a-a37f-8b5812f86e2d,javaHome=/usr/lib/jvm/java-17-openjdk-amd64,javaVersion=17,javaVendor=Debian,daemonRegistryDir=/root/.gradle/daemon,pid=1851,idleTimeout=120000,priority=NORMAL,applyInstrumentationAgent=true,nativeServicesMode=ENABLED,daemonOpts=-XX:MaxMetaspaceSize=2g,-XX:+UseG1GC,-XX:+HeapDumpOnOutOfMemoryError,-Xmx6144m,-Dfile.encoding=UTF-8,-Duser.country,-Duser.language=en,-Duser.variant]
Configuration on demand is an incubating feature.
e: The daemon has terminated unexpectedly on startup attempt #1 with error code: 0. The daemon process output:
    1. Kotlin compile daemon is ready----- End of the daemon log -----


FAILURE: Build failed with an exception.

* What went wrong:
Gradle build daemon disappeared unexpectedly (it may have been killed or may have crashed)

* Try:
> Run with --info or --debug option to get more log output.
> Run with --scan to get full insights.
> Get more help at https://help.gradle.org.

* Exception is:
org.gradle.launcher.daemon.client.DaemonDisappearedException: Gradle build daemon disappeared unexpectedly (it may have been killed or may have crashed)
	at org.gradle.launcher.daemon.client.DaemonClient.handleDaemonDisappearance(DaemonClient.java:283)
	at org.gradle.launcher.daemon.client.DaemonClient.monitorBuild(DaemonClient.java:256)
	at org.gradle.launcher.daemon.client.DaemonClient.executeBuild(DaemonClient.java:209)
	at org.gradle.launcher.daemon.client.SingleUseDaemonClient.execute(SingleUseDaemonClient.java:63)
	at org.gradle.launcher.daemon.client.SingleUseDaemonClient.execute(SingleUseDaemonClient.java:37)
	at org.gradle.launcher.cli.RunBuildAction.run(RunBuildAction.java:56)
	at org.gradle.internal.Actions$RunnableActionAdapter.execute(Actions.java:167)
	at org.gradle.launcher.cli.DefaultCommandLineActionFactory$ParseAndBuildAction.execute(DefaultCommandLineActionFactory.java:370)
	at org.gradle.launcher.cli.DefaultCommandLineActionFactory$ParseAndBuildAction.execute(DefaultCommandLineActionFactory.java:334)
	at org.gradle.launcher.cli.DebugLoggerWarningAction.execute(DebugLoggerWarningAction.java:74)
	at org.gradle.launcher.cli.DebugLoggerWarningAction.execute(DebugLoggerWarningAction.java:30)
	at org.gradle.launcher.cli.WelcomeMessageAction.execute(WelcomeMessageAction.java:97)
	at org.gradle.launcher.cli.WelcomeMessageAction.execute(WelcomeMessageAction.java:40)
	at org.gradle.launcher.cli.NativeServicesInitializingAction.execute(NativeServicesInitializingAction.java:50)
	at org.gradle.launcher.cli.NativeServicesInitializingAction.execute(NativeServicesInitializingAction.java:27)
	at org.gradle.launcher.cli.ExceptionReportingAction.execute(ExceptionReportingAction.java:41)
	at org.gradle.launcher.cli.ExceptionReportingAction.execute(ExceptionReportingAction.java:26)
	at org.gradle.launcher.cli.DefaultCommandLineActionFactory$WithLogging.execute(DefaultCommandLineActionFactory.java:482)
	at org.gradle.launcher.Main.doAction(Main.java:35)
	at org.gradle.launcher.bootstrap.EntryPoint.run(EntryPoint.java:52)
	at java.base/jdk.internal.reflect.NativeMethodAccessorImpl.invoke0(Native Method)
	at java.base/jdk.internal.reflect.NativeMethodAccessorImpl.invoke(NativeMethodAccessorImpl.java:77)
	at java.base/jdk.internal.reflect.DelegatingMethodAccessorImpl.invoke(DelegatingMethodAccessorImpl.java:43)
	at java.base/java.lang.reflect.Method.invoke(Method.java:569)
	at org.gradle.launcher.bootstrap.ProcessBootstrap.runNoExit(ProcessBootstrap.java:72)
	at org.gradle.launcher.bootstrap.ProcessBootstrap.run(ProcessBootstrap.java:39)
	at org.gradle.launcher.GradleMain.main(GradleMain.java:31)
	at java.base/jdk.internal.reflect.NativeMethodAccessorImpl.invoke0(Native Method)
	at java.base/jdk.internal.reflect.NativeMethodAccessorImpl.invoke(NativeMethodAccessorImpl.java:77)
	at java.base/jdk.internal.reflect.DelegatingMethodAccessorImpl.invoke(DelegatingMethodAccessorImpl.java:43)
	at java.base/java.lang.reflect.Method.invoke(Method.java:569)
	at org.gradle.wrapper.GradleWrapperMain.main(SourceFile:70)

